[33m>[39m Building...
[32mÔêÜ[39m Building...
Application bundle generation failed. [17.066 seconds] - 2026-07-16T20:50:34.695Z

node.exe : [1m[33m[33mÔû▓ [43;33m[[43;30mWARNING[43;33m][0m [1mNG8113: All imports are unused[0m [1m[35m[plugin 
angular-compiler][0m
En línea: 1 Carácter: 1
+ & "C:\Program Files\nodejs/node.exe" "C:\Users\wilson.velandia\AppDat ...
+ ~~~~~~~~~~~~~~~~~~~~~~~~~~~~~~~~~~~~~~~~~~~~~~~~~~~~~~~~~~~~~~~~~~~~~
    + CategoryInfo          : NotSpecified: ([1m[33m[33mÔ...r-compiler][0m:String) [], RemoteException
    + FullyQualifiedErrorId : NativeCommandError
 

    src/app/features/referee/referee-select/referee-select.ts:13:2:
[37m      13 Ôöé   [32mimports[37m: [DatePipe],
         ÔòÁ   [32m~~~~~~~[0m


[33mÔû▓ [43;33m[[43;30mWARNING[43;33m][0m [1mNG8113: StandingsTable is not used within the template of TournamentDetail[0m 
[1m[35m[plugin angular-compiler][0m

    src/app/features/tournaments/tournament-detail/tournament-detail.ts:40:4:
[37m      40 Ôöé     [32mStandingsTable[37m, TournamentStats, MatchHistory, GroupDraw, Fixt...
         ÔòÁ     [32m~~~~~~~~~~~~~~[0m


[33mÔû▓ [43;33m[[43;30mWARNING[43;33m][0m [1mNG8113: MatchHistory is not used within the template of TournamentDetail[0m 
[1m[35m[plugin angular-compiler][0m

    src/app/features/tournaments/tournament-detail/tournament-detail.ts:40:37:
[37m      40 Ôöé ...gsTable, TournamentStats, [32mMatchHistory[37m, GroupDraw, FixtureMatch...
         ÔòÁ                              [32m~~~~~~~~~~~~[0m


[33mÔû▓ [43;33m[[43;30mWARNING[43;33m][0m [1mNG8102: The left side of this nullish coalescing operation does not include 'null' or 
'undefined' in its type, therefore the '??' operator can be safely removed.[0m [1m[35m[plugin angular-compiler][0m

    src/app/features/tournaments/tournament-venues/tournament-venues.html:55:48:
[37m      55 Ôöé ...an class="dialog__item-sub">{{ [32mv.city ?? v.address ?? ''[37m }}</span>
         ÔòÁ                                   [32m~~~~~~~~~~~~~~~~~~~~~~~~~[0m

  Warning occurs in the template of component TournamentVenues.

    src/app/features/tournaments/tournament-venues/tournament-venues.ts:16:15:
[37m      16 Ôöé   templateUrl: [32m'./tournament-venues.html'[37m,
         ÔòÁ                [32m~~~~~~~~~~~~~~~~~~~~~~~~~~[0m


[33mÔû▓ [43;33m[[43;30mWARNING[43;33m][0m [1mNG8102: The left side of this nullish coalescing operation does not include 'null' or 
'undefined' in its type, therefore the '??' operator can be safely removed.[0m [1m[35m[plugin angular-compiler][0m

    src/app/features/tournaments/tournament-venues/tournament-venues.html:55:48:
[37m      55 Ôöé ...an class="dialog__item-sub">{{ [32mv.city ?? v.address[37m ?? '' }}</span>
         ÔòÁ                                   [32m~~~~~~~~~~~~~~~~~~~[0m

  Warning occurs in the template of component TournamentVenues.

    src/app/features/tournaments/tournament-venues/tournament-venues.ts:16:15:
[37m      16 Ôöé   templateUrl: [32m'./tournament-venues.html'[37m,
         ÔòÁ                [32m~~~~~~~~~~~~~~~~~~~~~~~~~~[0m


[33mÔû▓ [43;33m[[43;30mWARNING[43;33m][0m [1mNG8102: The left side of this nullish coalescing operation does not include 'null' or 
'undefined' in its type, therefore the '??' operator can be safely removed.[0m [1m[35m[plugin angular-compiler][0m

    src/app/shared/components/csv-import-dialog/csv-import-dialog.html:60:69:
[37m      60 Ôöé ...ey of previewHeaders; track key) { <td>{{ [32mrow[key] ?? ''[37m }}</td> }
         ÔòÁ                                              [32m~~~~~~~~~~~~~~[0m

  Warning occurs in the template of component CsvImportDialog.

    src/app/shared/components/csv-import-dialog/csv-import-dialog.ts:10:15:
[37m      10 Ôöé   templateUrl: [32m'./csv-import-dialog.html'[37m,
         ÔòÁ                [32m~~~~~~~~~~~~~~~~~~~~~~~~~~[0m

[39m[22m
[1m[31m[31mX [41;31m[[41;97mERROR[41;31m][0m [1mTS2339: Property 'goBack' does not exist on type 'RefereePanel'.[0m 
[1m[35m[plugin angular-compiler][0m

    src/app/features/referee/referee-panel/referee-panel.html:8:62:
[37m      8 Ôöé ..." class="btn btn--secondary" (click)="[32mgoBack[37m()">ÔåÉ Volver</button>
        ÔòÁ                                          [32m~~~~~~[0m

  Error occurs in the template of component RefereePanel.

    src/app/features/referee/referee-panel/referee-panel.ts:31:15:
[37m      31 Ôöé   templateUrl: [32m'./referee-panel.html'[37m,
         ÔòÁ                [32m~~~~~~~~~~~~~~~~~~~~~~[0m


[31mX [41;31m[[41;97mERROR[41;31m][0m [1mTS2339: Property 'goBack' does not exist on type 'RefereePanel'.[0m [1m[35m[plugin 
angular-compiler][0m

    src/app/features/referee/referee-panel/referee-panel.html:14:69:
[37m      14 Ôöé ...="referee-panel__back-btn" (click)="[32mgoBack[37m()" aria-label="Volver">
         ÔòÁ                                        [32m~~~~~~[0m

  Error occurs in the template of component RefereePanel.

    src/app/features/referee/referee-panel/referee-panel.ts:31:15:
[37m      31 Ôöé   templateUrl: [32m'./referee-panel.html'[37m,
         ÔòÁ                [32m~~~~~~~~~~~~~~~~~~~~~~[0m


[31mX [41;31m[[41;97mERROR[41;31m][0m [1mTS2339: Property 'onTimerPaused' does not exist on type 'RefereePanel'.[0m 
[1m[35m[plugin angular-compiler][0m

    src/app/features/referee/referee-panel/referee-panel.html:30:18:
[37m      30 Ôöé         (paused)="[32monTimerPaused[37m($event)"
         ÔòÁ                   [32m~~~~~~~~~~~~~[0m

  Error occurs in the template of component RefereePanel.

    src/app/features/referee/referee-panel/referee-panel.ts:31:15:
[37m      31 Ôöé   templateUrl: [32m'./referee-panel.html'[37m,
         ÔòÁ                [32m~~~~~~~~~~~~~~~~~~~~~~[0m


[31mX [41;31m[[41;97mERROR[41;31m][0m [1mTS2339: Property 'onTimerFinished' does not exist on type 'RefereePanel'.[0m 
[1m[35m[plugin angular-compiler][0m

    src/app/features/referee/referee-panel/referee-panel.html:31:20:
[37m      31 Ôöé         (finished)="[32monTimerFinished[37m()"
         ÔòÁ                     [32m~~~~~~~~~~~~~~~[0m

  Error occurs in the template of component RefereePanel.

    src/app/features/referee/referee-panel/referee-panel.ts:31:15:
[37m      31 Ôöé   templateUrl: [32m'./referee-panel.html'[37m,
         ÔòÁ                [32m~~~~~~~~~~~~~~~~~~~~~~[0m


[31mX [41;31m[[41;97mERROR[41;31m][0m [1mTS2339: Property 'toggleTimerMode' does not exist on type 'RefereePanel'.[0m 
[1m[35m[plugin angular-compiler][0m

    src/app/features/referee/referee-panel/referee-panel.html:36:17:
[37m      36 Ôöé         (click)="[32mtoggleTimerMode[37m()"
         ÔòÁ                  [32m~~~~~~~~~~~~~~~[0m

  Error occurs in the template of component RefereePanel.

    src/app/features/referee/referee-panel/referee-panel.ts:31:15:
[37m      31 Ôöé   templateUrl: [32m'./referee-panel.html'[37m,
         ÔòÁ                [32m~~~~~~~~~~~~~~~~~~~~~~[0m


[31mX [41;31m[[41;97mERROR[41;31m][0m [1mTS2339: Property 'openSetup' does not exist on type 'RefereePanel'.[0m [1m[35m[plugin 
angular-compiler][0m

    src/app/features/referee/referee-panel/referee-panel.html:48:76:
[37m      48 Ôöé ..."button" class="btn btn--secondary btn--lg" (click)="[32mopenSetup[37m()">
         ÔòÁ                                                         [32m~~~~~~~~~[0m

  Error occurs in the template of component RefereePanel.

    src/app/features/referee/referee-panel/referee-panel.ts:31:15:
[37m      31 Ôöé   templateUrl: [32m'./referee-panel.html'[37m,
         ÔòÁ                [32m~~~~~~~~~~~~~~~~~~~~~~[0m


[31mX [41;31m[[41;97mERROR[41;31m][0m [1mTS2339: Property 'onStartMatch' does not exist on type 'RefereePanel'.[0m 
[1m[35m[plugin angular-compiler][0m

    src/app/features/referee/referee-panel/referee-panel.html:51:74:
[37m      51 Ôöé ...button" class="btn btn--primary btn--lg" (click)="[32monStartMatch[37m()">
         ÔòÁ                                                      [32m~~~~~~~~~~~~[0m

  Error occurs in the template of component RefereePanel.

    src/app/features/referee/referee-panel/referee-panel.ts:31:15:
[37m      31 Ôöé   templateUrl: [32m'./referee-panel.html'[37m,
         ÔòÁ                [32m~~~~~~~~~~~~~~~~~~~~~~[0m


[31mX [41;31m[[41;97mERROR[41;31m][0m [1mTS2339: Property 'sideAColor' does not exist on type 'RefereePanel'.[0m [1m[35m[plugin 
angular-compiler][0m

    src/app/features/referee/referee-panel/referee-panel.html:61:64:
[37m      61 Ôöé ...board__name" [style.color]="[32msideAColor[37m()">{{ sideAName() }}</span>
         ÔòÁ                                [32m~~~~~~~~~~[0m

  Error occurs in the template of component RefereePanel.

    src/app/features/referee/referee-panel/referee-panel.ts:31:15:
[37m      31 Ôöé   templateUrl: [32m'./referee-panel.html'[37m,
         ÔòÁ                [32m~~~~~~~~~~~~~~~~~~~~~~[0m


[31mX [41;31m[[41;97mERROR[41;31m][0m [1mTS2339: Property 'sideAName' does not exist on type 'RefereePanel'.[0m [1m[35m[plugin 
angular-compiler][0m

    src/app/features/referee/referee-panel/referee-panel.html:61:81:
[37m      61 Ôöé ...board__name" [style.color]="sideAColor()">{{ [32msideAName[37m() }}</span>
         ÔòÁ                                                 [32m~~~~~~~~~[0m

  Error occurs in the template of component RefereePanel.

    src/app/features/referee/referee-panel/referee-panel.ts:31:15:
[37m      31 Ôöé   templateUrl: [32m'./referee-panel.html'[37m,
         ÔòÁ                [32m~~~~~~~~~~~~~~~~~~~~~~[0m


[31mX [41;31m[[41;97mERROR[41;31m][0m [1mTS2339: Property 'sideAScore' does not exist on type 'RefereePanel'.[0m [1m[35m[plugin 
angular-compiler][0m

    src/app/features/referee/referee-panel/referee-panel.html:62:53:
[37m      62 Ôöé ...   <span class="match-scoreboard__score">{{ [32msideAScore[37m() }}</span>
         ÔòÁ                                                [32m~~~~~~~~~~[0m

  Error occurs in the template of component RefereePanel.

    src/app/features/referee/referee-panel/referee-panel.ts:31:15:
[37m      31 Ôöé   templateUrl: [32m'./referee-panel.html'[37m,
         ÔòÁ                [32m~~~~~~~~~~~~~~~~~~~~~~[0m


[31mX [41;31m[[41;97mERROR[41;31m][0m [1mTS2339: Property 'sideASets' does not exist on type 'RefereePanel'.[0m [1m[35m[plugin 
angular-compiler][0m

    src/app/features/referee/referee-panel/referee-panel.html:66:35:
[37m      66 Ôöé ...     @if (ref.hasSets() && ([32msideASets[37m() > 0 || sideBSets() > 0)) {
         ÔòÁ                                [32m~~~~~~~~~[0m

  Error occurs in the template of component RefereePanel.

    src/app/features/referee/referee-panel/referee-panel.ts:31:15:
[37m      31 Ôöé   templateUrl: [32m'./referee-panel.html'[37m,
         ÔòÁ                [32m~~~~~~~~~~~~~~~~~~~~~~[0m


[31mX [41;31m[[41;97mERROR[41;31m][0m [1mTS2339: Property 'sideBSets' does not exist on type 'RefereePanel'.[0m [1m[35m[plugin 
angular-compiler][0m

    src/app/features/referee/referee-panel/referee-panel.html:66:54:
[37m      66 Ôöé ...     @if (ref.hasSets() && (sideASets() > 0 || [32msideBSets[37m() > 0)) {
         ÔòÁ                                                   [32m~~~~~~~~~[0m

  Error occurs in the template of component RefereePanel.

    src/app/features/referee/referee-panel/referee-panel.ts:31:15:
[37m      31 Ôöé   templateUrl: [32m'./referee-panel.html'[37m,
         ÔòÁ                [32m~~~~~~~~~~~~~~~~~~~~~~[0m


[31mX [41;31m[[41;97mERROR[41;31m][0m [1mTS2339: Property 'sideASets' does not exist on type 'RefereePanel'.[0m [1m[35m[plugin 
angular-compiler][0m

    src/app/features/referee/referee-panel/referee-panel.html:67:59:
[37m      67 Ôöé ...-scoreboard__sets-info">{{ [32msideASets[37m() }} - {{ sideBSets() }}</...
         ÔòÁ                               [32m~~~~~~~~~[0m

  Error occurs in the template of component RefereePanel.

    src/app/features/referee/referee-panel/referee-panel.ts:31:15:
[37m      31 Ôöé   templateUrl: [32m'./referee-panel.html'[37m,
         ÔòÁ                [32m~~~~~~~~~~~~~~~~~~~~~~[0m


[31mX [41;31m[[41;97mERROR[41;31m][0m [1mTS2339: Property 'sideBSets' does not exist on type 'RefereePanel'.[0m [1m[35m[plugin 
angular-compiler][0m

    src/app/features/referee/referee-panel/referee-panel.html:67:79:
[37m      67 Ôöé ...coreboard__sets-info">{{ sideASets() }} - {{ [32msideBSets[37m() }}</span>
         ÔòÁ                                                 [32m~~~~~~~~~[0m

  Error occurs in the template of component RefereePanel.

    src/app/features/referee/referee-panel/referee-panel.ts:31:15:
[37m      31 Ôöé   templateUrl: [32m'./referee-panel.html'[37m,
         ÔòÁ                [32m~~~~~~~~~~~~~~~~~~~~~~[0m


[31mX [41;31m[[41;97mERROR[41;31m][0m [1mTS2339: Property 'sideBColor' does not exist on type 'RefereePanel'.[0m [1m[35m[plugin 
angular-compiler][0m

    src/app/features/referee/referee-panel/referee-panel.html:71:64:
[37m      71 Ôöé ...board__name" [style.color]="[32msideBColor[37m()">{{ sideBName() }}</span>
         ÔòÁ                                [32m~~~~~~~~~~[0m

  Error occurs in the template of component RefereePanel.

    src/app/features/referee/referee-panel/referee-panel.ts:31:15:
[37m      31 Ôöé   templateUrl: [32m'./referee-panel.html'[37m,
         ÔòÁ                [32m~~~~~~~~~~~~~~~~~~~~~~[0m


[31mX [41;31m[[41;97mERROR[41;31m][0m [1mTS2339: Property 'sideBName' does not exist on type 'RefereePanel'.[0m [1m[35m[plugin 
angular-compiler][0m

    src/app/features/referee/referee-panel/referee-panel.html:71:81:
[37m      71 Ôöé ...board__name" [style.color]="sideBColor()">{{ [32msideBName[37m() }}</span>
         ÔòÁ                                                 [32m~~~~~~~~~[0m

  Error occurs in the template of component RefereePanel.

    src/app/features/referee/referee-panel/referee-panel.ts:31:15:
[37m      31 Ôöé   templateUrl: [32m'./referee-panel.html'[37m,
         ÔòÁ                [32m~~~~~~~~~~~~~~~~~~~~~~[0m


[31mX [41;31m[[41;97mERROR[41;31m][0m [1mTS2339: Property 'sideBScore' does not exist on type 'RefereePanel'.[0m [1m[35m[plugin 
angular-compiler][0m

    src/app/features/referee/referee-panel/referee-panel.html:72:53:
[37m      72 Ôöé ...   <span class="match-scoreboard__score">{{ [32msideBScore[37m() }}</span>
         ÔòÁ                                                [32m~~~~~~~~~~[0m

  Error occurs in the template of component RefereePanel.

    src/app/features/referee/referee-panel/referee-panel.ts:31:15:
[37m      31 Ôöé   templateUrl: [32m'./referee-panel.html'[37m,
         ÔòÁ                [32m~~~~~~~~~~~~~~~~~~~~~~[0m


[31mX [41;31m[[41;97mERROR[41;31m][0m [1mTS2339: Property 'showCourt' does not exist on type 'RefereePanel'.[0m [1m[35m[plugin 
angular-compiler][0m

    src/app/features/referee/referee-panel/referee-panel.html:77:14:
[37m      77 Ôöé         @if (![32mshowCourt[37m()) {
         ÔòÁ               [32m~~~~~~~~~[0m

  Error occurs in the template of component RefereePanel.

    src/app/features/referee/referee-panel/referee-panel.ts:31:15:
[37m      31 Ôöé   templateUrl: [32m'./referee-panel.html'[37m,
         ÔòÁ                [32m~~~~~~~~~~~~~~~~~~~~~~[0m


[31mX [41;31m[[41;97mERROR[41;31m][0m [1mTS2339: Property 'isServingSideA' does not exist on type 'RefereePanel'.[0m 
[1m[35m[plugin angular-compiler][0m

    src/app/features/referee/referee-panel/referee-panel.html:79:79:
[37m      79 Ôöé ...ch-serve__ball--active]="[32misServingSideA[37m()">{{ sportBallIcon() }...
         ÔòÁ                             [32m~~~~~~~~~~~~~~[0m

  Error occurs in the template of component RefereePanel.

    src/app/features/referee/referee-panel/referee-panel.ts:31:15:
[37m      31 Ôöé   templateUrl: [32m'./referee-panel.html'[37m,
         ÔòÁ                [32m~~~~~~~~~~~~~~~~~~~~~~[0m


[31mX [41;31m[[41;97mERROR[41;31m][0m [1mTS2339: Property 'sportBallIcon' does not exist on type 'RefereePanel'.[0m 
[1m[35m[plugin angular-compiler][0m

    src/app/features/referee/referee-panel/referee-panel.html:79:100:
[37m      79 Ôöé ...rve__ball--active]="isServingSideA()">{{ [32msportBallIcon[37m() }}</span>
         ÔòÁ                                             [32m~~~~~~~~~~~~~[0m

  Error occurs in the template of component RefereePanel.

    src/app/features/referee/referee-panel/referee-panel.ts:31:15:
[37m      31 Ôöé   templateUrl: [32m'./referee-panel.html'[37m,
         ÔòÁ                [32m~~~~~~~~~~~~~~~~~~~~~~[0m


[31mX [41;31m[[41;97mERROR[41;31m][0m [1mTS2339: Property 'isServingSideA' does not exist on type 'RefereePanel'.[0m 
[1m[35m[plugin angular-compiler][0m

    src/app/features/referee/referee-panel/referee-panel.html:81:80:
[37m      81 Ôöé ...h-serve__ball--active]="![32misServingSideA[37m()">{{ sportBallIcon() }...
         ÔòÁ                             [32m~~~~~~~~~~~~~~[0m

  Error occurs in the template of component RefereePanel.

    src/app/features/referee/referee-panel/referee-panel.ts:31:15:
[37m      31 Ôöé   templateUrl: [32m'./referee-panel.html'[37m,
         ÔòÁ                [32m~~~~~~~~~~~~~~~~~~~~~~[0m


[31mX [41;31m[[41;97mERROR[41;31m][0m [1mTS2339: Property 'sportBallIcon' does not exist on type 'RefereePanel'.[0m 
[1m[35m[plugin angular-compiler][0m

    src/app/features/referee/referee-panel/referee-panel.html:81:101:
[37m      81 Ôöé ...ve__ball--active]="!isServingSideA()">{{ [32msportBallIcon[37m() }}</span>
         ÔòÁ                                             [32m~~~~~~~~~~~~~[0m

  Error occurs in the template of component RefereePanel.

    src/app/features/referee/referee-panel/referee-panel.ts:31:15:
[37m      31 Ôöé   templateUrl: [32m'./referee-panel.html'[37m,
         ÔòÁ                [32m~~~~~~~~~~~~~~~~~~~~~~[0m


[31mX [41;31m[[41;97mERROR[41;31m][0m [1mTS2551: Property 'openSubstitution' does not exist on type 'RefereePanel'. Did you mean 
'showSubstitution'?[0m [1m[35m[plugin angular-compiler][0m

    src/app/features/referee/referee-panel/referee-panel.html:89:60:
[37m      89 Ôöé ...ass="side-btn" (click)="[32mopenSubstitution[37m(sideATeam())" title="C...
         ÔòÁ                            [32m~~~~~~~~~~~~~~~~[0m

  Error occurs in the template of component RefereePanel.

    src/app/features/referee/referee-panel/referee-panel.ts:31:15:
[37m      31 Ôöé   templateUrl: [32m'./referee-panel.html'[37m,
         ÔòÁ                [32m~~~~~~~~~~~~~~~~~~~~~~[0m


[31mX [41;31m[[41;97mERROR[41;31m][0m [1mTS2339: Property 'sideATeam' does not exist on type 'RefereePanel'.[0m [1m[35m[plugin 
angular-compiler][0m

    src/app/features/referee/referee-panel/referee-panel.html:89:77:
[37m      89 Ôöé ... (click)="openSubstitution([32msideATeam[37m())" title="Cambio">­ƒöÇ</b...
         ÔòÁ                               [32m~~~~~~~~~[0m

  Error occurs in the template of component RefereePanel.

    src/app/features/referee/referee-panel/referee-panel.ts:31:15:
[37m      31 Ôöé   templateUrl: [32m'./referee-panel.html'[37m,
         ÔòÁ                [32m~~~~~~~~~~~~~~~~~~~~~~[0m


[31mX [41;31m[[41;97mERROR[41;31m][0m [1mTS2339: Property 'openSanction' does not exist on type 'RefereePanel'.[0m 
[1m[35m[plugin angular-compiler][0m

    src/app/features/referee/referee-panel/referee-panel.html:90:60:
[37m      90 Ôöé ...class="side-btn" (click)="[32mopenSanction[37m(sideATeam())" title="San...
         ÔòÁ                              [32m~~~~~~~~~~~~[0m

  Error occurs in the template of component RefereePanel.

    src/app/features/referee/referee-panel/referee-panel.ts:31:15:
[37m      31 Ôöé   templateUrl: [32m'./referee-panel.html'[37m,
         ÔòÁ                [32m~~~~~~~~~~~~~~~~~~~~~~[0m


[31mX [41;31m[[41;97mERROR[41;31m][0m [1mTS2339: Property 'sideATeam' does not exist on type 'RefereePanel'.[0m [1m[35m[plugin 
angular-compiler][0m

    src/app/features/referee/referee-panel/referee-panel.html:90:73:
[37m      90 Ôöé ...btn" (click)="openSanction([32msideATeam[37m())" title="Sanci├│n">­ƒƒ¿<...
         ÔòÁ                               [32m~~~~~~~~~[0m

  Error occurs in the template of component RefereePanel.

    src/app/features/referee/referee-panel/referee-panel.ts:31:15:
[37m      31 Ôöé   templateUrl: [32m'./referee-panel.html'[37m,
         ÔòÁ                [32m~~~~~~~~~~~~~~~~~~~~~~[0m


[31mX [41;31m[[41;97mERROR[41;31m][0m [1mTS2339: Property 'sideAColor' does not exist on type 'RefereePanel'.[0m [1m[35m[plugin 
angular-compiler][0m

    src/app/features/referee/referee-panel/referee-panel.html:91:87:
[37m      91 Ôöé ...score" [style.background]="[32msideAColor[37m()" (click)="onSideAScoreU...
         ÔòÁ                               [32m~~~~~~~~~~[0m

  Error occurs in the template of component RefereePanel.

    src/app/features/referee/referee-panel/referee-panel.ts:31:15:
[37m      31 Ôöé   templateUrl: [32m'./referee-panel.html'[37m,
         ÔòÁ                [32m~~~~~~~~~~~~~~~~~~~~~~[0m


[31mX [41;31m[[41;97mERROR[41;31m][0m [1mTS2339: Property 'onSideAScoreUp' does not exist on type 'RefereePanel'.[0m 
[1m[35m[plugin angular-compiler][0m

    src/app/features/referee/referee-panel/referee-panel.html:91:110:
[37m      91 Ôöé ....background]="sideAColor()" (click)="[32monSideAScoreUp[37m()">+1</button>
         ÔòÁ                                         [32m~~~~~~~~~~~~~~[0m

  Error occurs in the template of component RefereePanel.

    src/app/features/referee/referee-panel/referee-panel.ts:31:15:
[37m      31 Ôöé   templateUrl: [32m'./referee-panel.html'[37m,
         ÔòÁ                [32m~~~~~~~~~~~~~~~~~~~~~~[0m


[31mX [41;31m[[41;97mERROR[41;31m][0m [1mTS2339: Property 'onSideAScoreDown' does not exist on type 'RefereePanel'.[0m 
[1m[35m[plugin angular-compiler][0m

    src/app/features/referee/referee-panel/referee-panel.html:92:76:
[37m      92 Ôöé ...de-btn--minus" (click)="[32monSideAScoreDown[37m()" title="Restar punto...
         ÔòÁ                            [32m~~~~~~~~~~~~~~~~[0m

  Error occurs in the template of component RefereePanel.

    src/app/features/referee/referee-panel/referee-panel.ts:31:15:
[37m      31 Ôöé   templateUrl: [32m'./referee-panel.html'[37m,
         ÔòÁ                [32m~~~~~~~~~~~~~~~~~~~~~~[0m


[31mX [41;31m[[41;97mERROR[41;31m][0m [1mTS2339: Property 'showCourt' does not exist on type 'RefereePanel'.[0m [1m[35m[plugin 
angular-compiler][0m

    src/app/features/referee/referee-panel/referee-panel.html:93:17:
[37m      93 Ôöé             @if ([32mshowCourt[37m()) {
         ÔòÁ                  [32m~~~~~~~~~[0m

  Error occurs in the template of component RefereePanel.

    src/app/features/referee/referee-panel/referee-panel.ts:31:15:
[37m      31 Ôöé   templateUrl: [32m'./referee-panel.html'[37m,
         ÔòÁ                [32m~~~~~~~~~~~~~~~~~~~~~~[0m


[31mX [41;31m[[41;97mERROR[41;31m][0m [1mTS2339: Property 'onManualRotate' does not exist on type 'RefereePanel'.[0m 
[1m[35m[plugin angular-compiler][0m

    src/app/features/referee/referee-panel/referee-panel.html:94:79:
[37m      94 Ôöé ...de-btn--rotate" (click)="[32monManualRotate[37m(sideATeam(), 'forward')...
         ÔòÁ                             [32m~~~~~~~~~~~~~~[0m

  Error occurs in the template of component RefereePanel.

    src/app/features/referee/referee-panel/referee-panel.ts:31:15:
[37m      31 Ôöé   templateUrl: [32m'./referee-panel.html'[37m,
         ÔòÁ                [32m~~~~~~~~~~~~~~~~~~~~~~[0m


[31mX [41;31m[[41;97mERROR[41;31m][0m [1mTS2339: Property 'sideATeam' does not exist on type 'RefereePanel'.[0m [1m[35m[plugin 
angular-compiler][0m

    src/app/features/referee/referee-panel/referee-panel.html:94:94:
[37m      94 Ôöé ...e" (click)="onManualRotate([32msideATeam[37m(), 'forward')" title="Rota...
         ÔòÁ                               [32m~~~~~~~~~[0m

  Error occurs in the template of component RefereePanel.

    src/app/features/referee/referee-panel/referee-panel.ts:31:15:
[37m      31 Ôöé   templateUrl: [32m'./referee-panel.html'[37m,
         ÔòÁ                [32m~~~~~~~~~~~~~~~~~~~~~~[0m


[31mX [41;31m[[41;97mERROR[41;31m][0m [1mTS2339: Property 'onManualRotate' does not exist on type 'RefereePanel'.[0m 
[1m[35m[plugin angular-compiler][0m

    src/app/features/referee/referee-panel/referee-panel.html:95:79:
[37m      95 Ôöé ...de-btn--rotate" (click)="[32monManualRotate[37m(sideATeam(), 'backward'...
         ÔòÁ                             [32m~~~~~~~~~~~~~~[0m

  Error occurs in the template of component RefereePanel.

    src/app/features/referee/referee-panel/referee-panel.ts:31:15:
[37m      31 Ôöé   templateUrl: [32m'./referee-panel.html'[37m,
         ÔòÁ                [32m~~~~~~~~~~~~~~~~~~~~~~[0m


[31mX [41;31m[[41;97mERROR[41;31m][0m [1mTS2339: Property 'sideATeam' does not exist on type 'RefereePanel'.[0m [1m[35m[plugin 
angular-compiler][0m

    src/app/features/referee/referee-panel/referee-panel.html:95:94:
[37m      95 Ôöé ...e" (click)="onManualRotate([32msideATeam[37m(), 'backward')" title="Rot...
         ÔòÁ                               [32m~~~~~~~~~[0m

  Error occurs in the template of component RefereePanel.

    src/app/features/referee/referee-panel/referee-panel.ts:31:15:
[37m      31 Ôöé   templateUrl: [32m'./referee-panel.html'[37m,
         ÔòÁ                [32m~~~~~~~~~~~~~~~~~~~~~~[0m


[31mX [41;31m[[41;97mERROR[41;31m][0m [1mTS2339: Property 'showCourt' does not exist on type 'RefereePanel'.[0m [1m[35m[plugin 
angular-compiler][0m

    src/app/features/referee/referee-panel/referee-panel.html:101:17:
[37m      101 Ôöé             @if ([32mshowCourt[37m()) {
          ÔòÁ                  [32m~~~~~~~~~[0m

  Error occurs in the template of component RefereePanel.

    src/app/features/referee/referee-panel/referee-panel.ts:31:15:
[37m      31 Ôöé   templateUrl: [32m'./referee-panel.html'[37m,
         ÔòÁ                [32m~~~~~~~~~~~~~~~~~~~~~~[0m


[31mX [41;31m[[41;97mERROR[41;31m][0m [1mTS2339: Property 'sideBName' does not exist on type 'RefereePanel'.[0m [1m[35m[plugin 
angular-compiler][0m

    src/app/features/referee/referee-panel/referee-panel.html:104:29:
[37m      104 Ôöé                 [homeLabel]="[32msideBName[37m()"
          ÔòÁ                              [32m~~~~~~~~~[0m

  Error occurs in the template of component RefereePanel.

    src/app/features/referee/referee-panel/referee-panel.ts:31:15:
[37m      31 Ôöé   templateUrl: [32m'./referee-panel.html'[37m,
         ÔòÁ                [32m~~~~~~~~~~~~~~~~~~~~~~[0m


[31mX [41;31m[[41;97mERROR[41;31m][0m [1mTS2339: Property 'sideAName' does not exist on type 'RefereePanel'.[0m [1m[35m[plugin 
angular-compiler][0m

    src/app/features/referee/referee-panel/referee-panel.html:105:29:
[37m      105 Ôöé                 [awayLabel]="[32msideAName[37m()"
          ÔòÁ                              [32m~~~~~~~~~[0m

  Error occurs in the template of component RefereePanel.

    src/app/features/referee/referee-panel/referee-panel.ts:31:15:
[37m      31 Ôöé   templateUrl: [32m'./referee-panel.html'[37m,
         ÔòÁ                [32m~~~~~~~~~~~~~~~~~~~~~~[0m


[31mX [41;31m[[41;97mERROR[41;31m][0m [1mTS2339: Property 'sideBBenchPlayers' does not exist on type 'RefereePanel'.[0m 
[1m[35m[plugin angular-compiler][0m

    src/app/features/referee/referee-panel/referee-panel.html:106:28:
[37m      106 Ôöé                 [homeSubs]="[32msideBBenchPlayers[37m()"
          ÔòÁ                             [32m~~~~~~~~~~~~~~~~~[0m

  Error occurs in the template of component RefereePanel.

    src/app/features/referee/referee-panel/referee-panel.ts:31:15:
[37m      31 Ôöé   templateUrl: [32m'./referee-panel.html'[37m,
         ÔòÁ                [32m~~~~~~~~~~~~~~~~~~~~~~[0m


[31mX [41;31m[[41;97mERROR[41;31m][0m [1mTS2339: Property 'sideABenchPlayers' does not exist on type 'RefereePanel'.[0m 
[1m[35m[plugin angular-compiler][0m

    src/app/features/referee/referee-panel/referee-panel.html:107:28:
[37m      107 Ôöé                 [awaySubs]="[32msideABenchPlayers[37m()"
          ÔòÁ                             [32m~~~~~~~~~~~~~~~~~[0m

  Error occurs in the template of component RefereePanel.

    src/app/features/referee/referee-panel/referee-panel.ts:31:15:
[37m      31 Ôöé   templateUrl: [32m'./referee-panel.html'[37m,
         ÔòÁ                [32m~~~~~~~~~~~~~~~~~~~~~~[0m


[31mX [41;31m[[41;97mERROR[41;31m][0m [1mTS2339: Property 'sportBallIcon' does not exist on type 'RefereePanel'.[0m 
[1m[35m[plugin angular-compiler][0m

    src/app/features/referee/referee-panel/referee-panel.html:111:25:
[37m      111 Ôöé                 <span>{{ [32msportBallIcon[37m() }}</span>
          ÔòÁ                          [32m~~~~~~~~~~~~~[0m

  Error occurs in the template of component RefereePanel.

    src/app/features/referee/referee-panel/referee-panel.ts:31:15:
[37m      31 Ôöé   templateUrl: [32m'./referee-panel.html'[37m,
         ÔòÁ                [32m~~~~~~~~~~~~~~~~~~~~~~[0m


[31mX [41;31m[[41;97mERROR[41;31m][0m [1mTS2551: Property 'openSubstitution' does not exist on type 'RefereePanel'. Did you mean 
'showSubstitution'?[0m [1m[35m[plugin angular-compiler][0m

    src/app/features/referee/referee-panel/referee-panel.html:118:60:
[37m      118 Ôöé ...ss="side-btn" (click)="[32mopenSubstitution[37m(sideBTeam())" title="C...
          ÔòÁ                           [32m~~~~~~~~~~~~~~~~[0m

  Error occurs in the template of component RefereePanel.

    src/app/features/referee/referee-panel/referee-panel.ts:31:15:
[37m      31 Ôöé   templateUrl: [32m'./referee-panel.html'[37m,
         ÔòÁ                [32m~~~~~~~~~~~~~~~~~~~~~~[0m


[31mX [41;31m[[41;97mERROR[41;31m][0m [1mTS2339: Property 'sideBTeam' does not exist on type 'RefereePanel'.[0m [1m[35m[plugin 
angular-compiler][0m

    src/app/features/referee/referee-panel/referee-panel.html:118:77:
[37m      118 Ôöé ... (click)="openSubstitution([32msideBTeam[37m())" title="Cambio">­ƒöÇ</...
          ÔòÁ                               [32m~~~~~~~~~[0m

  Error occurs in the template of component RefereePanel.

    src/app/features/referee/referee-panel/referee-panel.ts:31:15:
[37m      31 Ôöé   templateUrl: [32m'./referee-panel.html'[37m,
         ÔòÁ                [32m~~~~~~~~~~~~~~~~~~~~~~[0m


[31mX [41;31m[[41;97mERROR[41;31m][0m [1mTS2339: Property 'openSanction' does not exist on type 'RefereePanel'.[0m 
[1m[35m[plugin angular-compiler][0m

    src/app/features/referee/referee-panel/referee-panel.html:119:60:
[37m      119 Ôöé ...lass="side-btn" (click)="[32mopenSanction[37m(sideBTeam())" title="San...
          ÔòÁ                             [32m~~~~~~~~~~~~[0m

  Error occurs in the template of component RefereePanel.

    src/app/features/referee/referee-panel/referee-panel.ts:31:15:
[37m      31 Ôöé   templateUrl: [32m'./referee-panel.html'[37m,
         ÔòÁ                [32m~~~~~~~~~~~~~~~~~~~~~~[0m


[31mX [41;31m[[41;97mERROR[41;31m][0m [1mTS2339: Property 'sideBTeam' does not exist on type 'RefereePanel'.[0m [1m[35m[plugin 
angular-compiler][0m

    src/app/features/referee/referee-panel/referee-panel.html:119:73:
[37m      119 Ôöé ...btn" (click)="openSanction([32msideBTeam[37m())" title="Sanci├│n">­ƒƒ¿...
          ÔòÁ                               [32m~~~~~~~~~[0m

  Error occurs in the template of component RefereePanel.

    src/app/features/referee/referee-panel/referee-panel.ts:31:15:
[37m      31 Ôöé   templateUrl: [32m'./referee-panel.html'[37m,
         ÔòÁ                [32m~~~~~~~~~~~~~~~~~~~~~~[0m


[31mX [41;31m[[41;97mERROR[41;31m][0m [1mTS2339: Property 'sideBColor' does not exist on type 'RefereePanel'.[0m [1m[35m[plugin 
angular-compiler][0m

    src/app/features/referee/referee-panel/referee-panel.html:120:87:
[37m      120 Ôöé ...core" [style.background]="[32msideBColor[37m()" (click)="onSideBScoreU...
          ÔòÁ                              [32m~~~~~~~~~~[0m

  Error occurs in the template of component RefereePanel.

    src/app/features/referee/referee-panel/referee-panel.ts:31:15:
[37m      31 Ôöé   templateUrl: [32m'./referee-panel.html'[37m,
         ÔòÁ                [32m~~~~~~~~~~~~~~~~~~~~~~[0m


[31mX [41;31m[[41;97mERROR[41;31m][0m [1mTS2339: Property 'onSideBScoreUp' does not exist on type 'RefereePanel'.[0m 
[1m[35m[plugin angular-compiler][0m

    src/app/features/referee/referee-panel/referee-panel.html:120:110:
[37m      120 Ôöé ...background]="sideBColor()" (click)="[32monSideBScoreUp[37m()">+1</button>
          ÔòÁ                                        [32m~~~~~~~~~~~~~~[0m

  Error occurs in the template of component RefereePanel.

    src/app/features/referee/referee-panel/referee-panel.ts:31:15:
[37m      31 Ôöé   templateUrl: [32m'./referee-panel.html'[37m,
         ÔòÁ                [32m~~~~~~~~~~~~~~~~~~~~~~[0m


[31mX [41;31m[[41;97mERROR[41;31m][0m [1mTS2339: Property 'onSideBScoreDown' does not exist on type 'RefereePanel'.[0m 
[1m[35m[plugin angular-compiler][0m

    src/app/features/referee/referee-panel/referee-panel.html:121:76:
[37m      121 Ôöé ...e-btn--minus" (click)="[32monSideBScoreDown[37m()" title="Restar punto...
          ÔòÁ                           [32m~~~~~~~~~~~~~~~~[0m

  Error occurs in the template of component RefereePanel.

    src/app/features/referee/referee-panel/referee-panel.ts:31:15:
[37m      31 Ôöé   templateUrl: [32m'./referee-panel.html'[37m,
         ÔòÁ                [32m~~~~~~~~~~~~~~~~~~~~~~[0m


[31mX [41;31m[[41;97mERROR[41;31m][0m [1mTS2339: Property 'showCourt' does not exist on type 'RefereePanel'.[0m [1m[35m[plugin 
angular-compiler][0m

    src/app/features/referee/referee-panel/referee-panel.html:122:17:
[37m      122 Ôöé             @if ([32mshowCourt[37m()) {
          ÔòÁ                  [32m~~~~~~~~~[0m

  Error occurs in the template of component RefereePanel.

    src/app/features/referee/referee-panel/referee-panel.ts:31:15:
[37m      31 Ôöé   templateUrl: [32m'./referee-panel.html'[37m,
         ÔòÁ                [32m~~~~~~~~~~~~~~~~~~~~~~[0m


[31mX [41;31m[[41;97mERROR[41;31m][0m [1mTS2339: Property 'onManualRotate' does not exist on type 'RefereePanel'.[0m 
[1m[35m[plugin angular-compiler][0m

    src/app/features/referee/referee-panel/referee-panel.html:123:79:
[37m      123 Ôöé ...e-btn--rotate" (click)="[32monManualRotate[37m(sideBTeam(), 'forward')...
          ÔòÁ                            [32m~~~~~~~~~~~~~~[0m

  Error occurs in the template of component RefereePanel.

    src/app/features/referee/referee-panel/referee-panel.ts:31:15:
[37m      31 Ôöé   templateUrl: [32m'./referee-panel.html'[37m,
         ÔòÁ                [32m~~~~~~~~~~~~~~~~~~~~~~[0m


[31mX [41;31m[[41;97mERROR[41;31m][0m [1mTS2339: Property 'sideBTeam' does not exist on type 'RefereePanel'.[0m [1m[35m[plugin 
angular-compiler][0m

    src/app/features/referee/referee-panel/referee-panel.html:123:94:
[37m      123 Ôöé ...e" (click)="onManualRotate([32msideBTeam[37m(), 'forward')" title="Rot...
          ÔòÁ                               [32m~~~~~~~~~[0m

  Error occurs in the template of component RefereePanel.

    src/app/features/referee/referee-panel/referee-panel.ts:31:15:
[37m      31 Ôöé   templateUrl: [32m'./referee-panel.html'[37m,
         ÔòÁ                [32m~~~~~~~~~~~~~~~~~~~~~~[0m


[31mX [41;31m[[41;97mERROR[41;31m][0m [1mTS2339: Property 'onManualRotate' does not exist on type 'RefereePanel'.[0m 
[1m[35m[plugin angular-compiler][0m

    src/app/features/referee/referee-panel/referee-panel.html:124:79:
[37m      124 Ôöé ...e-btn--rotate" (click)="[32monManualRotate[37m(sideBTeam(), 'backward'...
          ÔòÁ                            [32m~~~~~~~~~~~~~~[0m

  Error occurs in the template of component RefereePanel.

    src/app/features/referee/referee-panel/referee-panel.ts:31:15:
[37m      31 Ôöé   templateUrl: [32m'./referee-panel.html'[37m,
         ÔòÁ                [32m~~~~~~~~~~~~~~~~~~~~~~[0m


[31mX [41;31m[[41;97mERROR[41;31m][0m [1mTS2339: Property 'sideBTeam' does not exist on type 'RefereePanel'.[0m [1m[35m[plugin 
angular-compiler][0m

    src/app/features/referee/referee-panel/referee-panel.html:124:94:
[37m      124 Ôöé ...e" (click)="onManualRotate([32msideBTeam[37m(), 'backward')" title="Ro...
          ÔòÁ                               [32m~~~~~~~~~[0m

  Error occurs in the template of component RefereePanel.

    src/app/features/referee/referee-panel/referee-panel.ts:31:15:
[37m      31 Ôöé   templateUrl: [32m'./referee-panel.html'[37m,
         ÔòÁ                [32m~~~~~~~~~~~~~~~~~~~~~~[0m


[31mX [41;31m[[41;97mERROR[41;31m][0m [1mTS2339: Property 'showDecisiveToss' does not exist on type 'RefereePanel'.[0m 
[1m[35m[plugin angular-compiler][0m

    src/app/features/referee/referee-panel/referee-panel.html:134:11:
[37m      134 Ôöé       @if ([32mshowDecisiveToss[37m()) {
          ÔòÁ            [32m~~~~~~~~~~~~~~~~[0m

  Error occurs in the template of component RefereePanel.

    src/app/features/referee/referee-panel/referee-panel.ts:31:15:
[37m      31 Ôöé   templateUrl: [32m'./referee-panel.html'[37m,
         ÔòÁ                [32m~~~~~~~~~~~~~~~~~~~~~~[0m


[31mX [41;31m[[41;97mERROR[41;31m][0m [1mTS2339: Property 'onDecisiveToss' does not exist on type 'RefereePanel'.[0m 
[1m[35m[plugin angular-compiler][0m

    src/app/features/referee/referee-panel/referee-panel.html:140:70:
[37m      140 Ôöé ...lass="btn btn--primary" (click)="[32monDecisiveToss[37m('home', 'away')">
          ÔòÁ                                     [32m~~~~~~~~~~~~~~[0m

  Error occurs in the template of component RefereePanel.

    src/app/features/referee/referee-panel/referee-panel.ts:31:15:
[37m      31 Ôöé   templateUrl: [32m'./referee-panel.html'[37m,
         ÔòÁ                [32m~~~~~~~~~~~~~~~~~~~~~~[0m


[31mX [41;31m[[41;97mERROR[41;31m][0m [1mTS2339: Property 'onDecisiveToss' does not exist on type 'RefereePanel'.[0m 
[1m[35m[plugin angular-compiler][0m

    src/app/features/referee/referee-panel/referee-panel.html:143:72:
[37m      143 Ôöé ...ss="btn btn--secondary" (click)="[32monDecisiveToss[37m('away', 'home')">
          ÔòÁ                                     [32m~~~~~~~~~~~~~~[0m

  Error occurs in the template of component RefereePanel.

    src/app/features/referee/referee-panel/referee-panel.ts:31:15:
[37m      31 Ôöé   templateUrl: [32m'./referee-panel.html'[37m,
         ÔòÁ                [32m~~~~~~~~~~~~~~~~~~~~~~[0m


[31mX [41;31m[[41;97mERROR[41;31m][0m [1mTS2339: Property 'onUndoLast' does not exist on type 'RefereePanel'.[0m [1m[35m[plugin 
angular-compiler][0m

    src/app/features/referee/referee-panel/referee-panel.html:152:73:
[37m      152 Ôöé ...button" class="referee-panel__action-btn" (click)="[32monUndoLast[37m()">
          ÔòÁ                                                       [32m~~~~~~~~~~[0m

  Error occurs in the template of component RefereePanel.

    src/app/features/referee/referee-panel/referee-panel.ts:31:15:
[37m      31 Ôöé   templateUrl: [32m'./referee-panel.html'[37m,
         ÔòÁ                [32m~~~~~~~~~~~~~~~~~~~~~~[0m


[31mX [41;31m[[41;97mERROR[41;31m][0m [1mTS2339: Property 'onTimeout' does not exist on type 'RefereePanel'.[0m [1m[35m[plugin 
angular-compiler][0m

    src/app/features/referee/referee-panel/referee-panel.html:156:73:
[37m      156 Ôöé ..."button" class="referee-panel__action-btn" (click)="[32monTimeout[37m()">
          ÔòÁ                                                        [32m~~~~~~~~~[0m

  Error occurs in the template of component RefereePanel.

    src/app/features/referee/referee-panel/referee-panel.ts:31:15:
[37m      31 Ôöé   templateUrl: [32m'./referee-panel.html'[37m,
         ÔòÁ                [32m~~~~~~~~~~~~~~~~~~~~~~[0m


[31mX [41;31m[[41;97mERROR[41;31m][0m [1mTS2339: Property 'toggleEventsLog' does not exist on type 'RefereePanel'.[0m 
[1m[35m[plugin angular-compiler][0m

    src/app/features/referee/referee-panel/referee-panel.html:160:73:
[37m      160 Ôöé ...n" class="referee-panel__action-btn" (click)="[32mtoggleEventsLog[37m()">
          ÔòÁ                                                  [32m~~~~~~~~~~~~~~~[0m

  Error occurs in the template of component RefereePanel.

    src/app/features/referee/referee-panel/referee-panel.ts:31:15:
[37m      31 Ôöé   templateUrl: [32m'./referee-panel.html'[37m,
         ÔòÁ                [32m~~~~~~~~~~~~~~~~~~~~~~[0m


[31mX [41;31m[[41;97mERROR[41;31m][0m [1mTS2339: Property 'onEndPeriod' does not exist on type 'RefereePanel'.[0m 
[1m[35m[plugin angular-compiler][0m

    src/app/features/referee/referee-panel/referee-panel.html:164:73:
[37m      164 Ôöé ...utton" class="referee-panel__action-btn" (click)="[32monEndPeriod[37m()">
          ÔòÁ                                                      [32m~~~~~~~~~~~[0m

  Error occurs in the template of component RefereePanel.

    src/app/features/referee/referee-panel/referee-panel.ts:31:15:
[37m      31 Ôöé   templateUrl: [32m'./referee-panel.html'[37m,
         ÔòÁ                [32m~~~~~~~~~~~~~~~~~~~~~~[0m


[31mX [41;31m[[41;97mERROR[41;31m][0m [1mTS2339: Property 'onFinishMatch' does not exist on type 'RefereePanel'.[0m 
[1m[35m[plugin angular-compiler][0m

    src/app/features/referee/referee-panel/referee-panel.html:168:107:
[37m      168 Ôöé ...btn referee-panel__action-btn--danger" (click)="[32monFinishMatch[37m()">
          ÔòÁ                                                    [32m~~~~~~~~~~~~~[0m

  Error occurs in the template of component RefereePanel.

    src/app/features/referee/referee-panel/referee-panel.ts:31:15:
[37m      31 Ôöé   templateUrl: [32m'./referee-panel.html'[37m,
         ÔòÁ                [32m~~~~~~~~~~~~~~~~~~~~~~[0m


[31mX [41;31m[[41;97mERROR[41;31m][0m [1mTS2339: Property 'onSetTransitionConfirmed' does not exist on type 'RefereePanel'.[0m 
[1m[35m[plugin angular-compiler][0m

    src/app/features/referee/referee-panel/referee-panel.html:192:66:
[37m      192 Ôöé ...n" class="btn btn--primary" (click)="[32monSetTransitionConfirmed[37m()">
          ÔòÁ                                         [32m~~~~~~~~~~~~~~~~~~~~~~~~[0m

  Error occurs in the template of component RefereePanel.

    src/app/features/referee/referee-panel/referee-panel.ts:31:15:
[37m      31 Ôöé   templateUrl: [32m'./referee-panel.html'[37m,
         ÔòÁ                [32m~~~~~~~~~~~~~~~~~~~~~~[0m


[31mX [41;31m[[41;97mERROR[41;31m][0m [1mTS2339: Property 'scoringPlayersOnCourt' does not exist on type 'RefereePanel'.[0m 
[1m[35m[plugin angular-compiler][0m

    src/app/features/referee/referee-panel/referee-panel.html:239:25:
[37m      239 Ôöé               @for (p of [32mscoringPlayersOnCourt[37m(); track p.id) {
          ÔòÁ                          [32m~~~~~~~~~~~~~~~~~~~~~[0m

  Error occurs in the template of component RefereePanel.

    src/app/features/referee/referee-panel/referee-panel.ts:31:15:
[37m      31 Ôöé   templateUrl: [32m'./referee-panel.html'[37m,
         ÔòÁ                [32m~~~~~~~~~~~~~~~~~~~~~~[0m


[31mX [41;31m[[41;97mERROR[41;31m][0m [1mTS2551: Property 'onSelectMvp' does not exist on type 'RefereePanel'. Did you mean 
'selectedMvp'?[0m [1m[35m[plugin angular-compiler][0m

    src/app/features/referee/referee-panel/referee-panel.html:240:78:
[37m      240 Ôöé ...ass="btn btn--ghost btn--sm" (click)="[32monSelectMvp[37m(p.id, p.name)">
          ÔòÁ                                          [32m~~~~~~~~~~~[0m

  Error occurs in the template of component RefereePanel.

    src/app/features/referee/referee-panel/referee-panel.ts:31:15:
[37m      31 Ôöé   templateUrl: [32m'./referee-panel.html'[37m,
         ÔòÁ                [32m~~~~~~~~~~~~~~~~~~~~~~[0m


[31mX [41;31m[[41;97mERROR[41;31m][0m [1mTS2339: Property 'onBackToMatchList' does not exist on type 'RefereePanel'.[0m 
[1m[35m[plugin angular-compiler][0m

    src/app/features/referee/referee-panel/referee-panel.html:249:113:
[37m      249 Ôöé ..."margin-top: 1.5rem; width: 100%;" (click)="[32monBackToMatchList[37m()">
          ÔòÁ                                                [32m~~~~~~~~~~~~~~~~~[0m

  Error occurs in the template of component RefereePanel.

    src/app/features/referee/referee-panel/referee-panel.ts:31:15:
[37m      31 Ôöé   templateUrl: [32m'./referee-panel.html'[37m,
         ÔòÁ                [32m~~~~~~~~~~~~~~~~~~~~~~[0m


[31mX [41;31m[[41;97mERROR[41;31m][0m [1mTS2339: Property 'scoringPlayersOnCourt' does not exist on type 'RefereePanel'.[0m 
[1m[35m[plugin angular-compiler][0m

    src/app/features/referee/referee-panel/referee-panel.html:261:15:
[37m      261 Ôöé     [players]="[32mscoringPlayersOnCourt[37m()"
          ÔòÁ                [32m~~~~~~~~~~~~~~~~~~~~~[0m

  Error occurs in the template of component RefereePanel.

    src/app/features/referee/referee-panel/referee-panel.ts:31:15:
[37m      31 Ôöé   templateUrl: [32m'./referee-panel.html'[37m,
         ÔòÁ                [32m~~~~~~~~~~~~~~~~~~~~~~[0m


[31mX [41;31m[[41;97mERROR[41;31m][0m [1mTS2551: Property 'onScorerSelected' does not exist on type 'RefereePanel'. Did you mean 
'showScorerSelect'?[0m [1m[35m[plugin angular-compiler][0m

    src/app/features/referee/referee-panel/referee-panel.html:263:22:
[37m      263 Ôöé     (playerSelected)="[32monScorerSelected[37m($event)"
          ÔòÁ                       [32m~~~~~~~~~~~~~~~~[0m

  Error occurs in the template of component RefereePanel.

    src/app/features/referee/referee-panel/referee-panel.ts:31:15:
[37m      31 Ôöé   templateUrl: [32m'./referee-panel.html'[37m,
         ÔòÁ                [32m~~~~~~~~~~~~~~~~~~~~~~[0m


[31mX [41;31m[[41;97mERROR[41;31m][0m [1mTS2339: Property 'onScorerSkipped' does not exist on type 'RefereePanel'.[0m 
[1m[35m[plugin angular-compiler][0m

    src/app/features/referee/referee-panel/referee-panel.html:264:15:
[37m      264 Ôöé     (skipped)="[32monScorerSkipped[37m()"
          ÔòÁ                [32m~~~~~~~~~~~~~~~[0m

  Error occurs in the template of component RefereePanel.

    src/app/features/referee/referee-panel/referee-panel.ts:31:15:
[37m      31 Ôöé   templateUrl: [32m'./referee-panel.html'[37m,
         ÔòÁ                [32m~~~~~~~~~~~~~~~~~~~~~~[0m


[31mX [41;31m[[41;97mERROR[41;31m][0m [1mTS2339: Property 'onScorerSkipped' does not exist on type 'RefereePanel'.[0m 
[1m[35m[plugin angular-compiler][0m

    src/app/features/referee/referee-panel/referee-panel.html:265:14:
[37m      265 Ôöé     (closed)="[32monScorerSkipped[37m()"
          ÔòÁ               [32m~~~~~~~~~~~~~~~[0m

  Error occurs in the template of component RefereePanel.

    src/app/features/referee/referee-panel/referee-panel.ts:31:15:
[37m      31 Ôöé   templateUrl: [32m'./referee-panel.html'[37m,
         ÔòÁ                [32m~~~~~~~~~~~~~~~~~~~~~~[0m


[31mX [41;31m[[41;97mERROR[41;31m][0m [1mTS2339: Property 'activePlayersOnCourt' does not exist on type 'RefereePanel'.[0m 
[1m[35m[plugin angular-compiler][0m

    src/app/features/referee/referee-panel/referee-panel.html:271:22:
[37m      271 Ôöé     [playersOnCourt]="[32mactivePlayersOnCourt[37m()"
          ÔòÁ                       [32m~~~~~~~~~~~~~~~~~~~~[0m

  Error occurs in the template of component RefereePanel.

    src/app/features/referee/referee-panel/referee-panel.ts:31:15:
[37m      31 Ôöé   templateUrl: [32m'./referee-panel.html'[37m,
         ÔòÁ                [32m~~~~~~~~~~~~~~~~~~~~~~[0m


[31mX [41;31m[[41;97mERROR[41;31m][0m [1mTS2339: Property 'activePlayersOnBench' does not exist on type 'RefereePanel'.[0m 
[1m[35m[plugin angular-compiler][0m

    src/app/features/referee/referee-panel/referee-panel.html:272:22:
[37m      272 Ôöé     [playersOnBench]="[32mactivePlayersOnBench[37m()"
          ÔòÁ                       [32m~~~~~~~~~~~~~~~~~~~~[0m

  Error occurs in the template of component RefereePanel.

    src/app/features/referee/referee-panel/referee-panel.ts:31:15:
[37m      31 Ôöé   templateUrl: [32m'./referee-panel.html'[37m,
         ÔòÁ                [32m~~~~~~~~~~~~~~~~~~~~~~[0m


[31mX [41;31m[[41;97mERROR[41;31m][0m [1mTS2339: Property 'onSubstitutionConfirmed' does not exist on type 'RefereePanel'.[0m 
[1m[35m[plugin angular-compiler][0m

    src/app/features/referee/referee-panel/referee-panel.html:278:17:
[37m      278 Ôöé     (confirmed)="[32monSubstitutionConfirmed[37m($event)"
          ÔòÁ                  [32m~~~~~~~~~~~~~~~~~~~~~~~[0m

  Error occurs in the template of component RefereePanel.

    src/app/features/referee/referee-panel/referee-panel.ts:31:15:
[37m      31 Ôöé   templateUrl: [32m'./referee-panel.html'[37m,
         ÔòÁ                [32m~~~~~~~~~~~~~~~~~~~~~~[0m


[31mX [41;31m[[41;97mERROR[41;31m][0m [1mTS2339: Property 'onSubstitutionClosed' does not exist on type 'RefereePanel'.[0m 
[1m[35m[plugin angular-compiler][0m

    src/app/features/referee/referee-panel/referee-panel.html:279:14:
[37m      279 Ôöé     (closed)="[32monSubstitutionClosed[37m()"
          ÔòÁ               [32m~~~~~~~~~~~~~~~~~~~~[0m

  Error occurs in the template of component RefereePanel.

    src/app/features/referee/referee-panel/referee-panel.ts:31:15:
[37m      31 Ôöé   templateUrl: [32m'./referee-panel.html'[37m,
         ÔòÁ                [32m~~~~~~~~~~~~~~~~~~~~~~[0m


[31mX [41;31m[[41;97mERROR[41;31m][0m [1mTS2339: Property 'onSanctionConfirmed' does not exist on type 'RefereePanel'.[0m 
[1m[35m[plugin angular-compiler][0m

    src/app/features/referee/referee-panel/referee-panel.html:290:17:
[37m      290 Ôöé     (confirmed)="[32monSanctionConfirmed[37m($event)"
          ÔòÁ                  [32m~~~~~~~~~~~~~~~~~~~[0m

  Error occurs in the template of component RefereePanel.

    src/app/features/referee/referee-panel/referee-panel.ts:31:15:
[37m      31 Ôöé   templateUrl: [32m'./referee-panel.html'[37m,
         ÔòÁ                [32m~~~~~~~~~~~~~~~~~~~~~~[0m


[31mX [41;31m[[41;97mERROR[41;31m][0m [1mTS2339: Property 'onSanctionClosed' does not exist on type 'RefereePanel'.[0m 
[1m[35m[plugin angular-compiler][0m

    src/app/features/referee/referee-panel/referee-panel.html:291:14:
[37m      291 Ôöé     (closed)="[32monSanctionClosed[37m()"
          ÔòÁ               [32m~~~~~~~~~~~~~~~~[0m

  Error occurs in the template of component RefereePanel.

    src/app/features/referee/referee-panel/referee-panel.ts:31:15:
[37m      31 Ôöé   templateUrl: [32m'./referee-panel.html'[37m,
         ÔòÁ                [32m~~~~~~~~~~~~~~~~~~~~~~[0m


[31mX [41;31m[[41;97mERROR[41;31m][0m [1mTS2339: Property 'onSetupCompleted' does not exist on type 'RefereePanel'.[0m 
[1m[35m[plugin angular-compiler][0m

    src/app/features/referee/referee-panel/referee-panel.html:304:17:
[37m      304 Ôöé     (completed)="[32monSetupCompleted[37m($event)"
          ÔòÁ                  [32m~~~~~~~~~~~~~~~~[0m

  Error occurs in the template of component RefereePanel.

    src/app/features/referee/referee-panel/referee-panel.ts:31:15:
[37m      31 Ôöé   templateUrl: [32m'./referee-panel.html'[37m,
         ÔòÁ                [32m~~~~~~~~~~~~~~~~~~~~~~[0m


[31mX [41;31m[[41;97mERROR[41;31m][0m [1mTS2339: Property 'onSetupClosed' does not exist on type 'RefereePanel'.[0m 
[1m[35m[plugin angular-compiler][0m

    src/app/features/referee/referee-panel/referee-panel.html:305:14:
[37m      305 Ôöé     (closed)="[32monSetupClosed[37m()"
          ÔòÁ               [32m~~~~~~~~~~~~~[0m

  Error occurs in the template of component RefereePanel.

    src/app/features/referee/referee-panel/referee-panel.ts:31:15:
[37m      31 Ôöé   templateUrl: [32m'./referee-panel.html'[37m,
         ÔòÁ                [32m~~~~~~~~~~~~~~~~~~~~~~[0m


[31mX [41;31m[[41;97mERROR[41;31m][0m [1mTS2420: Class 'RefereePanel' incorrectly implements interface 'OnDestroy'.
  Property 'ngOnDestroy' is missing in type 'RefereePanel' but required in type 'OnDestroy'.[0m [1m[35m[plugin angular-compiler][0m

    src/app/features/referee/referee-panel/referee-panel.ts:36:13:
[37m      36 Ôöé export class [32mRefereePanel[37m implements OnInit, OnDestroy {
         ÔòÁ              [32m~~~~~~~~~~~~[0m

  'ngOnDestroy' is declared here.

    node_modules/@angular/core/types/core.d.ts:780:4:
[37m      780 Ôöé     [32mngOnDestroy(): void;[37m
          ÔòÁ     [32m~~~~~~~~~~~~~~~~~~~~[0m


[31mX [41;31m[[41;97mERROR[41;31m][0m [1mTS2420: Class 'RefereePanel' incorrectly implements interface 'OnInit'.
  Property 'ngOnInit' is missing in type 'RefereePanel' but required in type 'OnInit'.[0m [1m[35m[plugin angular-compiler][0m

    src/app/features/referee/referee-panel/referee-panel.ts:36:13:
[37m      36 Ôöé export class [32mRefereePanel[37m implements OnInit, OnDestroy {
         ÔòÁ              [32m~~~~~~~~~~~~[0m

  'ngOnInit' is declared here.

    node_modules/@angular/core/types/core.d.ts:722:4:
[37m      722 Ôöé     [32mngOnInit(): void;[37m
          ÔòÁ     [32m~~~~~~~~~~~~~~~~~[0m


[31mX [41;31m[[41;97mERROR[41;31m][0m [1mTS1128: Declaration or statement expected.[0m [1m[35m[plugin angular-compiler][0m

    src/app/features/referee/referee-panel/referee-panel.ts:138:2:
[37m      138 Ôöé   [32m}[37m);
          ÔòÁ   [32m^[0m


[31mX [41;31m[[41;97mERROR[41;31m][0m [1mTS1128: Declaration or statement expected.[0m [1m[35m[plugin angular-compiler][0m

    src/app/features/referee/referee-panel/referee-panel.ts:138:3:
[37m      138 Ôöé   }[32m)[37m;
          ÔòÁ    [32m^[0m


[31mX [41;31m[[41;97mERROR[41;31m][0m [1mTS1128: Declaration or statement expected.[0m [1m[35m[plugin angular-compiler][0m

    src/app/features/referee/referee-panel/referee-panel.ts:141:2:
[37m      141 Ôöé   [32mreadonly[37m showCourt = computed(() =>
          ÔòÁ   [32m~~~~~~~~[0m


[31mX [41;31m[[41;97mERROR[41;31m][0m [1mTS2304: Cannot find name 'showCourt'.[0m [1m[35m[plugin angular-compiler][0m

    src/app/features/referee/referee-panel/referee-panel.ts:141:11:
[37m      141 Ôöé   readonly [32mshowCourt[37m = computed(() =>
          ÔòÁ            [32m~~~~~~~~~[0m


[31mX [41;31m[[41;97mERROR[41;31m][0m [1mTS2532: Object is possibly 'undefined'.[0m [1m[35m[plugin angular-compiler][0m

    src/app/features/referee/referee-panel/referee-panel.ts:142:4:
[37m      142 Ôöé     [32mthis[37m.ref.sportSlug() === 'volleyball' && this.ref.matchStatus...
          ÔòÁ     [32m~~~~[0m


[31mX [41;31m[[41;97mERROR[41;31m][0m [1mTS2532: Object is possibly 'undefined'.[0m [1m[35m[plugin angular-compiler][0m

    src/app/features/referee/referee-panel/referee-panel.ts:142:45:
[37m      142 Ôöé ...rtSlug() === 'volleyball' && [32mthis[37m.ref.matchStatus() === 'in_pr...
          ÔòÁ                                 [32m~~~~[0m


[31mX [41;31m[[41;97mERROR[41;31m][0m [1mTS1128: Declaration or statement expected.[0m [1m[35m[plugin angular-compiler][0m

    src/app/features/referee/referee-panel/referee-panel.ts:148:2:
[37m      148 Ôöé   [32mreadonly[37m sideATeam = computed<'home' | 'away'>(() => this.rotat...
          ÔòÁ   [32m~~~~~~~~[0m


[31mX [41;31m[[41;97mERROR[41;31m][0m [1mTS2304: Cannot find name 'sideATeam'.[0m [1m[35m[plugin angular-compiler][0m

    src/app/features/referee/referee-panel/referee-panel.ts:148:11:
[37m      148 Ôöé   readonly [32msideATeam[37m = computed<'home' | 'away'>(() => this.rotat...
          ÔòÁ            [32m~~~~~~~~~[0m


[31mX [41;31m[[41;97mERROR[41;31m][0m [1mTS2532: Object is possibly 'undefined'.[0m [1m[35m[plugin angular-compiler][0m

    src/app/features/referee/referee-panel/referee-panel.ts:148:55:
[37m      148 Ôöé ...eam = computed<'home' | 'away'>(() => [32mthis[37m.rotation.sideATeam());
          ÔòÁ                                          [32m~~~~[0m


[31mX [41;31m[[41;97mERROR[41;31m][0m [1mTS1128: Declaration or statement expected.[0m [1m[35m[plugin angular-compiler][0m

    src/app/features/referee/referee-panel/referee-panel.ts:149:2:
[37m      149 Ôöé   [32mreadonly[37m sideBTeam = computed<'home' | 'away'>(() => this.rotat...
          ÔòÁ   [32m~~~~~~~~[0m


[31mX [41;31m[[41;97mERROR[41;31m][0m [1mTS2304: Cannot find name 'sideBTeam'.[0m [1m[35m[plugin angular-compiler][0m

    src/app/features/referee/referee-panel/referee-panel.ts:149:11:
[37m      149 Ôöé   readonly [32msideBTeam[37m = computed<'home' | 'away'>(() => this.rotat...
          ÔòÁ            [32m~~~~~~~~~[0m


[31mX [41;31m[[41;97mERROR[41;31m][0m [1mTS2532: Object is possibly 'undefined'.[0m [1m[35m[plugin angular-compiler][0m

    src/app/features/referee/referee-panel/referee-panel.ts:149:55:
[37m      149 Ôöé ...puted<'home' | 'away'>(() => [32mthis[37m.rotation.sideATeam() === 'ho...
          ÔòÁ                                 [32m~~~~[0m


[31mX [41;31m[[41;97mERROR[41;31m][0m [1mTS1128: Declaration or statement expected.[0m [1m[35m[plugin angular-compiler][0m

    src/app/features/referee/referee-panel/referee-panel.ts:151:2:
[37m      151 Ôöé   [32mreadonly[37m sideAName = computed(() => this.sideATeam() === 'home'...
          ÔòÁ   [32m~~~~~~~~[0m


[31mX [41;31m[[41;97mERROR[41;31m][0m [1mTS2304: Cannot find name 'sideAName'.[0m [1m[35m[plugin angular-compiler][0m

    src/app/features/referee/referee-panel/referee-panel.ts:151:11:
[37m      151 Ôöé   readonly [32msideAName[37m = computed(() => this.sideATeam() === 'home'...
          ÔòÁ            [32m~~~~~~~~~[0m


[31mX [41;31m[[41;97mERROR[41;31m][0m [1mTS2532: Object is possibly 'undefined'.[0m [1m[35m[plugin angular-compiler][0m

    src/app/features/referee/referee-panel/referee-panel.ts:151:38:
[37m      151 Ôöé ...y sideAName = computed(() => [32mthis[37m.sideATeam() === 'home' ? thi...
          ÔòÁ                                 [32m~~~~[0m


[31mX [41;31m[[41;97mERROR[41;31m][0m [1mTS2532: Object is possibly 'undefined'.[0m [1m[35m[plugin angular-compiler][0m

    src/app/features/referee/referee-panel/referee-panel.ts:151:68:
[37m      151 Ôöé ...his.sideATeam() === 'home' ? [32mthis[37m.ref.homeTeamName() : this.re...
          ÔòÁ                                 [32m~~~~[0m


[31mX [41;31m[[41;97mERROR[41;31m][0m [1mTS2532: Object is possibly 'undefined'.[0m [1m[35m[plugin angular-compiler][0m

    src/app/features/referee/referee-panel/referee-panel.ts:151:94:
[37m      151 Ôöé ... === 'home' ? this.ref.homeTeamName() : [32mthis[37m.ref.awayTeamName());
          ÔòÁ                                            [32m~~~~[0m


[31mX [41;31m[[41;97mERROR[41;31m][0m [1mTS1128: Declaration or statement expected.[0m [1m[35m[plugin angular-compiler][0m

    src/app/features/referee/referee-panel/referee-panel.ts:152:2:
[37m      152 Ôöé   [32mreadonly[37m sideBName = computed(() => this.sideBTeam() === 'home'...
          ÔòÁ   [32m~~~~~~~~[0m


[31mX [41;31m[[41;97mERROR[41;31m][0m [1mTS2304: Cannot find name 'sideBName'.[0m [1m[35m[plugin angular-compiler][0m

    src/app/features/referee/referee-panel/referee-panel.ts:152:11:
[37m      152 Ôöé   readonly [32msideBName[37m = computed(() => this.sideBTeam() === 'home'...
          ÔòÁ            [32m~~~~~~~~~[0m


[31mX [41;31m[[41;97mERROR[41;31m][0m [1mTS2532: Object is possibly 'undefined'.[0m [1m[35m[plugin angular-compiler][0m

    src/app/features/referee/referee-panel/referee-panel.ts:152:38:
[37m      152 Ôöé ...y sideBName = computed(() => [32mthis[37m.sideBTeam() === 'home' ? thi...
          ÔòÁ                                 [32m~~~~[0m


[31mX [41;31m[[41;97mERROR[41;31m][0m [1mTS2532: Object is possibly 'undefined'.[0m [1m[35m[plugin angular-compiler][0m

    src/app/features/referee/referee-panel/referee-panel.ts:152:68:
[37m      152 Ôöé ...his.sideBTeam() === 'home' ? [32mthis[37m.ref.homeTeamName() : this.re...
          ÔòÁ                                 [32m~~~~[0m


[31mX [41;31m[[41;97mERROR[41;31m][0m [1mTS2532: Object is possibly 'undefined'.[0m [1m[35m[plugin angular-compiler][0m

    src/app/features/referee/referee-panel/referee-panel.ts:152:94:
[37m      152 Ôöé ... === 'home' ? this.ref.homeTeamName() : [32mthis[37m.ref.awayTeamName());
          ÔòÁ                                            [32m~~~~[0m


[31mX [41;31m[[41;97mERROR[41;31m][0m [1mTS1128: Declaration or statement expected.[0m [1m[35m[plugin angular-compiler][0m

    src/app/features/referee/referee-panel/referee-panel.ts:154:2:
[37m      154 Ôöé   [32mreadonly[37m sideAScore = computed(() => this.sideATeam() === 'home...
          ÔòÁ   [32m~~~~~~~~[0m


[31mX [41;31m[[41;97mERROR[41;31m][0m [1mTS2304: Cannot find name 'sideAScore'.[0m [1m[35m[plugin angular-compiler][0m

    src/app/features/referee/referee-panel/referee-panel.ts:154:11:
[37m      154 Ôöé   readonly [32msideAScore[37m = computed(() => this.sideATeam() === 'home...
          ÔòÁ            [32m~~~~~~~~~~[0m


[31mX [41;31m[[41;97mERROR[41;31m][0m [1mTS2532: Object is possibly 'undefined'.[0m [1m[35m[plugin angular-compiler][0m

    src/app/features/referee/referee-panel/referee-panel.ts:154:39:
[37m      154 Ôöé ... sideAScore = computed(() => [32mthis[37m.sideATeam() === 'home' ? thi...
          ÔòÁ                                 [32m~~~~[0m


[31mX [41;31m[[41;97mERROR[41;31m][0m [1mTS2532: Object is possibly 'undefined'.[0m [1m[35m[plugin angular-compiler][0m

    src/app/features/referee/referee-panel/referee-panel.ts:154:69:
[37m      154 Ôöé ...his.sideATeam() === 'home' ? [32mthis[37m.ref.currentPeriodHomeScore()...
          ÔòÁ                                 [32m~~~~[0m


[31mX [41;31m[[41;97mERROR[41;31m][0m [1mTS2532: Object is possibly 'undefined'.[0m [1m[35m[plugin angular-compiler][0m

    src/app/features/referee/referee-panel/referee-panel.ts:154:105:
[37m      154 Ôöé ...ef.currentPeriodHomeScore() : [32mthis[37m.ref.currentPeriodAwayScore());
          ÔòÁ                                  [32m~~~~[0m


[31mX [41;31m[[41;97mERROR[41;31m][0m [1mTS1128: Declaration or statement expected.[0m [1m[35m[plugin angular-compiler][0m

    src/app/features/referee/referee-panel/referee-panel.ts:155:2:
[37m      155 Ôöé   [32mreadonly[37m sideBScore = computed(() => this.sideBTeam() === 'home...
          ÔòÁ   [32m~~~~~~~~[0m


[31mX [41;31m[[41;97mERROR[41;31m][0m [1mTS2304: Cannot find name 'sideBScore'.[0m [1m[35m[plugin angular-compiler][0m

    src/app/features/referee/referee-panel/referee-panel.ts:155:11:
[37m      155 Ôöé   readonly [32msideBScore[37m = computed(() => this.sideBTeam() === 'home...
          ÔòÁ            [32m~~~~~~~~~~[0m


[31mX [41;31m[[41;97mERROR[41;31m][0m [1mTS2532: Object is possibly 'undefined'.[0m [1m[35m[plugin angular-compiler][0m

    src/app/features/referee/referee-panel/referee-panel.ts:155:39:
[37m      155 Ôöé ... sideBScore = computed(() => [32mthis[37m.sideBTeam() === 'home' ? thi...
          ÔòÁ                                 [32m~~~~[0m


[31mX [41;31m[[41;97mERROR[41;31m][0m [1mTS2532: Object is possibly 'undefined'.[0m [1m[35m[plugin angular-compiler][0m

    src/app/features/referee/referee-panel/referee-panel.ts:155:69:
[37m      155 Ôöé ...his.sideBTeam() === 'home' ? [32mthis[37m.ref.currentPeriodHomeScore()...
          ÔòÁ                                 [32m~~~~[0m


[31mX [41;31m[[41;97mERROR[41;31m][0m [1mTS2532: Object is possibly 'undefined'.[0m [1m[35m[plugin angular-compiler][0m

    src/app/features/referee/referee-panel/referee-panel.ts:155:105:
[37m      155 Ôöé ...ef.currentPeriodHomeScore() : [32mthis[37m.ref.currentPeriodAwayScore());
          ÔòÁ                                  [32m~~~~[0m


[31mX [41;31m[[41;97mERROR[41;31m][0m [1mTS1128: Declaration or statement expected.[0m [1m[35m[plugin angular-compiler][0m

    src/app/features/referee/referee-panel/referee-panel.ts:157:2:
[37m      157 Ôöé   [32mreadonly[37m sideASets = computed(() => this.sideATeam() === 'home'...
          ÔòÁ   [32m~~~~~~~~[0m


[31mX [41;31m[[41;97mERROR[41;31m][0m [1mTS2304: Cannot find name 'sideASets'.[0m [1m[35m[plugin angular-compiler][0m

    src/app/features/referee/referee-panel/referee-panel.ts:157:11:
[37m      157 Ôöé   readonly [32msideASets[37m = computed(() => this.sideATeam() === 'home'...
          ÔòÁ            [32m~~~~~~~~~[0m


[31mX [41;31m[[41;97mERROR[41;31m][0m [1mTS2532: Object is possibly 'undefined'.[0m [1m[35m[plugin angular-compiler][0m

    src/app/features/referee/referee-panel/referee-panel.ts:157:38:
[37m      157 Ôöé ...y sideASets = computed(() => [32mthis[37m.sideATeam() === 'home' ? thi...
          ÔòÁ                                 [32m~~~~[0m


[31mX [41;31m[[41;97mERROR[41;31m][0m [1mTS2532: Object is possibly 'undefined'.[0m [1m[35m[plugin angular-compiler][0m

    src/app/features/referee/referee-panel/referee-panel.ts:157:68:
[37m      157 Ôöé ...his.sideATeam() === 'home' ? [32mthis[37m.ref.homeSetsWon() : this.ref...
          ÔòÁ                                 [32m~~~~[0m


[31mX [41;31m[[41;97mERROR[41;31m][0m [1mTS2532: Object is possibly 'undefined'.[0m [1m[35m[plugin angular-compiler][0m

    src/app/features/referee/referee-panel/referee-panel.ts:157:93:
[37m      157 Ôöé ...() === 'home' ? this.ref.homeSetsWon() : [32mthis[37m.ref.awaySetsWon());
          ÔòÁ                                             [32m~~~~[0m


[31mX [41;31m[[41;97mERROR[41;31m][0m [1mTS1128: Declaration or statement expected.[0m [1m[35m[plugin angular-compiler][0m

    src/app/features/referee/referee-panel/referee-panel.ts:158:2:
[37m      158 Ôöé   [32mreadonly[37m sideBSets = computed(() => this.sideBTeam() === 'home'...
          ÔòÁ   [32m~~~~~~~~[0m


[31mX [41;31m[[41;97mERROR[41;31m][0m [1mTS2304: Cannot find name 'sideBSets'.[0m [1m[35m[plugin angular-compiler][0m

    src/app/features/referee/referee-panel/referee-panel.ts:158:11:
[37m      158 Ôöé   readonly [32msideBSets[37m = computed(() => this.sideBTeam() === 'home'...
          ÔòÁ            [32m~~~~~~~~~[0m


[31mX [41;31m[[41;97mERROR[41;31m][0m [1mTS2532: Object is possibly 'undefined'.[0m [1m[35m[plugin angular-compiler][0m

    src/app/features/referee/referee-panel/referee-panel.ts:158:38:
[37m      158 Ôöé ...y sideBSets = computed(() => [32mthis[37m.sideBTeam() === 'home' ? thi...
          ÔòÁ                                 [32m~~~~[0m


[31mX [41;31m[[41;97mERROR[41;31m][0m [1mTS2532: Object is possibly 'undefined'.[0m [1m[35m[plugin angular-compiler][0m

    src/app/features/referee/referee-panel/referee-panel.ts:158:68:
[37m      158 Ôöé ...his.sideBTeam() === 'home' ? [32mthis[37m.ref.homeSetsWon() : this.ref...
          ÔòÁ                                 [32m~~~~[0m


[31mX [41;31m[[41;97mERROR[41;31m][0m [1mTS2532: Object is possibly 'undefined'.[0m [1m[35m[plugin angular-compiler][0m

    src/app/features/referee/referee-panel/referee-panel.ts:158:93:
[37m      158 Ôöé ...() === 'home' ? this.ref.homeSetsWon() : [32mthis[37m.ref.awaySetsWon());
          ÔòÁ                                             [32m~~~~[0m


[31mX [41;31m[[41;97mERROR[41;31m][0m [1mTS1128: Declaration or statement expected.[0m [1m[35m[plugin angular-compiler][0m

    src/app/features/referee/referee-panel/referee-panel.ts:160:2:
[37m      160 Ôöé   [32mreadonly[37m sideAColor = computed(() => this.sideATeam() === 'home...
          ÔòÁ   [32m~~~~~~~~[0m


[31mX [41;31m[[41;97mERROR[41;31m][0m [1mTS2304: Cannot find name 'sideAColor'.[0m [1m[35m[plugin angular-compiler][0m

    src/app/features/referee/referee-panel/referee-panel.ts:160:11:
[37m      160 Ôöé   readonly [32msideAColor[37m = computed(() => this.sideATeam() === 'home...
          ÔòÁ            [32m~~~~~~~~~~[0m


[31mX [41;31m[[41;97mERROR[41;31m][0m [1mTS2532: Object is possibly 'undefined'.[0m [1m[35m[plugin angular-compiler][0m

    src/app/features/referee/referee-panel/referee-panel.ts:160:39:
[37m      160 Ôöé ... sideAColor = computed(() => [32mthis[37m.sideATeam() === 'home' ? thi...
          ÔòÁ                                 [32m~~~~[0m


[31mX [41;31m[[41;97mERROR[41;31m][0m [1mTS2532: Object is possibly 'undefined'.[0m [1m[35m[plugin angular-compiler][0m

    src/app/features/referee/referee-panel/referee-panel.ts:160:69:
[37m      160 Ôöé ...his.sideATeam() === 'home' ? [32mthis[37m.ref.homeColor() : this.ref.a...
          ÔòÁ                                 [32m~~~~[0m


[31mX [41;31m[[41;97mERROR[41;31m][0m [1mTS2532: Object is possibly 'undefined'.[0m [1m[35m[plugin angular-compiler][0m

    src/app/features/referee/referee-panel/referee-panel.ts:160:92:
[37m      160 Ôöé ...Team() === 'home' ? this.ref.homeColor() : [32mthis[37m.ref.awayColor());
          ÔòÁ                                               [32m~~~~[0m


[31mX [41;31m[[41;97mERROR[41;31m][0m [1mTS1128: Declaration or statement expected.[0m [1m[35m[plugin angular-compiler][0m

    src/app/features/referee/referee-panel/referee-panel.ts:161:2:
[37m      161 Ôöé   [32mreadonly[37m sideBColor = computed(() => this.sideBTeam() === 'home...
          ÔòÁ   [32m~~~~~~~~[0m


[31mX [41;31m[[41;97mERROR[41;31m][0m [1mTS2304: Cannot find name 'sideBColor'.[0m [1m[35m[plugin angular-compiler][0m

    src/app/features/referee/referee-panel/referee-panel.ts:161:11:
[37m      161 Ôöé   readonly [32msideBColor[37m = computed(() => this.sideBTeam() === 'home...
          ÔòÁ            [32m~~~~~~~~~~[0m


[31mX [41;31m[[41;97mERROR[41;31m][0m [1mTS2532: Object is possibly 'undefined'.[0m [1m[35m[plugin angular-compiler][0m

    src/app/features/referee/referee-panel/referee-panel.ts:161:39:
[37m      161 Ôöé ... sideBColor = computed(() => [32mthis[37m.sideBTeam() === 'home' ? thi...
          ÔòÁ                                 [32m~~~~[0m


[31mX [41;31m[[41;97mERROR[41;31m][0m [1mTS2532: Object is possibly 'undefined'.[0m [1m[35m[plugin angular-compiler][0m

    src/app/features/referee/referee-panel/referee-panel.ts:161:69:
[37m      161 Ôöé ...his.sideBTeam() === 'home' ? [32mthis[37m.ref.homeColor() : this.ref.a...
          ÔòÁ                                 [32m~~~~[0m


[31mX [41;31m[[41;97mERROR[41;31m][0m [1mTS2532: Object is possibly 'undefined'.[0m [1m[35m[plugin angular-compiler][0m

    src/app/features/referee/referee-panel/referee-panel.ts:161:92:
[37m      161 Ôöé ...Team() === 'home' ? this.ref.homeColor() : [32mthis[37m.ref.awayColor());
          ÔòÁ                                               [32m~~~~[0m


[31mX [41;31m[[41;97mERROR[41;31m][0m [1mTS1128: Declaration or statement expected.[0m [1m[35m[plugin angular-compiler][0m

    src/app/features/referee/referee-panel/referee-panel.ts:164:2:
[37m      164 Ôöé   [32mreadonly[37m isServingSideA = computed(() => {
          ÔòÁ   [32m~~~~~~~~[0m


[31mX [41;31m[[41;97mERROR[41;31m][0m [1mTS2304: Cannot find name 'isServingSideA'.[0m [1m[35m[plugin angular-compiler][0m

    src/app/features/referee/referee-panel/referee-panel.ts:164:11:
[37m      164 Ôöé   readonly [32misServingSideA[37m = computed(() => {
          ÔòÁ            [32m~~~~~~~~~~~~~~[0m


[31mX [41;31m[[41;97mERROR[41;31m][0m [1mTS2532: Object is possibly 'undefined'.[0m [1m[35m[plugin angular-compiler][0m

    src/app/features/referee/referee-panel/referee-panel.ts:165:24:
[37m      165 Ôöé     const servingTeam = [32mthis[37m.rotation.servingTeam();
          ÔòÁ                         [32m~~~~[0m


[31mX [41;31m[[41;97mERROR[41;31m][0m [1mTS2532: Object is possibly 'undefined'.[0m [1m[35m[plugin angular-compiler][0m

    src/app/features/referee/referee-panel/referee-panel.ts:166:27:
[37m      166 Ôöé     return servingTeam === [32mthis[37m.sideATeam();
          ÔòÁ                            [32m~~~~[0m


[31mX [41;31m[[41;97mERROR[41;31m][0m [1mTS1128: Declaration or statement expected.[0m [1m[35m[plugin angular-compiler][0m

    src/app/features/referee/referee-panel/referee-panel.ts:170:2:
[37m      170 Ôöé   [32mreadonly[37m showDecisiveToss = computed(() => this.rotation.needsD...
          ÔòÁ   [32m~~~~~~~~[0m


[31mX [41;31m[[41;97mERROR[41;31m][0m [1mTS2304: Cannot find name 'showDecisiveToss'.[0m [1m[35m[plugin angular-compiler][0m

    src/app/features/referee/referee-panel/referee-panel.ts:170:11:
[37m      170 Ôöé   readonly [32mshowDecisiveToss[37m = computed(() => this.rotation.needsD...
          ÔòÁ            [32m~~~~~~~~~~~~~~~~[0m


[31mX [41;31m[[41;97mERROR[41;31m][0m [1mTS2532: Object is possibly 'undefined'.[0m [1m[35m[plugin angular-compiler][0m

    src/app/features/referee/referee-panel/referee-panel.ts:170:45:
[37m      170 Ôöé ...DecisiveToss = computed(() => [32mthis[37m.rotation.needsDecisiveToss());
          ÔòÁ                                  [32m~~~~[0m


[31mX [41;31m[[41;97mERROR[41;31m][0m [1mTS1128: Declaration or statement expected.[0m [1m[35m[plugin angular-compiler][0m

    src/app/features/referee/referee-panel/referee-panel.ts:173:2:
[37m      173 Ôöé   [32mreadonly[37m sportBallIcon = computed(() => {
          ÔòÁ   [32m~~~~~~~~[0m


[31mX [41;31m[[41;97mERROR[41;31m][0m [1mTS2304: Cannot find name 'sportBallIcon'.[0m [1m[35m[plugin angular-compiler][0m

    src/app/features/referee/referee-panel/referee-panel.ts:173:11:
[37m      173 Ôöé   readonly [32msportBallIcon[37m = computed(() => {
          ÔòÁ            [32m~~~~~~~~~~~~~[0m


[31mX [41;31m[[41;97mERROR[41;31m][0m [1mTS2532: Object is possibly 'undefined'.[0m [1m[35m[plugin angular-compiler][0m

    src/app/features/referee/referee-panel/referee-panel.ts:174:17:
[37m      174 Ôöé     const slug = [32mthis[37m.ref.sportSlug();
          ÔòÁ                  [32m~~~~[0m


[31mX [41;31m[[41;97mERROR[41;31m][0m [1mTS1128: Declaration or statement expected.[0m [1m[35m[plugin angular-compiler][0m

    src/app/features/referee/referee-panel/referee-panel.ts:185:2:
[37m      185 Ôöé   [32mreadonly[37m sideASetsArray = computed(() => Array.from({ length: t...
          ÔòÁ   [32m~~~~~~~~[0m


[31mX [41;31m[[41;97mERROR[41;31m][0m [1mTS2304: Cannot find name 'sideASetsArray'.[0m [1m[35m[plugin angular-compiler][0m

    src/app/features/referee/referee-panel/referee-panel.ts:185:11:
[37m      185 Ôöé   readonly [32msideASetsArray[37m = computed(() => Array.from({ length: t...
          ÔòÁ            [32m~~~~~~~~~~~~~~[0m


[31mX [41;31m[[41;97mERROR[41;31m][0m [1mTS2532: Object is possibly 'undefined'.[0m [1m[35m[plugin angular-compiler][0m

    src/app/features/referee/referee-panel/referee-panel.ts:185:64:
[37m      185 Ôöé ...ted(() => Array.from({ length: [32mthis[37m.sideASets() }, (_, i) => i));
          ÔòÁ                                   [32m~~~~[0m


[31mX [41;31m[[41;97mERROR[41;31m][0m [1mTS1128: Declaration or statement expected.[0m [1m[35m[plugin angular-compiler][0m

    src/app/features/referee/referee-panel/referee-panel.ts:186:2:
[37m      186 Ôöé   [32mreadonly[37m sideBSetsArray = computed(() => Array.from({ length: t...
          ÔòÁ   [32m~~~~~~~~[0m


[31mX [41;31m[[41;97mERROR[41;31m][0m [1mTS2304: Cannot find name 'sideBSetsArray'.[0m [1m[35m[plugin angular-compiler][0m

    src/app/features/referee/referee-panel/referee-panel.ts:186:11:
[37m      186 Ôöé   readonly [32msideBSetsArray[37m = computed(() => Array.from({ length: t...
          ÔòÁ            [32m~~~~~~~~~~~~~~[0m


[31mX [41;31m[[41;97mERROR[41;31m][0m [1mTS2532: Object is possibly 'undefined'.[0m [1m[35m[plugin angular-compiler][0m

    src/app/features/referee/referee-panel/referee-panel.ts:186:64:
[37m      186 Ôöé ...ted(() => Array.from({ length: [32mthis[37m.sideBSets() }, (_, i) => i));
          ÔòÁ                                   [32m~~~~[0m


[31mX [41;31m[[41;97mERROR[41;31m][0m [1mTS1128: Declaration or statement expected.[0m [1m[35m[plugin angular-compiler][0m

    src/app/features/referee/referee-panel/referee-panel.ts:189:2:
[37m      189 Ôöé   [32mprivate[37m timerSyncInterval: ReturnType<typeof setInterval> | nul...
          ÔòÁ   [32m~~~~~~~[0m


[31mX [41;31m[[41;97mERROR[41;31m][0m [1mTS2693: 'ReturnType' only refers to a type, but is being used as a value here.[0m 
[1m[35m[plugin angular-compiler][0m

    src/app/features/referee/referee-panel/referee-panel.ts:189:29:
[37m      189 Ôöé   private timerSyncInterval: [32mReturnType[37m<typeof setInterval> | nul...
          ÔòÁ                              [32m~~~~~~~~~~[0m


[31mX [41;31m[[41;97mERROR[41;31m][0m [1mTS18050: The value 'null' cannot be used here.[0m [1m[35m[plugin angular-compiler][0m

    src/app/features/referee/referee-panel/referee-panel.ts:189:62:
[37m      189 Ôöé ... timerSyncInterval: ReturnType<typeof setInterval> | [32mnull[37m = null;
          ÔòÁ                                                         [32m~~~~[0m


[31mX [41;31m[[41;97mERROR[41;31m][0m [1mTS1005: ';' expected.[0m [1m[35m[plugin angular-compiler][0m

    src/app/features/referee/referee-panel/referee-panel.ts:189:67:
[37m      189 Ôöé ... timerSyncInterval: ReturnType<typeof setInterval> | null [32m=[37m null;
          ÔòÁ                                                              [32m^[0m


[31mX [41;31m[[41;97mERROR[41;31m][0m [1mTS1128: Declaration or statement expected.[0m [1m[35m[plugin angular-compiler][0m

    src/app/features/referee/referee-panel/referee-panel.ts:190:2:
[37m      190 Ôöé   [32mprivate[37m rotationInitialized = false;
          ÔòÁ   [32m~~~~~~~[0m


[31mX [41;31m[[41;97mERROR[41;31m][0m [1mTS2304: Cannot find name 'rotationInitialized'.[0m [1m[35m[plugin angular-compiler][0m

    src/app/features/referee/referee-panel/referee-panel.ts:190:10:
[37m      190 Ôöé   private [32mrotationInitialized[37m = false;
          ÔòÁ           [32m~~~~~~~~~~~~~~~~~~~[0m


[31mX [41;31m[[41;97mERROR[41;31m][0m [1mTS2304: Cannot find name 'constructor'.[0m [1m[35m[plugin angular-compiler][0m

    src/app/features/referee/referee-panel/referee-panel.ts:192:2:
[37m      192 Ôöé   [32mconstructor[37m() {
          ÔòÁ   [32m~~~~~~~~~~~[0m


[31mX [41;31m[[41;97mERROR[41;31m][0m [1mTS1005: ';' expected.[0m [1m[35m[plugin angular-compiler][0m

    src/app/features/referee/referee-panel/referee-panel.ts:192:16:
[37m      192 Ôöé   constructor() [32m{[37m
          ÔòÁ                 [32m^[0m


[31mX [41;31m[[41;97mERROR[41;31m][0m [1mTS2532: Object is possibly 'undefined'.[0m [1m[35m[plugin angular-compiler][0m

    src/app/features/referee/referee-panel/referee-panel.ts:195:21:
[37m      195 Ôöé       const status = [32mthis[37m.ref.matchStatus();
          ÔòÁ                      [32m~~~~[0m


[31mX [41;31m[[41;97mERROR[41;31m][0m [1mTS2532: Object is possibly 'undefined'.[0m [1m[35m[plugin angular-compiler][0m

    src/app/features/referee/referee-panel/referee-panel.ts:196:20:
[37m      196 Ôöé       const sport = [32mthis[37m.ref.sportSlug();
          ÔòÁ                     [32m~~~~[0m


[31mX [41;31m[[41;97mERROR[41;31m][0m [1mTS2532: Object is possibly 'undefined'.[0m [1m[35m[plugin angular-compiler][0m

    src/app/features/referee/referee-panel/referee-panel.ts:197:26:
[37m      197 Ôöé       const homePlayers = [32mthis[37m.ref.homePlayers();
          ÔòÁ                           [32m~~~~[0m


[31mX [41;31m[[41;97mERROR[41;31m][0m [1mTS2532: Object is possibly 'undefined'.[0m [1m[35m[plugin angular-compiler][0m

    src/app/features/referee/referee-panel/referee-panel.ts:198:26:
[37m      198 Ôöé       const awayPlayers = [32mthis[37m.ref.awayPlayers();
          ÔòÁ                           [32m~~~~[0m


[31mX [41;31m[[41;97mERROR[41;31m][0m [1mTS2532: Object is possibly 'undefined'.[0m [1m[35m[plugin angular-compiler][0m

    src/app/features/referee/referee-panel/referee-panel.ts:200:117:
[37m      200 Ôöé ...gth > 0 && awayPlayers.length > 0 && ![32mthis[37m.rotationInitialized) {
          ÔòÁ                                          [32m~~~~[0m


[31mX [41;31m[[41;97mERROR[41;31m][0m [1mTS2532: Object is possibly 'undefined'.[0m [1m[35m[plugin angular-compiler][0m

    src/app/features/referee/referee-panel/referee-panel.ts:201:8:
[37m      201 Ôöé         [32mthis[37m.rotationInitialized = true;
          ÔòÁ         [32m~~~~[0m


[31mX [41;31m[[41;97mERROR[41;31m][0m [1mTS2532: Object is possibly 'undefined'.[0m [1m[35m[plugin angular-compiler][0m

    src/app/features/referee/referee-panel/referee-panel.ts:204:25:
[37m      204 Ôöé         const restored = [32mthis[37m.rotation.restoreState(this.id());
          ÔòÁ                          [32m~~~~[0m


[31mX [41;31m[[41;97mERROR[41;31m][0m [1mTS2532: Object is possibly 'undefined'.[0m [1m[35m[plugin angular-compiler][0m

    src/app/features/referee/referee-panel/referee-panel.ts:204:52:
[37m      204 Ôöé         const restored = this.rotation.restoreState([32mthis[37m.id());
          ÔòÁ                                                     [32m~~~~[0m


[31mX [41;31m[[41;97mERROR[41;31m][0m [1mTS2532: Object is possibly 'undefined'.[0m [1m[35m[plugin angular-compiler][0m

    src/app/features/referee/referee-panel/referee-panel.ts:211:8:
[37m      211 Ôöé         [32mthis[37m.initializeRotationFromData(homePlayers, awayPlayers);
          ÔòÁ         [32m~~~~[0m


[31mX [41;31m[[41;97mERROR[41;31m][0m [1mTS1128: Declaration or statement expected.[0m [1m[35m[plugin angular-compiler][0m

    src/app/features/referee/referee-panel/referee-panel.ts:221:2:
[37m      221 Ôöé   [32mprivate[37m initializeRotationFromData(
          ÔòÁ   [32m~~~~~~~[0m


[31mX [41;31m[[41;97mERROR[41;31m][0m [1mTS2304: Cannot find name 'initializeRotationFromData'.[0m [1m[35m[plugin 
angular-compiler][0m

    src/app/features/referee/referee-panel/referee-panel.ts:221:10:
[37m      221 Ôöé   private [32minitializeRotationFromData[37m(
          ÔòÁ           [32m~~~~~~~~~~~~~~~~~~~~~~~~~~[0m


[31mX [41;31m[[41;97mERROR[41;31m][0m [1mTS2304: Cannot find name 'homePlayers'.[0m [1m[35m[plugin angular-compiler][0m

    src/app/features/referee/referee-panel/referee-panel.ts:222:4:
[37m      222 Ôöé     [32mhomePlayers[37m: Array<{ id: string; jerseyNumber: number; name: ...
          ÔòÁ     [32m~~~~~~~~~~~[0m


[31mX [41;31m[[41;97mERROR[41;31m][0m [1mTS1005: ',' expected.[0m [1m[35m[plugin angular-compiler][0m

    src/app/features/referee/referee-panel/referee-panel.ts:222:15:
[37m      222 Ôöé     homePlayers[32m:[37m Array<{ id: string; jerseyNumber: number; name: ...
          ÔòÁ                [32m^[0m


[31mX [41;31m[[41;97mERROR[41;31m][0m [1mTS2304: Cannot find name 'awayPlayers'.[0m [1m[35m[plugin angular-compiler][0m

    src/app/features/referee/referee-panel/referee-panel.ts:223:4:
[37m      223 Ôöé     [32mawayPlayers[37m: Array<{ id: string; jerseyNumber: number; name: ...
          ÔòÁ     [32m~~~~~~~~~~~[0m


[31mX [41;31m[[41;97mERROR[41;31m][0m [1mTS1005: ',' expected.[0m [1m[35m[plugin angular-compiler][0m

    src/app/features/referee/referee-panel/referee-panel.ts:223:15:
[37m      223 Ôöé     awayPlayers[32m:[37m Array<{ id: string; jerseyNumber: number; name: ...
          ÔòÁ                [32m^[0m


[31mX [41;31m[[41;97mERROR[41;31m][0m [1mTS1005: ';' expected.[0m [1m[35m[plugin angular-compiler][0m

    src/app/features/referee/referee-panel/referee-panel.ts:224:3:
[37m      224 Ôöé   )[32m:[37m void {
          ÔòÁ    [32m^[0m


[31mX [41;31m[[41;97mERROR[41;31m][0m [1mTS1005: ':' expected.[0m [1m[35m[plugin angular-compiler][0m

    src/app/features/referee/referee-panel/referee-panel.ts:226:8:
[37m      226 Ôöé     this[32m.[37mrotation.restoreState(this.id());
          ÔòÁ         [32m^[0m


[31mX [41;31m[[41;97mERROR[41;31m][0m [1mTS2532: Object is possibly 'undefined'.[0m [1m[35m[plugin angular-compiler][0m

    src/app/features/referee/referee-panel/referee-panel.ts:226:31:
[37m      226 Ôöé     this.rotation.restoreState([32mthis[37m.id());
          ÔòÁ                                [32m~~~~[0m


[31mX [41;31m[[41;97mERROR[41;31m][0m [1mTS1005: ',' expected.[0m [1m[35m[plugin angular-compiler][0m

    src/app/features/referee/referee-panel/referee-panel.ts:226:41:
[37m      226 Ôöé     this.rotation.restoreState(this.id())[32m;[37m
          ÔòÁ                                          [32m^[0m


[31mX [41;31m[[41;97mERROR[41;31m][0m [1mTS1005: ':' expected.[0m [1m[35m[plugin angular-compiler][0m

    src/app/features/referee/referee-panel/referee-panel.ts:229:8:
[37m      229 Ôöé     this[32m.[37mref.getMatchSetup().subscribe({
          ÔòÁ         [32m^[0m


[31mX [41;31m[[41;97mERROR[41;31m][0m [1mTS7006: Parameter 'setup' implicitly has an 'any' type.[0m [1m[35m[plugin 
angular-compiler][0m

    src/app/features/referee/referee-panel/referee-panel.ts:230:13:
[37m      230 Ôöé       next: ([32msetup[37m) => {
          ÔòÁ              [32m~~~~~[0m


[31mX [41;31m[[41;97mERROR[41;31m][0m [1mTS2532: Object is possibly 'undefined'.[0m [1m[35m[plugin angular-compiler][0m

    src/app/features/referee/referee-panel/referee-panel.ts:236:41:
[37m      236 Ôöé ... (setup.firstServeTeamId === [32mthis[37m.ref.awayTeamId()) firstServe...
          ÔòÁ                                 [32m~~~~[0m


[31mX [41;31m[[41;97mERROR[41;31m][0m [1mTS2532: Object is possibly 'undefined'.[0m [1m[35m[plugin angular-compiler][0m

    src/app/features/referee/referee-panel/referee-panel.ts:242:8:
[37m      242 Ôöé         [32mthis[37m.ref.getMatchLineups().subscribe({
          ÔòÁ         [32m~~~~[0m


[31mX [41;31m[[41;97mERROR[41;31m][0m [1mTS7006: Parameter 'lineups' implicitly has an 'any' type.[0m [1m[35m[plugin 
angular-compiler][0m

    src/app/features/referee/referee-panel/referee-panel.ts:243:17:
[37m      243 Ôöé           next: ([32mlineups[37m) => {
          ÔòÁ                  [32m~~~~~~~[0m


[31mX [41;31m[[41;97mERROR[41;31m][0m [1mTS2304: Cannot find name 'homePlayers'.[0m [1m[35m[plugin angular-compiler][0m

    src/app/features/referee/referee-panel/referee-panel.ts:249:31:
[37m      249 Ôöé ...           const player = [32mhomePlayers[37m.find((pl) => pl.id === p...
          ÔòÁ                              [32m~~~~~~~~~~~[0m


[31mX [41;31m[[41;97mERROR[41;31m][0m [1mTS7006: Parameter 'pl' implicitly has an 'any' type.[0m [1m[35m[plugin 
angular-compiler][0m

    src/app/features/referee/referee-panel/referee-panel.ts:249:49:
[37m      249 Ôöé ...   const player = homePlayers.find(([32mpl[37m) => pl.id === p.playerId);
          ÔòÁ                                        [32m~~[0m


[31mX [41;31m[[41;97mERROR[41;31m][0m [1mTS2304: Cannot find name 'homePlayers'.[0m [1m[35m[plugin angular-compiler][0m

    src/app/features/referee/referee-panel/referee-panel.ts:260:29:
[37m      260 Ôöé               homeStarters = [32mhomePlayers[37m.slice(0, 6).map((p, i) =...
          ÔòÁ                              [32m~~~~~~~~~~~[0m


[31mX [41;31m[[41;97mERROR[41;31m][0m [1mTS7006: Parameter 'p' implicitly has an 'any' type.[0m [1m[35m[plugin 
angular-compiler][0m

    src/app/features/referee/referee-panel/referee-panel.ts:260:58:
[37m      260 Ôöé ...          homeStarters = homePlayers.slice(0, 6).map(([32mp[37m, i) => ({
          ÔòÁ                                                          [32m^[0m


[31mX [41;31m[[41;97mERROR[41;31m][0m [1mTS7006: Parameter 'i' implicitly has an 'any' type.[0m [1m[35m[plugin 
angular-compiler][0m

    src/app/features/referee/referee-panel/referee-panel.ts:260:61:
[37m      260 Ôöé ...          homeStarters = homePlayers.slice(0, 6).map((p, [32mi[37m) => ({
          ÔòÁ                                                             [32m^[0m


[31mX [41;31m[[41;97mERROR[41;31m][0m [1mTS2304: Cannot find name 'awayPlayers'.[0m [1m[35m[plugin angular-compiler][0m

    src/app/features/referee/referee-panel/referee-panel.ts:268:31:
[37m      268 Ôöé ...           const player = [32mawayPlayers[37m.find((pl) => pl.id === p...
          ÔòÁ                              [32m~~~~~~~~~~~[0m


[31mX [41;31m[[41;97mERROR[41;31m][0m [1mTS7006: Parameter 'pl' implicitly has an 'any' type.[0m [1m[35m[plugin 
angular-compiler][0m

    src/app/features/referee/referee-panel/referee-panel.ts:268:49:
[37m      268 Ôöé ...   const player = awayPlayers.find(([32mpl[37m) => pl.id === p.playerId);
          ÔòÁ                                        [32m~~[0m


[31mX [41;31m[[41;97mERROR[41;31m][0m [1mTS2304: Cannot find name 'awayPlayers'.[0m [1m[35m[plugin angular-compiler][0m

    src/app/features/referee/referee-panel/referee-panel.ts:279:29:
[37m      279 Ôöé               awayStarters = [32mawayPlayers[37m.slice(0, 6).map((p, i) =...
          ÔòÁ                              [32m~~~~~~~~~~~[0m


[31mX [41;31m[[41;97mERROR[41;31m][0m [1mTS7006: Parameter 'p' implicitly has an 'any' type.[0m [1m[35m[plugin 
angular-compiler][0m

    src/app/features/referee/referee-panel/referee-panel.ts:279:58:
[37m      279 Ôöé ...          awayStarters = awayPlayers.slice(0, 6).map(([32mp[37m, i) => ({
          ÔòÁ                                                          [32m^[0m


[31mX [41;31m[[41;97mERROR[41;31m][0m [1mTS7006: Parameter 'i' implicitly has an 'any' type.[0m [1m[35m[plugin 
angular-compiler][0m

    src/app/features/referee/referee-panel/referee-panel.ts:279:61:
[37m      279 Ôöé ...          awayStarters = awayPlayers.slice(0, 6).map((p, [32mi[37m) => ({
          ÔòÁ                                                             [32m^[0m


[31mX [41;31m[[41;97mERROR[41;31m][0m [1mTS2532: Object is possibly 'undefined'.[0m [1m[35m[plugin angular-compiler][0m

    src/app/features/referee/referee-panel/referee-panel.ts:285:12:
[37m      285 Ôöé             [32mthis[37m.rotation.initialize(homeStarters, awayStarters, ...
          ÔòÁ             [32m~~~~[0m


[31mX [41;31m[[41;97mERROR[41;31m][0m [1mTS2304: Cannot find name 'homePlayers'.[0m [1m[35m[plugin angular-compiler][0m

    src/app/features/referee/referee-panel/referee-panel.ts:289:33:
[37m      289 Ôöé ...     const homeStarters = [32mhomePlayers[37m.slice(0, 6).map((p, i) =...
          ÔòÁ                              [32m~~~~~~~~~~~[0m


[31mX [41;31m[[41;97mERROR[41;31m][0m [1mTS7006: Parameter 'p' implicitly has an 'any' type.[0m [1m[35m[plugin 
angular-compiler][0m

    src/app/features/referee/referee-panel/referee-panel.ts:289:62:
[37m      289 Ôöé ...    const homeStarters = homePlayers.slice(0, 6).map(([32mp[37m, i) => ({
          ÔòÁ                                                          [32m^[0m


[31mX [41;31m[[41;97mERROR[41;31m][0m [1mTS7006: Parameter 'i' implicitly has an 'any' type.[0m [1m[35m[plugin 
angular-compiler][0m

    src/app/features/referee/referee-panel/referee-panel.ts:289:65:
[37m      289 Ôöé ...    const homeStarters = homePlayers.slice(0, 6).map((p, [32mi[37m) => ({
          ÔòÁ                                                             [32m^[0m


[31mX [41;31m[[41;97mERROR[41;31m][0m [1mTS2304: Cannot find name 'awayPlayers'.[0m [1m[35m[plugin angular-compiler][0m

    src/app/features/referee/referee-panel/referee-panel.ts:293:33:
[37m      293 Ôöé ...     const awayStarters = [32mawayPlayers[37m.slice(0, 6).map((p, i) =...
          ÔòÁ                              [32m~~~~~~~~~~~[0m


[31mX [41;31m[[41;97mERROR[41;31m][0m [1mTS7006: Parameter 'p' implicitly has an 'any' type.[0m [1m[35m[plugin 
angular-compiler][0m

    src/app/features/referee/referee-panel/referee-panel.ts:293:62:
[37m      293 Ôöé ...    const awayStarters = awayPlayers.slice(0, 6).map(([32mp[37m, i) => ({
          ÔòÁ                                                          [32m^[0m


[31mX [41;31m[[41;97mERROR[41;31m][0m [1mTS7006: Parameter 'i' implicitly has an 'any' type.[0m [1m[35m[plugin 
angular-compiler][0m

    src/app/features/referee/referee-panel/referee-panel.ts:293:65:
[37m      293 Ôöé ...    const awayStarters = awayPlayers.slice(0, 6).map((p, [32mi[37m) => ({
          ÔòÁ                                                             [32m^[0m


[31mX [41;31m[[41;97mERROR[41;31m][0m [1mTS2532: Object is possibly 'undefined'.[0m [1m[35m[plugin angular-compiler][0m

    src/app/features/referee/referee-panel/referee-panel.ts:297:12:
[37m      297 Ôöé             [32mthis[37m.rotation.initialize(homeStarters, awayStarters, ...
          ÔòÁ             [32m~~~~[0m


[31mX [41;31m[[41;97mERROR[41;31m][0m [1mTS2304: Cannot find name 'homePlayers'.[0m [1m[35m[plugin angular-compiler][0m

    src/app/features/referee/referee-panel/referee-panel.ts:303:29:
[37m      303 Ôöé         const homeStarters = [32mhomePlayers[37m.slice(0, 6).map((p, i) =...
          ÔòÁ                              [32m~~~~~~~~~~~[0m


[31mX [41;31m[[41;97mERROR[41;31m][0m [1mTS7006: Parameter 'p' implicitly has an 'any' type.[0m [1m[35m[plugin 
angular-compiler][0m

    src/app/features/referee/referee-panel/referee-panel.ts:303:58:
[37m      303 Ôöé ...    const homeStarters = homePlayers.slice(0, 6).map(([32mp[37m, i) => ({
          ÔòÁ                                                          [32m^[0m


[31mX [41;31m[[41;97mERROR[41;31m][0m [1mTS7006: Parameter 'i' implicitly has an 'any' type.[0m [1m[35m[plugin 
angular-compiler][0m

    src/app/features/referee/referee-panel/referee-panel.ts:303:61:
[37m      303 Ôöé ...    const homeStarters = homePlayers.slice(0, 6).map((p, [32mi[37m) => ({
          ÔòÁ                                                             [32m^[0m


[31mX [41;31m[[41;97mERROR[41;31m][0m [1mTS2304: Cannot find name 'awayPlayers'.[0m [1m[35m[plugin angular-compiler][0m

    src/app/features/referee/referee-panel/referee-panel.ts:307:29:
[37m      307 Ôöé         const awayStarters = [32mawayPlayers[37m.slice(0, 6).map((p, i) =...
          ÔòÁ                              [32m~~~~~~~~~~~[0m


[31mX [41;31m[[41;97mERROR[41;31m][0m [1mTS7006: Parameter 'p' implicitly has an 'any' type.[0m [1m[35m[plugin 
angular-compiler][0m

    src/app/features/referee/referee-panel/referee-panel.ts:307:58:
[37m      307 Ôöé ...    const awayStarters = awayPlayers.slice(0, 6).map(([32mp[37m, i) => ({
          ÔòÁ                                                          [32m^[0m


[31mX [41;31m[[41;97mERROR[41;31m][0m [1mTS7006: Parameter 'i' implicitly has an 'any' type.[0m [1m[35m[plugin 
angular-compiler][0m

    src/app/features/referee/referee-panel/referee-panel.ts:307:61:
[37m      307 Ôöé ...    const awayStarters = awayPlayers.slice(0, 6).map((p, [32mi[37m) => ({
          ÔòÁ                                                             [32m^[0m


[31mX [41;31m[[41;97mERROR[41;31m][0m [1mTS2532: Object is possibly 'undefined'.[0m [1m[35m[plugin angular-compiler][0m

    src/app/features/referee/referee-panel/referee-panel.ts:311:8:
[37m      311 Ôöé         [32mthis[37m.rotation.initialize(homeStarters, awayStarters, 'hom...
          ÔòÁ         [32m~~~~[0m


[31mX [41;31m[[41;97mERROR[41;31m][0m [1mTS1005: ',' expected.[0m [1m[35m[plugin angular-compiler][0m

    src/app/features/referee/referee-panel/referee-panel.ts:313:6:
[37m      313 Ôöé     })[32m;[37m
          ÔòÁ       [32m^[0m


[31mX [41;31m[[41;97mERROR[41;31m][0m [1mTS1128: Declaration or statement expected.[0m [1m[35m[plugin angular-compiler][0m

    src/app/features/referee/referee-panel/referee-panel.ts:317:2:
[37m      317 Ôöé   [32mreadonly[37m homeBenchPlayers = computed<CourtPlayer[]>(() => {
          ÔòÁ   [32m~~~~~~~~[0m


[31mX [41;31m[[41;97mERROR[41;31m][0m [1mTS2304: Cannot find name 'homeBenchPlayers'.[0m [1m[35m[plugin angular-compiler][0m

    src/app/features/referee/referee-panel/referee-panel.ts:317:11:
[37m      317 Ôöé   readonly [32mhomeBenchPlayers[37m = computed<CourtPlayer[]>(() => {
          ÔòÁ            [32m~~~~~~~~~~~~~~~~[0m


[31mX [41;31m[[41;97mERROR[41;31m][0m [1mTS2532: Object is possibly 'undefined'.[0m [1m[35m[plugin angular-compiler][0m

    src/app/features/referee/referee-panel/referee-panel.ts:318:16:
[37m      318 Ôöé     const all = [32mthis[37m.ref.homePlayers();
          ÔòÁ                 [32m~~~~[0m


[31mX [41;31m[[41;97mERROR[41;31m][0m [1mTS2532: Object is possibly 'undefined'.[0m [1m[35m[plugin angular-compiler][0m

    src/app/features/referee/referee-panel/referee-panel.ts:319:20:
[37m      319 Ôöé     const onCourt = [32mthis[37m.rotation.homePositions();
          ÔòÁ                     [32m~~~~[0m


[31mX [41;31m[[41;97mERROR[41;31m][0m [1mTS7006: Parameter 'p' implicitly has an 'any' type.[0m [1m[35m[plugin 
angular-compiler][0m

    src/app/features/referee/referee-panel/referee-panel.ts:320:42:
[37m      320 Ôöé     const courtIds = new Set(onCourt.map(([32mp[37m) => p.playerId));
          ÔòÁ                                           [32m^[0m


[31mX [41;31m[[41;97mERROR[41;31m][0m [1mTS7006: Parameter 'p' implicitly has an 'any' type.[0m [1m[35m[plugin 
angular-compiler][0m

    src/app/features/referee/referee-panel/referee-panel.ts:321:23:
[37m      321 Ôöé     return all.filter(([32mp[37m) => !courtIds.has(p.id)).map((p) => ({
          ÔòÁ                        [32m^[0m


[31mX [41;31m[[41;97mERROR[41;31m][0m [1mTS7006: Parameter 'p' implicitly has an 'any' type.[0m [1m[35m[plugin 
angular-compiler][0m

    src/app/features/referee/referee-panel/referee-panel.ts:321:55:
[37m      321 Ôöé     return all.filter((p) => !courtIds.has(p.id)).map(([32mp[37m) => ({
          ÔòÁ                                                        [32m^[0m


[31mX [41;31m[[41;97mERROR[41;31m][0m [1mTS1128: Declaration or statement expected.[0m [1m[35m[plugin angular-compiler][0m

    src/app/features/referee/referee-panel/referee-panel.ts:326:2:
[37m      326 Ôöé   [32mreadonly[37m awayBenchPlayers = computed<CourtPlayer[]>(() => {
          ÔòÁ   [32m~~~~~~~~[0m


[31mX [41;31m[[41;97mERROR[41;31m][0m [1mTS2304: Cannot find name 'awayBenchPlayers'.[0m [1m[35m[plugin angular-compiler][0m

    src/app/features/referee/referee-panel/referee-panel.ts:326:11:
[37m      326 Ôöé   readonly [32mawayBenchPlayers[37m = computed<CourtPlayer[]>(() => {
          ÔòÁ            [32m~~~~~~~~~~~~~~~~[0m


[31mX [41;31m[[41;97mERROR[41;31m][0m [1mTS2532: Object is possibly 'undefined'.[0m [1m[35m[plugin angular-compiler][0m

    src/app/features/referee/referee-panel/referee-panel.ts:327:16:
[37m      327 Ôöé     const all = [32mthis[37m.ref.awayPlayers();
          ÔòÁ                 [32m~~~~[0m


[31mX [41;31m[[41;97mERROR[41;31m][0m [1mTS2532: Object is possibly 'undefined'.[0m [1m[35m[plugin angular-compiler][0m

    src/app/features/referee/referee-panel/referee-panel.ts:328:20:
[37m      328 Ôöé     const onCourt = [32mthis[37m.rotation.awayPositions();
          ÔòÁ                     [32m~~~~[0m


[31mX [41;31m[[41;97mERROR[41;31m][0m [1mTS7006: Parameter 'p' implicitly has an 'any' type.[0m [1m[35m[plugin 
angular-compiler][0m

    src/app/features/referee/referee-panel/referee-panel.ts:329:42:
[37m      329 Ôöé     const courtIds = new Set(onCourt.map(([32mp[37m) => p.playerId));
          ÔòÁ                                           [32m^[0m


[31mX [41;31m[[41;97mERROR[41;31m][0m [1mTS7006: Parameter 'p' implicitly has an 'any' type.[0m [1m[35m[plugin 
angular-compiler][0m

    src/app/features/referee/referee-panel/referee-panel.ts:330:23:
[37m      330 Ôöé     return all.filter(([32mp[37m) => !courtIds.has(p.id)).map((p) => ({
          ÔòÁ                        [32m^[0m


[31mX [41;31m[[41;97mERROR[41;31m][0m [1mTS7006: Parameter 'p' implicitly has an 'any' type.[0m [1m[35m[plugin 
angular-compiler][0m

    src/app/features/referee/referee-panel/referee-panel.ts:330:55:
[37m      330 Ôöé     return all.filter((p) => !courtIds.has(p.id)).map(([32mp[37m) => ({
          ÔòÁ                                                        [32m^[0m


[31mX [41;31m[[41;97mERROR[41;31m][0m [1mTS1128: Declaration or statement expected.[0m [1m[35m[plugin angular-compiler][0m

    src/app/features/referee/referee-panel/referee-panel.ts:336:2:
[37m      336 Ôöé   [32mreadonly[37m sideBBenchPlayers = computed<CourtPlayer[]>(() => {
          ÔòÁ   [32m~~~~~~~~[0m


[31mX [41;31m[[41;97mERROR[41;31m][0m [1mTS2304: Cannot find name 'sideBBenchPlayers'.[0m [1m[35m[plugin angular-compiler][0m

    src/app/features/referee/referee-panel/referee-panel.ts:336:11:
[37m      336 Ôöé   readonly [32msideBBenchPlayers[37m = computed<CourtPlayer[]>(() => {
          ÔòÁ            [32m~~~~~~~~~~~~~~~~~[0m


[31mX [41;31m[[41;97mERROR[41;31m][0m [1mTS2532: Object is possibly 'undefined'.[0m [1m[35m[plugin angular-compiler][0m

    src/app/features/referee/referee-panel/referee-panel.ts:337:18:
[37m      337 Ôöé     const sideB = [32mthis[37m.sideBTeam();
          ÔòÁ                   [32m~~~~[0m


[31mX [41;31m[[41;97mERROR[41;31m][0m [1mTS2532: Object is possibly 'undefined'.[0m [1m[35m[plugin angular-compiler][0m

    src/app/features/referee/referee-panel/referee-panel.ts:338:30:
[37m      338 Ôöé     return sideB === 'home' ? [32mthis[37m.homeBenchPlayers() : this.away...
          ÔòÁ                               [32m~~~~[0m


[31mX [41;31m[[41;97mERROR[41;31m][0m [1mTS2532: Object is possibly 'undefined'.[0m [1m[35m[plugin angular-compiler][0m

    src/app/features/referee/referee-panel/referee-panel.ts:338:56:
[37m      338 Ôöé ...B === 'home' ? this.homeBenchPlayers() : [32mthis[37m.awayBenchPlayers();
          ÔòÁ                                             [32m~~~~[0m


[31mX [41;31m[[41;97mERROR[41;31m][0m [1mTS1128: Declaration or statement expected.[0m [1m[35m[plugin angular-compiler][0m

    src/app/features/referee/referee-panel/referee-panel.ts:342:2:
[37m      342 Ôöé   [32mreadonly[37m sideABenchPlayers = computed<CourtPlayer[]>(() => {
          ÔòÁ   [32m~~~~~~~~[0m


[31mX [41;31m[[41;97mERROR[41;31m][0m [1mTS2304: Cannot find name 'sideABenchPlayers'.[0m [1m[35m[plugin angular-compiler][0m

    src/app/features/referee/referee-panel/referee-panel.ts:342:11:
[37m      342 Ôöé   readonly [32msideABenchPlayers[37m = computed<CourtPlayer[]>(() => {
          ÔòÁ            [32m~~~~~~~~~~~~~~~~~[0m


[31mX [41;31m[[41;97mERROR[41;31m][0m [1mTS2532: Object is possibly 'undefined'.[0m [1m[35m[plugin angular-compiler][0m

    src/app/features/referee/referee-panel/referee-panel.ts:343:18:
[37m      343 Ôöé     const sideA = [32mthis[37m.sideATeam();
          ÔòÁ                   [32m~~~~[0m


[31mX [41;31m[[41;97mERROR[41;31m][0m [1mTS2532: Object is possibly 'undefined'.[0m [1m[35m[plugin angular-compiler][0m

    src/app/features/referee/referee-panel/referee-panel.ts:344:30:
[37m      344 Ôöé     return sideA === 'home' ? [32mthis[37m.homeBenchPlayers() : this.away...
          ÔòÁ                               [32m~~~~[0m


[31mX [41;31m[[41;97mERROR[41;31m][0m [1mTS2532: Object is possibly 'undefined'.[0m [1m[35m[plugin angular-compiler][0m

    src/app/features/referee/referee-panel/referee-panel.ts:344:56:
[37m      344 Ôöé ...A === 'home' ? this.homeBenchPlayers() : [32mthis[37m.awayBenchPlayers();
          ÔòÁ                                             [32m~~~~[0m


[31mX [41;31m[[41;97mERROR[41;31m][0m [1mTS1128: Declaration or statement expected.[0m [1m[35m[plugin angular-compiler][0m

    src/app/features/referee/referee-panel/referee-panel.ts:351:2:
[37m      351 Ôöé   [32mreadonly[37m activePlayersOnCourt = computed<PlayerOption[]>(() => {
          ÔòÁ   [32m~~~~~~~~[0m


[31mX [41;31m[[41;97mERROR[41;31m][0m [1mTS2304: Cannot find name 'activePlayersOnCourt'.[0m [1m[35m[plugin 
angular-compiler][0m

    src/app/features/referee/referee-panel/referee-panel.ts:351:11:
[37m      351 Ôöé   readonly [32mactivePlayersOnCourt[37m = computed<PlayerOption[]>(() => {
          ÔòÁ            [32m~~~~~~~~~~~~~~~~~~~~[0m


[31mX [41;31m[[41;97mERROR[41;31m][0m [1mTS2532: Object is possibly 'undefined'.[0m [1m[35m[plugin angular-compiler][0m

    src/app/features/referee/referee-panel/referee-panel.ts:352:8:
[37m      352 Ôöé     if ([32mthis[37m.ref.sportSlug() === 'volleyball') {
          ÔòÁ         [32m~~~~[0m


[31mX [41;31m[[41;97mERROR[41;31m][0m [1mTS2532: Object is possibly 'undefined'.[0m [1m[35m[plugin angular-compiler][0m

    src/app/features/referee/referee-panel/referee-panel.ts:353:19:
[37m      353 Ôöé       const side = [32mthis[37m.activeTeamSide();
          ÔòÁ                    [32m~~~~[0m


[31mX [41;31m[[41;97mERROR[41;31m][0m [1mTS2532: Object is possibly 'undefined'.[0m [1m[35m[plugin angular-compiler][0m

    src/app/features/referee/referee-panel/referee-panel.ts:354:40:
[37m      354 Ôöé ... onCourt = side === 'home' ? [32mthis[37m.rotation.homePositions() : t...
          ÔòÁ                                 [32m~~~~[0m


[31mX [41;31m[[41;97mERROR[41;31m][0m [1mTS2532: Object is possibly 'undefined'.[0m [1m[35m[plugin angular-compiler][0m

    src/app/features/referee/referee-panel/referee-panel.ts:354:72:
[37m      354 Ôöé ... ? this.rotation.homePositions() : [32mthis[37m.rotation.awayPositions();
          ÔòÁ                                       [32m~~~~[0m


[31mX [41;31m[[41;97mERROR[41;31m][0m [1mTS7006: Parameter 'p' implicitly has an 'any' type.[0m [1m[35m[plugin 
angular-compiler][0m

    src/app/features/referee/referee-panel/referee-panel.ts:355:26:
[37m      355 Ôöé       return onCourt.map(([32mp[37m) => ({ id: p.playerId, name: p.name, ...
          ÔòÁ                           [32m^[0m


[31mX [41;31m[[41;97mERROR[41;31m][0m [1mTS2532: Object is possibly 'undefined'.[0m [1m[35m[plugin angular-compiler][0m

    src/app/features/referee/referee-panel/referee-panel.ts:357:11:
[37m      357 Ôöé     return [32mthis[37m.ref.getPlayersOnCourt(this.activeTeamSide());
          ÔòÁ            [32m~~~~[0m


[31mX [41;31m[[41;97mERROR[41;31m][0m [1mTS2532: Object is possibly 'undefined'.[0m [1m[35m[plugin angular-compiler][0m

    src/app/features/referee/referee-panel/referee-panel.ts:357:38:
[37m      357 Ôöé     return this.ref.getPlayersOnCourt([32mthis[37m.activeTeamSide());
          ÔòÁ                                       [32m~~~~[0m


[31mX [41;31m[[41;97mERROR[41;31m][0m [1mTS1128: Declaration or statement expected.[0m [1m[35m[plugin angular-compiler][0m

    src/app/features/referee/referee-panel/referee-panel.ts:363:2:
[37m      363 Ôöé   [32mreadonly[37m activePlayersOnBench = computed<PlayerOption[]>(() => {
          ÔòÁ   [32m~~~~~~~~[0m


[31mX [41;31m[[41;97mERROR[41;31m][0m [1mTS2304: Cannot find name 'activePlayersOnBench'.[0m [1m[35m[plugin 
angular-compiler][0m

    src/app/features/referee/referee-panel/referee-panel.ts:363:11:
[37m      363 Ôöé   readonly [32mactivePlayersOnBench[37m = computed<PlayerOption[]>(() => {
          ÔòÁ            [32m~~~~~~~~~~~~~~~~~~~~[0m


[31mX [41;31m[[41;97mERROR[41;31m][0m [1mTS2532: Object is possibly 'undefined'.[0m [1m[35m[plugin angular-compiler][0m

    src/app/features/referee/referee-panel/referee-panel.ts:364:8:
[37m      364 Ôöé     if ([32mthis[37m.ref.sportSlug() === 'volleyball') {
          ÔòÁ         [32m~~~~[0m


[31mX [41;31m[[41;97mERROR[41;31m][0m [1mTS2532: Object is possibly 'undefined'.[0m [1m[35m[plugin angular-compiler][0m

    src/app/features/referee/referee-panel/referee-panel.ts:365:19:
[37m      365 Ôöé       const side = [32mthis[37m.activeTeamSide();
          ÔòÁ                    [32m~~~~[0m


[31mX [41;31m[[41;97mERROR[41;31m][0m [1mTS2532: Object is possibly 'undefined'.[0m [1m[35m[plugin angular-compiler][0m

    src/app/features/referee/referee-panel/referee-panel.ts:366:43:
[37m      366 Ôöé ...lPlayers = side === 'home' ? [32mthis[37m.ref.homePlayers() : this.ref...
          ÔòÁ                                 [32m~~~~[0m


[31mX [41;31m[[41;97mERROR[41;31m][0m [1mTS2532: Object is possibly 'undefined'.[0m [1m[35m[plugin angular-compiler][0m

    src/app/features/referee/referee-panel/referee-panel.ts:366:68:
[37m      366 Ôöé ...ide === 'home' ? this.ref.homePlayers() : [32mthis[37m.ref.awayPlayers();
          ÔòÁ                                              [32m~~~~[0m


[31mX [41;31m[[41;97mERROR[41;31m][0m [1mTS2532: Object is possibly 'undefined'.[0m [1m[35m[plugin angular-compiler][0m

    src/app/features/referee/referee-panel/referee-panel.ts:367:40:
[37m      367 Ôöé ... onCourt = side === 'home' ? [32mthis[37m.rotation.homePositions() : t...
          ÔòÁ                                 [32m~~~~[0m


[31mX [41;31m[[41;97mERROR[41;31m][0m [1mTS2532: Object is possibly 'undefined'.[0m [1m[35m[plugin angular-compiler][0m

    src/app/features/referee/referee-panel/referee-panel.ts:367:72:
[37m      367 Ôöé ... ? this.rotation.homePositions() : [32mthis[37m.rotation.awayPositions();
          ÔòÁ                                       [32m~~~~[0m


[31mX [41;31m[[41;97mERROR[41;31m][0m [1mTS7006: Parameter 'p' implicitly has an 'any' type.[0m [1m[35m[plugin 
angular-compiler][0m

    src/app/features/referee/referee-panel/referee-panel.ts:368:44:
[37m      368 Ôöé       const courtIds = new Set(onCourt.map(([32mp[37m) => p.playerId));
          ÔòÁ                                             [32m^[0m


[31mX [41;31m[[41;97mERROR[41;31m][0m [1mTS7006: Parameter 'p' implicitly has an 'any' type.[0m [1m[35m[plugin 
angular-compiler][0m

    src/app/features/referee/referee-panel/referee-panel.ts:369:32:
[37m      369 Ôöé       return allPlayers.filter(([32mp[37m) => !courtIds.has(p.id));
          ÔòÁ                                 [32m^[0m


[31mX [41;31m[[41;97mERROR[41;31m][0m [1mTS2532: Object is possibly 'undefined'.[0m [1m[35m[plugin angular-compiler][0m

    src/app/features/referee/referee-panel/referee-panel.ts:371:11:
[37m      371 Ôöé     return [32mthis[37m.ref.getPlayersOnBench(this.activeTeamSide());
          ÔòÁ            [32m~~~~[0m


[31mX [41;31m[[41;97mERROR[41;31m][0m [1mTS2532: Object is possibly 'undefined'.[0m [1m[35m[plugin angular-compiler][0m

    src/app/features/referee/referee-panel/referee-panel.ts:371:38:
[37m      371 Ôöé     return this.ref.getPlayersOnBench([32mthis[37m.activeTeamSide());
          ÔòÁ                                       [32m~~~~[0m


[31mX [41;31m[[41;97mERROR[41;31m][0m [1mTS1128: Declaration or statement expected.[0m [1m[35m[plugin angular-compiler][0m

    src/app/features/referee/referee-panel/referee-panel.ts:377:2:
[37m      377 Ôöé   [32mreadonly[37m scoringPlayersOnCourt = computed<PlayerOption[]>(() => {
          ÔòÁ   [32m~~~~~~~~[0m


[31mX [41;31m[[41;97mERROR[41;31m][0m [1mTS2304: Cannot find name 'scoringPlayersOnCourt'.[0m [1m[35m[plugin 
angular-compiler][0m

    src/app/features/referee/referee-panel/referee-panel.ts:377:11:
[37m      377 Ôöé   readonly [32mscoringPlayersOnCourt[37m = computed<PlayerOption[]>(() => {
          ÔòÁ            [32m~~~~~~~~~~~~~~~~~~~~~[0m


[31mX [41;31m[[41;97mERROR[41;31m][0m [1mTS2532: Object is possibly 'undefined'.[0m [1m[35m[plugin angular-compiler][0m

    src/app/features/referee/referee-panel/referee-panel.ts:378:8:
[37m      378 Ôöé     if ([32mthis[37m.ref.sportSlug() === 'volleyball') {
          ÔòÁ         [32m~~~~[0m


[31mX [41;31m[[41;97mERROR[41;31m][0m [1mTS2532: Object is possibly 'undefined'.[0m [1m[35m[plugin angular-compiler][0m

    src/app/features/referee/referee-panel/referee-panel.ts:379:19:
[37m      379 Ôöé       const side = [32mthis[37m.scoringTeamSide();
          ÔòÁ                    [32m~~~~[0m


[31mX [41;31m[[41;97mERROR[41;31m][0m [1mTS2532: Object is possibly 'undefined'.[0m [1m[35m[plugin angular-compiler][0m

    src/app/features/referee/referee-panel/referee-panel.ts:380:40:
[37m      380 Ôöé ... onCourt = side === 'home' ? [32mthis[37m.rotation.homePositions() : t...
          ÔòÁ                                 [32m~~~~[0m


[31mX [41;31m[[41;97mERROR[41;31m][0m [1mTS2532: Object is possibly 'undefined'.[0m [1m[35m[plugin angular-compiler][0m

    src/app/features/referee/referee-panel/referee-panel.ts:380:72:
[37m      380 Ôöé ... ? this.rotation.homePositions() : [32mthis[37m.rotation.awayPositions();
          ÔòÁ                                       [32m~~~~[0m


[31mX [41;31m[[41;97mERROR[41;31m][0m [1mTS7006: Parameter 'p' implicitly has an 'any' type.[0m [1m[35m[plugin 
angular-compiler][0m

    src/app/features/referee/referee-panel/referee-panel.ts:381:26:
[37m      381 Ôöé       return onCourt.map(([32mp[37m) => ({ id: p.playerId, name: p.name, ...
          ÔòÁ                           [32m^[0m


[31mX [41;31m[[41;97mERROR[41;31m][0m [1mTS2532: Object is possibly 'undefined'.[0m [1m[35m[plugin angular-compiler][0m

    src/app/features/referee/referee-panel/referee-panel.ts:383:11:
[37m      383 Ôöé     return [32mthis[37m.ref.getPlayersOnCourt(this.scoringTeamSide());
          ÔòÁ            [32m~~~~[0m


[31mX [41;31m[[41;97mERROR[41;31m][0m [1mTS2532: Object is possibly 'undefined'.[0m [1m[35m[plugin angular-compiler][0m

    src/app/features/referee/referee-panel/referee-panel.ts:383:38:
[37m      383 Ôöé     return this.ref.getPlayersOnCourt([32mthis[37m.scoringTeamSide());
          ÔòÁ                                       [32m~~~~[0m


[31mX [41;31m[[41;97mERROR[41;31m][0m [1mTS2304: Cannot find name 'ngOnInit'.[0m [1m[35m[plugin angular-compiler][0m

    src/app/features/referee/referee-panel/referee-panel.ts:386:2:
[37m      386 Ôöé   [32mngOnInit[37m(): void {
          ÔòÁ   [32m~~~~~~~~[0m


[31mX [41;31m[[41;97mERROR[41;31m][0m [1mTS1005: ';' expected.[0m [1m[35m[plugin angular-compiler][0m

    src/app/features/referee/referee-panel/referee-panel.ts:386:12:
[37m      386 Ôöé   ngOnInit()[32m:[37m void {
          ÔòÁ             [32m^[0m


[31mX [41;31m[[41;97mERROR[41;31m][0m [1mTS1005: ':' expected.[0m [1m[35m[plugin angular-compiler][0m

    src/app/features/referee/referee-panel/referee-panel.ts:387:8:
[37m      387 Ôöé     this[32m.[37mref.loadMatch(this.id());
          ÔòÁ         [32m^[0m


[31mX [41;31m[[41;97mERROR[41;31m][0m [1mTS2532: Object is possibly 'undefined'.[0m [1m[35m[plugin angular-compiler][0m

    src/app/features/referee/referee-panel/referee-panel.ts:387:23:
[37m      387 Ôöé     this.ref.loadMatch([32mthis[37m.id());
          ÔòÁ                        [32m~~~~[0m


[31mX [41;31m[[41;97mERROR[41;31m][0m [1mTS1005: ',' expected.[0m [1m[35m[plugin angular-compiler][0m

    src/app/features/referee/referee-panel/referee-panel.ts:387:33:
[37m      387 Ôöé     this.ref.loadMatch(this.id())[32m;[37m
          ÔòÁ                                  [32m^[0m


[31mX [41;31m[[41;97mERROR[41;31m][0m [1mTS1005: ':' expected.[0m [1m[35m[plugin angular-compiler][0m

    src/app/features/referee/referee-panel/referee-panel.ts:389:8:
[37m      389 Ôöé     this[32m.[37mconnectWebSocket();
          ÔòÁ         [32m^[0m


[31mX [41;31m[[41;97mERROR[41;31m][0m [1mTS1005: ',' expected.[0m [1m[35m[plugin angular-compiler][0m

    src/app/features/referee/referee-panel/referee-panel.ts:389:27:
[37m      389 Ôöé     this.connectWebSocket()[32m;[37m
          ÔòÁ                            [32m^[0m


[31mX [41;31m[[41;97mERROR[41;31m][0m [1mTS2304: Cannot find name 'ngOnDestroy'.[0m [1m[35m[plugin angular-compiler][0m

    src/app/features/referee/referee-panel/referee-panel.ts:392:2:
[37m      392 Ôöé   [32mngOnDestroy[37m(): void {
          ÔòÁ   [32m~~~~~~~~~~~[0m


[31mX [41;31m[[41;97mERROR[41;31m][0m [1mTS1005: ';' expected.[0m [1m[35m[plugin angular-compiler][0m

    src/app/features/referee/referee-panel/referee-panel.ts:392:15:
[37m      392 Ôöé   ngOnDestroy()[32m:[37m void {
          ÔòÁ                [32m^[0m


[31mX [41;31m[[41;97mERROR[41;31m][0m [1mTS1005: ':' expected.[0m [1m[35m[plugin angular-compiler][0m

    src/app/features/referee/referee-panel/referee-panel.ts:393:8:
[37m      393 Ôöé     this[32m.[37msocket.leaveAsReferee(this.id());
          ÔòÁ         [32m^[0m


[31mX [41;31m[[41;97mERROR[41;31m][0m [1mTS2532: Object is possibly 'undefined'.[0m [1m[35m[plugin angular-compiler][0m

    src/app/features/referee/referee-panel/referee-panel.ts:393:31:
[37m      393 Ôöé     this.socket.leaveAsReferee([32mthis[37m.id());
          ÔòÁ                                [32m~~~~[0m


[31mX [41;31m[[41;97mERROR[41;31m][0m [1mTS1005: ',' expected.[0m [1m[35m[plugin angular-compiler][0m

    src/app/features/referee/referee-panel/referee-panel.ts:393:41:
[37m      393 Ôöé     this.socket.leaveAsReferee(this.id())[32m;[37m
          ÔòÁ                                          [32m^[0m


[31mX [41;31m[[41;97mERROR[41;31m][0m [1mTS1005: ':' expected.[0m [1m[35m[plugin angular-compiler][0m

    src/app/features/referee/referee-panel/referee-panel.ts:394:8:
[37m      394 Ôöé     this[32m.[37msocket.disconnect();
          ÔòÁ         [32m^[0m


[31mX [41;31m[[41;97mERROR[41;31m][0m [1mTS1005: ',' expected.[0m [1m[35m[plugin angular-compiler][0m

    src/app/features/referee/referee-panel/referee-panel.ts:394:28:
[37m      394 Ôöé     this.socket.disconnect()[32m;[37m
          ÔòÁ                             [32m^[0m


[31mX [41;31m[[41;97mERROR[41;31m][0m [1mTS1005: ',' expected.[0m [1m[35m[plugin angular-compiler][0m

    src/app/features/referee/referee-panel/referee-panel.ts:395:12:
[37m      395 Ôöé     if (this[32m.[37mtimerSyncInterval) clearInterval(this.timerSyncInter...
          ÔòÁ             [32m^[0m


[31mX [41;31m[[41;97mERROR[41;31m][0m [1mTS1005: ',' expected.[0m [1m[35m[plugin angular-compiler][0m

    src/app/features/referee/referee-panel/referee-panel.ts:395:30:
[37m      395 Ôöé     if (this.timerSyncInterval[32m)[37m clearInterval(this.timerSyncInter...
          ÔòÁ                               [32m^[0m


[31mX [41;31m[[41;97mERROR[41;31m][0m [1mTS1005: ',' expected.[0m [1m[35m[plugin angular-compiler][0m

    src/app/features/referee/referee-panel/referee-panel.ts:395:50:
[37m      395 Ôöé ...f (this.timerSyncInterval) clearInterval(this[32m.[37mtimerSyncInterval);
          ÔòÁ                                                 [32m^[0m


[31mX [41;31m[[41;97mERROR[41;31m][0m [1mTS1005: ',' expected.[0m [1m[35m[plugin angular-compiler][0m

    src/app/features/referee/referee-panel/referee-panel.ts:395:68:
[37m      395 Ôöé ...f (this.timerSyncInterval) clearInterval(this.timerSyncInterval[32m)[37m;
          ÔòÁ                                                                   [32m^[0m


[31mX [41;31m[[41;97mERROR[41;31m][0m [1mTS1136: Property assignment expected.[0m [1m[35m[plugin angular-compiler][0m

    src/app/features/referee/referee-panel/referee-panel.ts:395:69:
[37m      395 Ôöé ...f (this.timerSyncInterval) clearInterval(this.timerSyncInterval)[32m;[37m
          ÔòÁ                                                                    [32m^[0m


[31mX [41;31m[[41;97mERROR[41;31m][0m [1mTS1128: Declaration or statement expected.[0m [1m[35m[plugin angular-compiler][0m

    src/app/features/referee/referee-panel/referee-panel.ts:402:2:
[37m      402 Ôöé   [32mprivate[37m connectWebSocket(): void {
          ÔòÁ   [32m~~~~~~~[0m


[31mX [41;31m[[41;97mERROR[41;31m][0m [1mTS2304: Cannot find name 'connectWebSocket'.[0m [1m[35m[plugin angular-compiler][0m

    src/app/features/referee/referee-panel/referee-panel.ts:402:10:
[37m      402 Ôöé   private [32mconnectWebSocket[37m(): void {
          ÔòÁ           [32m~~~~~~~~~~~~~~~~[0m


[31mX [41;31m[[41;97mERROR[41;31m][0m [1mTS1005: ';' expected.[0m [1m[35m[plugin angular-compiler][0m

    src/app/features/referee/referee-panel/referee-panel.ts:402:28:
[37m      402 Ôöé   private connectWebSocket()[32m:[37m void {
          ÔòÁ                             [32m^[0m


[31mX [41;31m[[41;97mERROR[41;31m][0m [1mTS1005: ':' expected.[0m [1m[35m[plugin angular-compiler][0m

    src/app/features/referee/referee-panel/referee-panel.ts:403:8:
[37m      403 Ôöé     this[32m.[37msocket.connect();
          ÔòÁ         [32m^[0m


[31mX [41;31m[[41;97mERROR[41;31m][0m [1mTS1005: ',' expected.[0m [1m[35m[plugin angular-compiler][0m

    src/app/features/referee/referee-panel/referee-panel.ts:403:25:
[37m      403 Ôöé     this.socket.connect()[32m;[37m
          ÔòÁ                          [32m^[0m


[31mX [41;31m[[41;97mERROR[41;31m][0m [1mTS1005: ':' expected.[0m [1m[35m[plugin angular-compiler][0m

    src/app/features/referee/referee-panel/referee-panel.ts:406:10:
[37m      406 Ôöé     const [32munsubConnect[37m = this.socket.on('__internal_connected', (...
          ÔòÁ           [32m~~~~~~~~~~~~[0m


[31mX [41;31m[[41;97mERROR[41;31m][0m [1mTS2304: Cannot find name 'unsubConnect'.[0m [1m[35m[plugin angular-compiler][0m

    src/app/features/referee/referee-panel/referee-panel.ts:406:10:
[37m      406 Ôöé     const [32munsubConnect[37m = this.socket.on('__internal_connected', (...
          ÔòÁ           [32m~~~~~~~~~~~~[0m


[31mX [41;31m[[41;97mERROR[41;31m][0m [1mTS2532: Object is possibly 'undefined'.[0m [1m[35m[plugin angular-compiler][0m

    src/app/features/referee/referee-panel/referee-panel.ts:406:25:
[37m      406 Ôöé     const unsubConnect = [32mthis[37m.socket.on('__internal_connected', (...
          ÔòÁ                          [32m~~~~[0m


[31mX [41;31m[[41;97mERROR[41;31m][0m [1mTS1005: ',' expected.[0m [1m[35m[plugin angular-compiler][0m

    src/app/features/referee/referee-panel/referee-panel.ts:406:73:
[37m      406 Ôöé ... unsubConnect = this.socket.on('__internal_connected', () => {})[32m;[37m
          ÔòÁ                                                                    [32m^[0m


[31mX [41;31m[[41;97mERROR[41;31m][0m [1mTS18004: No value exists in scope for the shorthand property 'let'. Either declare one or 
provide an initializer.[0m [1m[35m[plugin angular-compiler][0m

    src/app/features/referee/referee-panel/referee-panel.ts:409:4:
[37m      409 Ôöé     [32mlet[37m attempts = 0;
          ÔòÁ     [32m~~~[0m


[31mX [41;31m[[41;97mERROR[41;31m][0m [1mTS1005: ',' expected.[0m [1m[35m[plugin angular-compiler][0m

    src/app/features/referee/referee-panel/referee-panel.ts:409:8:
[37m      409 Ôöé     let [32mattempts[37m = 0;
          ÔòÁ         [32m~~~~~~~~[0m


[31mX [41;31m[[41;97mERROR[41;31m][0m [1mTS1005: ',' expected.[0m [1m[35m[plugin angular-compiler][0m

    src/app/features/referee/referee-panel/referee-panel.ts:409:20:
[37m      409 Ôöé     let attempts = 0[32m;[37m
          ÔòÁ                     [32m^[0m


[31mX [41;31m[[41;97mERROR[41;31m][0m [1mTS1005: ':' expected.[0m [1m[35m[plugin angular-compiler][0m

    src/app/features/referee/referee-panel/referee-panel.ts:410:10:
[37m      410 Ôöé     const [32mjoinInterval[37m = setInterval(async () => {
          ÔòÁ           [32m~~~~~~~~~~~~[0m


[31mX [41;31m[[41;97mERROR[41;31m][0m [1mTS2304: Cannot find name 'joinInterval'.[0m [1m[35m[plugin angular-compiler][0m

    src/app/features/referee/referee-panel/referee-panel.ts:410:10:
[37m      410 Ôöé     const [32mjoinInterval[37m = setInterval(async () => {
          ÔòÁ           [32m~~~~~~~~~~~~[0m


[31mX [41;31m[[41;97mERROR[41;31m][0m [1mTS2304: Cannot find name 'attempts'.[0m [1m[35m[plugin angular-compiler][0m

    src/app/features/referee/referee-panel/referee-panel.ts:411:6:
[37m      411 Ôöé       [32mattempts[37m++;
          ÔòÁ       [32m~~~~~~~~[0m


[31mX [41;31m[[41;97mERROR[41;31m][0m [1mTS2532: Object is possibly 'undefined'.[0m [1m[35m[plugin angular-compiler][0m

    src/app/features/referee/referee-panel/referee-panel.ts:412:10:
[37m      412 Ôöé       if ([32mthis[37m.socket.isConnected()) {
          ÔòÁ           [32m~~~~[0m


[31mX [41;31m[[41;97mERROR[41;31m][0m [1mTS2304: Cannot find name 'joinInterval'.[0m [1m[35m[plugin angular-compiler][0m

    src/app/features/referee/referee-panel/referee-panel.ts:413:22:
[37m      413 Ôöé         clearInterval([32mjoinInterval[37m);
          ÔòÁ                       [32m~~~~~~~~~~~~[0m


[31mX [41;31m[[41;97mERROR[41;31m][0m [1mTS2532: Object is possibly 'undefined'.[0m [1m[35m[plugin angular-compiler][0m

    src/app/features/referee/referee-panel/referee-panel.ts:414:26:
[37m      414 Ôöé         const res = await [32mthis[37m.socket.joinAsReferee(this.id());
          ÔòÁ                           [32m~~~~[0m


[31mX [41;31m[[41;97mERROR[41;31m][0m [1mTS2532: Object is possibly 'undefined'.[0m [1m[35m[plugin angular-compiler][0m

    src/app/features/referee/referee-panel/referee-panel.ts:414:52:
[37m      414 Ôöé         const res = await this.socket.joinAsReferee([32mthis[37m.id());
          ÔòÁ                                                     [32m~~~~[0m


[31mX [41;31m[[41;97mERROR[41;31m][0m [1mTS2532: Object is possibly 'undefined'.[0m [1m[35m[plugin angular-compiler][0m

    src/app/features/referee/referee-panel/referee-panel.ts:420:8:
[37m      420 Ôöé         [32mthis[37m.timerSyncInterval = setInterval(() => {
          ÔòÁ         [32m~~~~[0m


[31mX [41;31m[[41;97mERROR[41;31m][0m [1mTS2532: Object is possibly 'undefined'.[0m [1m[35m[plugin angular-compiler][0m

    src/app/features/referee/referee-panel/referee-panel.ts:421:24:
[37m      421 Ôöé           const timer = [32mthis[37m.timerComponent();
          ÔòÁ                         [32m~~~~[0m


[31mX [41;31m[[41;97mERROR[41;31m][0m [1mTS2532: Object is possibly 'undefined'.[0m [1m[35m[plugin angular-compiler][0m

    src/app/features/referee/referee-panel/referee-panel.ts:422:44:
[37m      422 Ôöé ...   if (timer && timer.isRunning() && [32mthis[37m.socket.isConnected()) {
          ÔòÁ                                         [32m~~~~[0m


[31mX [41;31m[[41;97mERROR[41;31m][0m [1mTS2532: Object is possibly 'undefined'.[0m [1m[35m[plugin angular-compiler][0m

    src/app/features/referee/referee-panel/referee-panel.ts:423:12:
[37m      423 Ôöé             [32mthis[37m.socket.emitTimerSync({
          ÔòÁ             [32m~~~~[0m


[31mX [41;31m[[41;97mERROR[41;31m][0m [1mTS2532: Object is possibly 'undefined'.[0m [1m[35m[plugin angular-compiler][0m

    src/app/features/referee/referee-panel/referee-panel.ts:424:23:
[37m      424 Ôöé               matchId: [32mthis[37m.id(),
          ÔòÁ                        [32m~~~~[0m


[31mX [41;31m[[41;97mERROR[41;31m][0m [1mTS2304: Cannot find name 'attempts'.[0m [1m[35m[plugin angular-compiler][0m

    src/app/features/referee/referee-panel/referee-panel.ts:430:17:
[37m      430 Ôöé       } else if ([32mattempts[37m >= 10) {
          ÔòÁ                  [32m~~~~~~~~[0m


[31mX [41;31m[[41;97mERROR[41;31m][0m [1mTS2304: Cannot find name 'joinInterval'.[0m [1m[35m[plugin angular-compiler][0m

    src/app/features/referee/referee-panel/referee-panel.ts:432:22:
[37m      432 Ôöé         clearInterval([32mjoinInterval[37m);
          ÔòÁ                       [32m~~~~~~~~~~~~[0m


[31mX [41;31m[[41;97mERROR[41;31m][0m [1mTS1005: ',' expected.[0m [1m[35m[plugin angular-compiler][0m

    src/app/features/referee/referee-panel/referee-panel.ts:435:11:
[37m      435 Ôöé     }, 500)[32m;[37m
          ÔòÁ            [32m^[0m


[31mX [41;31m[[41;97mERROR[41;31m][0m [1mTS2304: Cannot find name 'onHomeScoreUp'.[0m [1m[35m[plugin angular-compiler][0m

    src/app/features/referee/referee-panel/referee-panel.ts:440:2:
[37m      440 Ôöé   [32monHomeScoreUp[37m(): void {
          ÔòÁ   [32m~~~~~~~~~~~~~[0m


[31mX [41;31m[[41;97mERROR[41;31m][0m [1mTS1005: ';' expected.[0m [1m[35m[plugin angular-compiler][0m

    src/app/features/referee/referee-panel/referee-panel.ts:440:17:
[37m      440 Ôöé   onHomeScoreUp()[32m:[37m void {
          ÔòÁ                  [32m^[0m


[31mX [41;31m[[41;97mERROR[41;31m][0m [1mTS1005: ':' expected.[0m [1m[35m[plugin angular-compiler][0m

    src/app/features/referee/referee-panel/referee-panel.ts:441:8:
[37m      441 Ôöé     this[32m.[37mscoringTeamSide.set('home');
          ÔòÁ         [32m^[0m


[31mX [41;31m[[41;97mERROR[41;31m][0m [1mTS1005: ',' expected.[0m [1m[35m[plugin angular-compiler][0m

    src/app/features/referee/referee-panel/referee-panel.ts:441:36:
[37m      441 Ôöé     this.scoringTeamSide.set('home')[32m;[37m
          ÔòÁ                                     [32m^[0m


[31mX [41;31m[[41;97mERROR[41;31m][0m [1mTS1005: ':' expected.[0m [1m[35m[plugin angular-compiler][0m

    src/app/features/referee/referee-panel/referee-panel.ts:442:8:
[37m      442 Ôöé     this[32m.[37mref.addPoint('home');
          ÔòÁ         [32m^[0m


[31mX [41;31m[[41;97mERROR[41;31m][0m [1mTS1005: ',' expected.[0m [1m[35m[plugin angular-compiler][0m

    src/app/features/referee/referee-panel/referee-panel.ts:442:29:
[37m      442 Ôöé     this.ref.addPoint('home')[32m;[37m
          ÔòÁ                              [32m^[0m


[31mX [41;31m[[41;97mERROR[41;31m][0m [1mTS1005: ',' expected.[0m [1m[35m[plugin angular-compiler][0m

    src/app/features/referee/referee-panel/referee-panel.ts:443:12:
[37m      443 Ôöé     if (this[32m.[37mref.sportSlug() === 'volleyball') {
          ÔòÁ             [32m^[0m


[31mX [41;31m[[41;97mERROR[41;31m][0m [1mTS1005: ',' expected.[0m [1m[35m[plugin angular-compiler][0m

    src/app/features/referee/referee-panel/referee-panel.ts:443:45:
[37m      443 Ôöé     if (this.ref.sportSlug() === 'volleyball'[32m)[37m {
          ÔòÁ                                              [32m^[0m


[31mX [41;31m[[41;97mERROR[41;31m][0m [1mTS1136: Property assignment expected.[0m [1m[35m[plugin angular-compiler][0m

    src/app/features/referee/referee-panel/referee-panel.ts:443:47:
[37m      443 Ôöé     if (this.ref.sportSlug() === 'volleyball') [32m{[37m
          ÔòÁ                                                [32m^[0m


[31mX [41;31m[[41;97mERROR[41;31m][0m [1mTS2532: Object is possibly 'undefined'.[0m [1m[35m[plugin angular-compiler][0m

    src/app/features/referee/referee-panel/referee-panel.ts:444:6:
[37m      444 Ôöé       [32mthis[37m.rotation.onPointScored('home');
          ÔòÁ       [32m~~~~[0m


[31mX [41;31m[[41;97mERROR[41;31m][0m [1mTS2532: Object is possibly 'undefined'.[0m [1m[35m[plugin angular-compiler][0m

    src/app/features/referee/referee-panel/referee-panel.ts:445:6:
[37m      445 Ôöé       [32mthis[37m.checkAutoSetEnd();
          ÔòÁ       [32m~~~~[0m


[31mX [41;31m[[41;97mERROR[41;31m][0m [1mTS2532: Object is possibly 'undefined'.[0m [1m[35m[plugin angular-compiler][0m

    src/app/features/referee/referee-panel/referee-panel.ts:447:4:
[37m      447 Ôöé     [32mthis[37m.showScorerSelect.set(true);
          ÔòÁ     [32m~~~~[0m


[31mX [41;31m[[41;97mERROR[41;31m][0m [1mTS2532: Object is possibly 'undefined'.[0m [1m[35m[plugin angular-compiler][0m

    src/app/features/referee/referee-panel/referee-panel.ts:448:4:
[37m      448 Ôöé     [32mthis[37m.timerComponent()?.autoPause();
          ÔòÁ     [32m~~~~[0m


[31mX [41;31m[[41;97mERROR[41;31m][0m [1mTS1128: Declaration or statement expected.[0m [1m[35m[plugin angular-compiler][0m

    src/app/features/referee/referee-panel/referee-panel.ts:449:2:
[37m      449 Ôöé   [32m}[37m
          ÔòÁ   [32m^[0m


[31mX [41;31m[[41;97mERROR[41;31m][0m [1mTS2304: Cannot find name 'onHomeScoreDown'.[0m [1m[35m[plugin angular-compiler][0m

    src/app/features/referee/referee-panel/referee-panel.ts:451:2:
[37m      451 Ôöé   [32monHomeScoreDown[37m(): void {
          ÔòÁ   [32m~~~~~~~~~~~~~~~[0m


[31mX [41;31m[[41;97mERROR[41;31m][0m [1mTS1005: ';' expected.[0m [1m[35m[plugin angular-compiler][0m

    src/app/features/referee/referee-panel/referee-panel.ts:451:19:
[37m      451 Ôöé   onHomeScoreDown()[32m:[37m void {
          ÔòÁ                    [32m^[0m


[31mX [41;31m[[41;97mERROR[41;31m][0m [1mTS1005: ':' expected.[0m [1m[35m[plugin angular-compiler][0m

    src/app/features/referee/referee-panel/referee-panel.ts:452:8:
[37m      452 Ôöé     this[32m.[37mref.removePoint('home');
          ÔòÁ         [32m^[0m


[31mX [41;31m[[41;97mERROR[41;31m][0m [1mTS1005: ',' expected.[0m [1m[35m[plugin angular-compiler][0m

    src/app/features/referee/referee-panel/referee-panel.ts:452:32:
[37m      452 Ôöé     this.ref.removePoint('home')[32m;[37m
          ÔòÁ                                 [32m^[0m


[31mX [41;31m[[41;97mERROR[41;31m][0m [1mTS1005: ',' expected.[0m [1m[35m[plugin angular-compiler][0m

    src/app/features/referee/referee-panel/referee-panel.ts:453:12:
[37m      453 Ôöé     if (this[32m.[37mref.sportSlug() === 'volleyball') {
          ÔòÁ             [32m^[0m


[31mX [41;31m[[41;97mERROR[41;31m][0m [1mTS1005: ',' expected.[0m [1m[35m[plugin angular-compiler][0m

    src/app/features/referee/referee-panel/referee-panel.ts:453:45:
[37m      453 Ôöé     if (this.ref.sportSlug() === 'volleyball'[32m)[37m {
          ÔòÁ                                              [32m^[0m


[31mX [41;31m[[41;97mERROR[41;31m][0m [1mTS1136: Property assignment expected.[0m [1m[35m[plugin angular-compiler][0m

    src/app/features/referee/referee-panel/referee-panel.ts:453:47:
[37m      453 Ôöé     if (this.ref.sportSlug() === 'volleyball') [32m{[37m
          ÔòÁ                                                [32m^[0m


[31mX [41;31m[[41;97mERROR[41;31m][0m [1mTS2532: Object is possibly 'undefined'.[0m [1m[35m[plugin angular-compiler][0m

    src/app/features/referee/referee-panel/referee-panel.ts:454:6:
[37m      454 Ôöé       [32mthis[37m.rotation.undoLastPoint('home');
          ÔòÁ       [32m~~~~[0m


[31mX [41;31m[[41;97mERROR[41;31m][0m [1mTS1128: Declaration or statement expected.[0m [1m[35m[plugin angular-compiler][0m

    src/app/features/referee/referee-panel/referee-panel.ts:456:2:
[37m      456 Ôöé   [32m}[37m
          ÔòÁ   [32m^[0m


[31mX [41;31m[[41;97mERROR[41;31m][0m [1mTS2304: Cannot find name 'onAwayScoreUp'.[0m [1m[35m[plugin angular-compiler][0m

    src/app/features/referee/referee-panel/referee-panel.ts:458:2:
[37m      458 Ôöé   [32monAwayScoreUp[37m(): void {
          ÔòÁ   [32m~~~~~~~~~~~~~[0m


[31mX [41;31m[[41;97mERROR[41;31m][0m [1mTS1005: ';' expected.[0m [1m[35m[plugin angular-compiler][0m

    src/app/features/referee/referee-panel/referee-panel.ts:458:17:
[37m      458 Ôöé   onAwayScoreUp()[32m:[37m void {
          ÔòÁ                  [32m^[0m


[31mX [41;31m[[41;97mERROR[41;31m][0m [1mTS1005: ':' expected.[0m [1m[35m[plugin angular-compiler][0m

    src/app/features/referee/referee-panel/referee-panel.ts:459:8:
[37m      459 Ôöé     this[32m.[37mscoringTeamSide.set('away');
          ÔòÁ         [32m^[0m


[31mX [41;31m[[41;97mERROR[41;31m][0m [1mTS1005: ',' expected.[0m [1m[35m[plugin angular-compiler][0m

    src/app/features/referee/referee-panel/referee-panel.ts:459:36:
[37m      459 Ôöé     this.scoringTeamSide.set('away')[32m;[37m
          ÔòÁ                                     [32m^[0m


[31mX [41;31m[[41;97mERROR[41;31m][0m [1mTS1005: ':' expected.[0m [1m[35m[plugin angular-compiler][0m

    src/app/features/referee/referee-panel/referee-panel.ts:460:8:
[37m      460 Ôöé     this[32m.[37mref.addPoint('away');
          ÔòÁ         [32m^[0m


[31mX [41;31m[[41;97mERROR[41;31m][0m [1mTS1005: ',' expected.[0m [1m[35m[plugin angular-compiler][0m

    src/app/features/referee/referee-panel/referee-panel.ts:460:29:
[37m      460 Ôöé     this.ref.addPoint('away')[32m;[37m
          ÔòÁ                              [32m^[0m


[31mX [41;31m[[41;97mERROR[41;31m][0m [1mTS1005: ',' expected.[0m [1m[35m[plugin angular-compiler][0m

    src/app/features/referee/referee-panel/referee-panel.ts:461:12:
[37m      461 Ôöé     if (this[32m.[37mref.sportSlug() === 'volleyball') {
          ÔòÁ             [32m^[0m


[31mX [41;31m[[41;97mERROR[41;31m][0m [1mTS1005: ',' expected.[0m [1m[35m[plugin angular-compiler][0m

    src/app/features/referee/referee-panel/referee-panel.ts:461:45:
[37m      461 Ôöé     if (this.ref.sportSlug() === 'volleyball'[32m)[37m {
          ÔòÁ                                              [32m^[0m


[31mX [41;31m[[41;97mERROR[41;31m][0m [1mTS1136: Property assignment expected.[0m [1m[35m[plugin angular-compiler][0m

    src/app/features/referee/referee-panel/referee-panel.ts:461:47:
[37m      461 Ôöé     if (this.ref.sportSlug() === 'volleyball') [32m{[37m
          ÔòÁ                                                [32m^[0m


[31mX [41;31m[[41;97mERROR[41;31m][0m [1mTS2532: Object is possibly 'undefined'.[0m [1m[35m[plugin angular-compiler][0m

    src/app/features/referee/referee-panel/referee-panel.ts:462:6:
[37m      462 Ôöé       [32mthis[37m.rotation.onPointScored('away');
          ÔòÁ       [32m~~~~[0m


[31mX [41;31m[[41;97mERROR[41;31m][0m [1mTS2532: Object is possibly 'undefined'.[0m [1m[35m[plugin angular-compiler][0m

    src/app/features/referee/referee-panel/referee-panel.ts:463:6:
[37m      463 Ôöé       [32mthis[37m.checkAutoSetEnd();
          ÔòÁ       [32m~~~~[0m


[31mX [41;31m[[41;97mERROR[41;31m][0m [1mTS2532: Object is possibly 'undefined'.[0m [1m[35m[plugin angular-compiler][0m

    src/app/features/referee/referee-panel/referee-panel.ts:465:4:
[37m      465 Ôöé     [32mthis[37m.showScorerSelect.set(true);
          ÔòÁ     [32m~~~~[0m


[31mX [41;31m[[41;97mERROR[41;31m][0m [1mTS2532: Object is possibly 'undefined'.[0m [1m[35m[plugin angular-compiler][0m

    src/app/features/referee/referee-panel/referee-panel.ts:466:4:
[37m      466 Ôöé     [32mthis[37m.timerComponent()?.autoPause();
          ÔòÁ     [32m~~~~[0m


[31mX [41;31m[[41;97mERROR[41;31m][0m [1mTS1128: Declaration or statement expected.[0m [1m[35m[plugin angular-compiler][0m

    src/app/features/referee/referee-panel/referee-panel.ts:467:2:
[37m      467 Ôöé   [32m}[37m
          ÔòÁ   [32m^[0m


[31mX [41;31m[[41;97mERROR[41;31m][0m [1mTS2304: Cannot find name 'onAwayScoreDown'.[0m [1m[35m[plugin angular-compiler][0m

    src/app/features/referee/referee-panel/referee-panel.ts:469:2:
[37m      469 Ôöé   [32monAwayScoreDown[37m(): void {
          ÔòÁ   [32m~~~~~~~~~~~~~~~[0m


[31mX [41;31m[[41;97mERROR[41;31m][0m [1mTS1005: ';' expected.[0m [1m[35m[plugin angular-compiler][0m

    src/app/features/referee/referee-panel/referee-panel.ts:469:19:
[37m      469 Ôöé   onAwayScoreDown()[32m:[37m void {
          ÔòÁ                    [32m^[0m


[31mX [41;31m[[41;97mERROR[41;31m][0m [1mTS1005: ':' expected.[0m [1m[35m[plugin angular-compiler][0m

    src/app/features/referee/referee-panel/referee-panel.ts:470:8:
[37m      470 Ôöé     this[32m.[37mref.removePoint('away');
          ÔòÁ         [32m^[0m


[31mX [41;31m[[41;97mERROR[41;31m][0m [1mTS1005: ',' expected.[0m [1m[35m[plugin angular-compiler][0m

    src/app/features/referee/referee-panel/referee-panel.ts:470:32:
[37m      470 Ôöé     this.ref.removePoint('away')[32m;[37m
          ÔòÁ                                 [32m^[0m


[31mX [41;31m[[41;97mERROR[41;31m][0m [1mTS1005: ',' expected.[0m [1m[35m[plugin angular-compiler][0m

    src/app/features/referee/referee-panel/referee-panel.ts:471:12:
[37m      471 Ôöé     if (this[32m.[37mref.sportSlug() === 'volleyball') {
          ÔòÁ             [32m^[0m


[31mX [41;31m[[41;97mERROR[41;31m][0m [1mTS1005: ',' expected.[0m [1m[35m[plugin angular-compiler][0m

    src/app/features/referee/referee-panel/referee-panel.ts:471:45:
[37m      471 Ôöé     if (this.ref.sportSlug() === 'volleyball'[32m)[37m {
          ÔòÁ                                              [32m^[0m


[31mX [41;31m[[41;97mERROR[41;31m][0m [1mTS1136: Property assignment expected.[0m [1m[35m[plugin angular-compiler][0m

    src/app/features/referee/referee-panel/referee-panel.ts:471:47:
[37m      471 Ôöé     if (this.ref.sportSlug() === 'volleyball') [32m{[37m
          ÔòÁ                                                [32m^[0m


[31mX [41;31m[[41;97mERROR[41;31m][0m [1mTS2532: Object is possibly 'undefined'.[0m [1m[35m[plugin angular-compiler][0m

    src/app/features/referee/referee-panel/referee-panel.ts:472:6:
[37m      472 Ôöé       [32mthis[37m.rotation.undoLastPoint('away');
          ÔòÁ       [32m~~~~[0m


[31mX [41;31m[[41;97mERROR[41;31m][0m [1mTS1128: Declaration or statement expected.[0m [1m[35m[plugin angular-compiler][0m

    src/app/features/referee/referee-panel/referee-panel.ts:474:2:
[37m      474 Ôöé   [32m}[37m
          ÔòÁ   [32m^[0m


[31mX [41;31m[[41;97mERROR[41;31m][0m [1mTS2304: Cannot find name 'onSideAScoreUp'.[0m [1m[35m[plugin angular-compiler][0m

    src/app/features/referee/referee-panel/referee-panel.ts:478:2:
[37m      478 Ôöé   [32monSideAScoreUp[37m(): void {
          ÔòÁ   [32m~~~~~~~~~~~~~~[0m


[31mX [41;31m[[41;97mERROR[41;31m][0m [1mTS1005: ';' expected.[0m [1m[35m[plugin angular-compiler][0m

    src/app/features/referee/referee-panel/referee-panel.ts:478:18:
[37m      478 Ôöé   onSideAScoreUp()[32m:[37m void {
          ÔòÁ                   [32m^[0m


[31mX [41;31m[[41;97mERROR[41;31m][0m [1mTS1005: ':' expected.[0m [1m[35m[plugin angular-compiler][0m

    src/app/features/referee/referee-panel/referee-panel.ts:479:10:
[37m      479 Ôöé     const [32mteam[37m = this.sideATeam();
          ÔòÁ           [32m~~~~[0m


[31mX [41;31m[[41;97mERROR[41;31m][0m [1mTS2304: Cannot find name 'team'.[0m [1m[35m[plugin angular-compiler][0m

    src/app/features/referee/referee-panel/referee-panel.ts:479:10:
[37m      479 Ôöé     const [32mteam[37m = this.sideATeam();
          ÔòÁ           [32m~~~~[0m


[31mX [41;31m[[41;97mERROR[41;31m][0m [1mTS2532: Object is possibly 'undefined'.[0m [1m[35m[plugin angular-compiler][0m

    src/app/features/referee/referee-panel/referee-panel.ts:479:17:
[37m      479 Ôöé     const team = [32mthis[37m.sideATeam();
          ÔòÁ                  [32m~~~~[0m


[31mX [41;31m[[41;97mERROR[41;31m][0m [1mTS1005: ',' expected.[0m [1m[35m[plugin angular-compiler][0m

    src/app/features/referee/referee-panel/referee-panel.ts:479:33:
[37m      479 Ôöé     const team = this.sideATeam()[32m;[37m
          ÔòÁ                                  [32m^[0m


[31mX [41;31m[[41;97mERROR[41;31m][0m [1mTS18004: No value exists in scope for the shorthand property 'team'. Either declare one 
or provide an initializer.[0m [1m[35m[plugin angular-compiler][0m

    src/app/features/referee/referee-panel/referee-panel.ts:480:4:
[37m      480 Ôöé     [32mteam[37m === 'home' ? this.onHomeScoreUp() : this.onAwayScoreUp();
          ÔòÁ     [32m~~~~[0m


[31mX [41;31m[[41;97mERROR[41;31m][0m [1mTS1005: ',' expected.[0m [1m[35m[plugin angular-compiler][0m

    src/app/features/referee/referee-panel/referee-panel.ts:480:9:
[37m      480 Ôöé     team [32m===[37m 'home' ? this.onHomeScoreUp() : this.onAwayScoreUp();
          ÔòÁ          [32m~~~[0m


[31mX [41;31m[[41;97mERROR[41;31m][0m [1mTS2532: Object is possibly 'undefined'.[0m [1m[35m[plugin angular-compiler][0m

    src/app/features/referee/referee-panel/referee-panel.ts:480:22:
[37m      480 Ôöé     team === 'home' ? [32mthis[37m.onHomeScoreUp() : this.onAwayScoreUp();
          ÔòÁ                       [32m~~~~[0m


[31mX [41;31m[[41;97mERROR[41;31m][0m [1mTS2532: Object is possibly 'undefined'.[0m [1m[35m[plugin angular-compiler][0m

    src/app/features/referee/referee-panel/referee-panel.ts:480:45:
[37m      480 Ôöé     team === 'home' ? this.onHomeScoreUp() : [32mthis[37m.onAwayScoreUp();
          ÔòÁ                                              [32m~~~~[0m


[31mX [41;31m[[41;97mERROR[41;31m][0m [1mTS1128: Declaration or statement expected.[0m [1m[35m[plugin angular-compiler][0m

    src/app/features/referee/referee-panel/referee-panel.ts:481:2:
[37m      481 Ôöé   [32m}[37m
          ÔòÁ   [32m^[0m


[31mX [41;31m[[41;97mERROR[41;31m][0m [1mTS2304: Cannot find name 'onSideAScoreDown'.[0m [1m[35m[plugin angular-compiler][0m

    src/app/features/referee/referee-panel/referee-panel.ts:483:2:
[37m      483 Ôöé   [32monSideAScoreDown[37m(): void {
          ÔòÁ   [32m~~~~~~~~~~~~~~~~[0m


[31mX [41;31m[[41;97mERROR[41;31m][0m [1mTS1005: ';' expected.[0m [1m[35m[plugin angular-compiler][0m

    src/app/features/referee/referee-panel/referee-panel.ts:483:20:
[37m      483 Ôöé   onSideAScoreDown()[32m:[37m void {
          ÔòÁ                     [32m^[0m


[31mX [41;31m[[41;97mERROR[41;31m][0m [1mTS1005: ':' expected.[0m [1m[35m[plugin angular-compiler][0m

    src/app/features/referee/referee-panel/referee-panel.ts:484:10:
[37m      484 Ôöé     const [32mteam[37m = this.sideATeam();
          ÔòÁ           [32m~~~~[0m


[31mX [41;31m[[41;97mERROR[41;31m][0m [1mTS2304: Cannot find name 'team'.[0m [1m[35m[plugin angular-compiler][0m

    src/app/features/referee/referee-panel/referee-panel.ts:484:10:
[37m      484 Ôöé     const [32mteam[37m = this.sideATeam();
          ÔòÁ           [32m~~~~[0m


[31mX [41;31m[[41;97mERROR[41;31m][0m [1mTS2532: Object is possibly 'undefined'.[0m [1m[35m[plugin angular-compiler][0m

    src/app/features/referee/referee-panel/referee-panel.ts:484:17:
[37m      484 Ôöé     const team = [32mthis[37m.sideATeam();
          ÔòÁ                  [32m~~~~[0m


[31mX [41;31m[[41;97mERROR[41;31m][0m [1mTS1005: ',' expected.[0m [1m[35m[plugin angular-compiler][0m

    src/app/features/referee/referee-panel/referee-panel.ts:484:33:
[37m      484 Ôöé     const team = this.sideATeam()[32m;[37m
          ÔòÁ                                  [32m^[0m


[31mX [41;31m[[41;97mERROR[41;31m][0m [1mTS18004: No value exists in scope for the shorthand property 'team'. Either declare one 
or provide an initializer.[0m [1m[35m[plugin angular-compiler][0m

    src/app/features/referee/referee-panel/referee-panel.ts:485:4:
[37m      485 Ôöé     [32mteam[37m === 'home' ? this.onHomeScoreDown() : this.onAwayScoreDo...
          ÔòÁ     [32m~~~~[0m


[31mX [41;31m[[41;97mERROR[41;31m][0m [1mTS1005: ',' expected.[0m [1m[35m[plugin angular-compiler][0m

    src/app/features/referee/referee-panel/referee-panel.ts:485:9:
[37m      485 Ôöé     team [32m===[37m 'home' ? this.onHomeScoreDown() : this.onAwayScoreDo...
          ÔòÁ          [32m~~~[0m


[31mX [41;31m[[41;97mERROR[41;31m][0m [1mTS2532: Object is possibly 'undefined'.[0m [1m[35m[plugin angular-compiler][0m

    src/app/features/referee/referee-panel/referee-panel.ts:485:22:
[37m      485 Ôöé     team === 'home' ? [32mthis[37m.onHomeScoreDown() : this.onAwayScoreDo...
          ÔòÁ                       [32m~~~~[0m


[31mX [41;31m[[41;97mERROR[41;31m][0m [1mTS2532: Object is possibly 'undefined'.[0m [1m[35m[plugin angular-compiler][0m

    src/app/features/referee/referee-panel/referee-panel.ts:485:47:
[37m      485 Ôöé ...eam === 'home' ? this.onHomeScoreDown() : [32mthis[37m.onAwayScoreDown();
          ÔòÁ                                              [32m~~~~[0m


[31mX [41;31m[[41;97mERROR[41;31m][0m [1mTS1128: Declaration or statement expected.[0m [1m[35m[plugin angular-compiler][0m

    src/app/features/referee/referee-panel/referee-panel.ts:486:2:
[37m      486 Ôöé   [32m}[37m
          ÔòÁ   [32m^[0m


[31mX [41;31m[[41;97mERROR[41;31m][0m [1mTS2304: Cannot find name 'onSideBScoreUp'.[0m [1m[35m[plugin angular-compiler][0m

    src/app/features/referee/referee-panel/referee-panel.ts:488:2:
[37m      488 Ôöé   [32monSideBScoreUp[37m(): void {
          ÔòÁ   [32m~~~~~~~~~~~~~~[0m


[31mX [41;31m[[41;97mERROR[41;31m][0m [1mTS1005: ';' expected.[0m [1m[35m[plugin angular-compiler][0m

    src/app/features/referee/referee-panel/referee-panel.ts:488:18:
[37m      488 Ôöé   onSideBScoreUp()[32m:[37m void {
          ÔòÁ                   [32m^[0m


[31mX [41;31m[[41;97mERROR[41;31m][0m [1mTS1005: ':' expected.[0m [1m[35m[plugin angular-compiler][0m

    src/app/features/referee/referee-panel/referee-panel.ts:489:10:
[37m      489 Ôöé     const [32mteam[37m = this.sideBTeam();
          ÔòÁ           [32m~~~~[0m


[31mX [41;31m[[41;97mERROR[41;31m][0m [1mTS2304: Cannot find name 'team'.[0m [1m[35m[plugin angular-compiler][0m

    src/app/features/referee/referee-panel/referee-panel.ts:489:10:
[37m      489 Ôöé     const [32mteam[37m = this.sideBTeam();
          ÔòÁ           [32m~~~~[0m


[31mX [41;31m[[41;97mERROR[41;31m][0m [1mTS2532: Object is possibly 'undefined'.[0m [1m[35m[plugin angular-compiler][0m

    src/app/features/referee/referee-panel/referee-panel.ts:489:17:
[37m      489 Ôöé     const team = [32mthis[37m.sideBTeam();
          ÔòÁ                  [32m~~~~[0m


[31mX [41;31m[[41;97mERROR[41;31m][0m [1mTS1005: ',' expected.[0m [1m[35m[plugin angular-compiler][0m

    src/app/features/referee/referee-panel/referee-panel.ts:489:33:
[37m      489 Ôöé     const team = this.sideBTeam()[32m;[37m
          ÔòÁ                                  [32m^[0m


[31mX [41;31m[[41;97mERROR[41;31m][0m [1mTS18004: No value exists in scope for the shorthand property 'team'. Either declare one 
or provide an initializer.[0m [1m[35m[plugin angular-compiler][0m

    src/app/features/referee/referee-panel/referee-panel.ts:490:4:
[37m      490 Ôöé     [32mteam[37m === 'home' ? this.onHomeScoreUp() : this.onAwayScoreUp();
          ÔòÁ     [32m~~~~[0m


[31mX [41;31m[[41;97mERROR[41;31m][0m [1mTS1005: ',' expected.[0m [1m[35m[plugin angular-compiler][0m

    src/app/features/referee/referee-panel/referee-panel.ts:490:9:
[37m      490 Ôöé     team [32m===[37m 'home' ? this.onHomeScoreUp() : this.onAwayScoreUp();
          ÔòÁ          [32m~~~[0m


[31mX [41;31m[[41;97mERROR[41;31m][0m [1mTS2532: Object is possibly 'undefined'.[0m [1m[35m[plugin angular-compiler][0m

    src/app/features/referee/referee-panel/referee-panel.ts:490:22:
[37m      490 Ôöé     team === 'home' ? [32mthis[37m.onHomeScoreUp() : this.onAwayScoreUp();
          ÔòÁ                       [32m~~~~[0m


[31mX [41;31m[[41;97mERROR[41;31m][0m [1mTS2532: Object is possibly 'undefined'.[0m [1m[35m[plugin angular-compiler][0m

    src/app/features/referee/referee-panel/referee-panel.ts:490:45:
[37m      490 Ôöé     team === 'home' ? this.onHomeScoreUp() : [32mthis[37m.onAwayScoreUp();
          ÔòÁ                                              [32m~~~~[0m


[31mX [41;31m[[41;97mERROR[41;31m][0m [1mTS1128: Declaration or statement expected.[0m [1m[35m[plugin angular-compiler][0m

    src/app/features/referee/referee-panel/referee-panel.ts:491:2:
[37m      491 Ôöé   [32m}[37m
          ÔòÁ   [32m^[0m


[31mX [41;31m[[41;97mERROR[41;31m][0m [1mTS2304: Cannot find name 'onSideBScoreDown'.[0m [1m[35m[plugin angular-compiler][0m

    src/app/features/referee/referee-panel/referee-panel.ts:493:2:
[37m      493 Ôöé   [32monSideBScoreDown[37m(): void {
          ÔòÁ   [32m~~~~~~~~~~~~~~~~[0m


[31mX [41;31m[[41;97mERROR[41;31m][0m [1mTS1005: ';' expected.[0m [1m[35m[plugin angular-compiler][0m

    src/app/features/referee/referee-panel/referee-panel.ts:493:20:
[37m      493 Ôöé   onSideBScoreDown()[32m:[37m void {
          ÔòÁ                     [32m^[0m


[31mX [41;31m[[41;97mERROR[41;31m][0m [1mTS1005: ':' expected.[0m [1m[35m[plugin angular-compiler][0m

    src/app/features/referee/referee-panel/referee-panel.ts:494:10:
[37m      494 Ôöé     const [32mteam[37m = this.sideBTeam();
          ÔòÁ           [32m~~~~[0m


[31mX [41;31m[[41;97mERROR[41;31m][0m [1mTS2304: Cannot find name 'team'.[0m [1m[35m[plugin angular-compiler][0m

    src/app/features/referee/referee-panel/referee-panel.ts:494:10:
[37m      494 Ôöé     const [32mteam[37m = this.sideBTeam();
          ÔòÁ           [32m~~~~[0m


[31mX [41;31m[[41;97mERROR[41;31m][0m [1mTS2532: Object is possibly 'undefined'.[0m [1m[35m[plugin angular-compiler][0m

    src/app/features/referee/referee-panel/referee-panel.ts:494:17:
[37m      494 Ôöé     const team = [32mthis[37m.sideBTeam();
          ÔòÁ                  [32m~~~~[0m


[31mX [41;31m[[41;97mERROR[41;31m][0m [1mTS1005: ',' expected.[0m [1m[35m[plugin angular-compiler][0m

    src/app/features/referee/referee-panel/referee-panel.ts:494:33:
[37m      494 Ôöé     const team = this.sideBTeam()[32m;[37m
          ÔòÁ                                  [32m^[0m


[31mX [41;31m[[41;97mERROR[41;31m][0m [1mTS18004: No value exists in scope for the shorthand property 'team'. Either declare one 
or provide an initializer.[0m [1m[35m[plugin angular-compiler][0m

    src/app/features/referee/referee-panel/referee-panel.ts:495:4:
[37m      495 Ôöé     [32mteam[37m === 'home' ? this.onHomeScoreDown() : this.onAwayScoreDo...
          ÔòÁ     [32m~~~~[0m


[31mX [41;31m[[41;97mERROR[41;31m][0m [1mTS1005: ',' expected.[0m [1m[35m[plugin angular-compiler][0m

    src/app/features/referee/referee-panel/referee-panel.ts:495:9:
[37m      495 Ôöé     team [32m===[37m 'home' ? this.onHomeScoreDown() : this.onAwayScoreDo...
          ÔòÁ          [32m~~~[0m


[31mX [41;31m[[41;97mERROR[41;31m][0m [1mTS2532: Object is possibly 'undefined'.[0m [1m[35m[plugin angular-compiler][0m

    src/app/features/referee/referee-panel/referee-panel.ts:495:22:
[37m      495 Ôöé     team === 'home' ? [32mthis[37m.onHomeScoreDown() : this.onAwayScoreDo...
          ÔòÁ                       [32m~~~~[0m


[31mX [41;31m[[41;97mERROR[41;31m][0m [1mTS2532: Object is possibly 'undefined'.[0m [1m[35m[plugin angular-compiler][0m

    src/app/features/referee/referee-panel/referee-panel.ts:495:47:
[37m      495 Ôöé ...eam === 'home' ? this.onHomeScoreDown() : [32mthis[37m.onAwayScoreDown();
          ÔòÁ                                              [32m~~~~[0m


[31mX [41;31m[[41;97mERROR[41;31m][0m [1mTS1128: Declaration or statement expected.[0m [1m[35m[plugin angular-compiler][0m

    src/app/features/referee/referee-panel/referee-panel.ts:496:2:
[37m      496 Ôöé   [32m}[37m
          ÔòÁ   [32m^[0m


[31mX [41;31m[[41;97mERROR[41;31m][0m [1mTS2304: Cannot find name 'onManualRotate'.[0m [1m[35m[plugin angular-compiler][0m

    src/app/features/referee/referee-panel/referee-panel.ts:500:2:
[37m      500 Ôöé   [32monManualRotate[37m(team: 'home' | 'away', direction: 'forward' | 'b...
          ÔòÁ   [32m~~~~~~~~~~~~~~[0m


[31mX [41;31m[[41;97mERROR[41;31m][0m [1mTS2304: Cannot find name 'team'.[0m [1m[35m[plugin angular-compiler][0m

    src/app/features/referee/referee-panel/referee-panel.ts:500:17:
[37m      500 Ôöé   onManualRotate([32mteam[37m: 'home' | 'away', direction: 'forward' | 'b...
          ÔòÁ                  [32m~~~~[0m


[31mX [41;31m[[41;97mERROR[41;31m][0m [1mTS1005: ',' expected.[0m [1m[35m[plugin angular-compiler][0m

    src/app/features/referee/referee-panel/referee-panel.ts:500:21:
[37m      500 Ôöé   onManualRotate(team[32m:[37m 'home' | 'away', direction: 'forward' | 'b...
          ÔòÁ                      [32m^[0m


[31mX [41;31m[[41;97mERROR[41;31m][0m [1mTS2362: The left-hand side of an arithmetic operation must be of type 'any', 'number', 
'bigint' or an enum type.[0m [1m[35m[plugin angular-compiler][0m

    src/app/features/referee/referee-panel/referee-panel.ts:500:23:
[37m      500 Ôöé   onManualRotate(team: [32m'home'[37m | 'away', direction: 'forward' | 'b...
          ÔòÁ                        [32m~~~~~~[0m


[31mX [41;31m[[41;97mERROR[41;31m][0m [1mTS2363: The right-hand side of an arithmetic operation must be of type 'any', 'number', 
'bigint' or an enum type.[0m [1m[35m[plugin angular-compiler][0m

    src/app/features/referee/referee-panel/referee-panel.ts:500:32:
[37m      500 Ôöé ...ManualRotate(team: 'home' | [32m'away'[37m, direction: 'forward' | 'ba...
          ÔòÁ                                [32m~~~~~~[0m


[31mX [41;31m[[41;97mERROR[41;31m][0m [1mTS2304: Cannot find name 'direction'.[0m [1m[35m[plugin angular-compiler][0m

    src/app/features/referee/referee-panel/referee-panel.ts:500:40:
[37m      500 Ôöé ...ate(team: 'home' | 'away', [32mdirection[37m: 'forward' | 'backward'):...
          ÔòÁ                               [32m~~~~~~~~~[0m


[31mX [41;31m[[41;97mERROR[41;31m][0m [1mTS1005: ',' expected.[0m [1m[35m[plugin angular-compiler][0m

    src/app/features/referee/referee-panel/referee-panel.ts:500:49:
[37m      500 Ôöé ...team: 'home' | 'away', direction[32m:[37m 'forward' | 'backward'): void {
          ÔòÁ                                    [32m^[0m


[31mX [41;31m[[41;97mERROR[41;31m][0m [1mTS2362: The left-hand side of an arithmetic operation must be of type 'any', 'number', 
'bigint' or an enum type.[0m [1m[35m[plugin angular-compiler][0m

    src/app/features/referee/referee-panel/referee-panel.ts:500:51:
[37m      500 Ôöé ...team: 'home' | 'away', direction: [32m'forward'[37m | 'backward'): void {
          ÔòÁ                                      [32m~~~~~~~~~[0m


[31mX [41;31m[[41;97mERROR[41;31m][0m [1mTS2363: The right-hand side of an arithmetic operation must be of type 'any', 'number', 
'bigint' or an enum type.[0m [1m[35m[plugin angular-compiler][0m

    src/app/features/referee/referee-panel/referee-panel.ts:500:63:
[37m      500 Ôöé ...team: 'home' | 'away', direction: 'forward' | [32m'backward'[37m): void {
          ÔòÁ                                                  [32m~~~~~~~~~~[0m


[31mX [41;31m[[41;97mERROR[41;31m][0m [1mTS1005: ';' expected.[0m [1m[35m[plugin angular-compiler][0m

    src/app/features/referee/referee-panel/referee-panel.ts:500:74:
[37m      500 Ôöé ...team: 'home' | 'away', direction: 'forward' | 'backward')[32m:[37m void {
          ÔòÁ                                                             [32m^[0m


[31mX [41;31m[[41;97mERROR[41;31m][0m [1mTS7006: Parameter 'direction' implicitly has an 'any' type.[0m [1m[35m[plugin 
angular-compiler][0m

    src/app/features/referee/referee-panel/referee-panel.ts:501:8:
[37m      501 Ôöé     if ([32mdirection[37m === 'forward') {
          ÔòÁ         [32m~~~~~~~~~[0m


[31mX [41;31m[[41;97mERROR[41;31m][0m [1mTS1005: ',' expected.[0m [1m[35m[plugin angular-compiler][0m

    src/app/features/referee/referee-panel/referee-panel.ts:501:18:
[37m      501 Ôöé     if (direction [32m===[37m 'forward') {
          ÔòÁ                   [32m~~~[0m


[31mX [41;31m[[41;97mERROR[41;31m][0m [1mTS1005: ';' expected.[0m [1m[35m[plugin angular-compiler][0m

    src/app/features/referee/referee-panel/referee-panel.ts:501:31:
[37m      501 Ôöé     if (direction === 'forward'[32m)[37m {
          ÔòÁ                                [32m^[0m


[31mX [41;31m[[41;97mERROR[41;31m][0m [1mTS2532: Object is possibly 'undefined'.[0m [1m[35m[plugin angular-compiler][0m

    src/app/features/referee/referee-panel/referee-panel.ts:502:6:
[37m      502 Ôöé       [32mthis[37m.rotation.manualRotateForward(team);
          ÔòÁ       [32m~~~~[0m


[31mX [41;31m[[41;97mERROR[41;31m][0m [1mTS2304: Cannot find name 'team'.[0m [1m[35m[plugin angular-compiler][0m

    src/app/features/referee/referee-panel/referee-panel.ts:502:40:
[37m      502 Ôöé       this.rotation.manualRotateForward([32mteam[37m);
          ÔòÁ                                         [32m~~~~[0m


[31mX [41;31m[[41;97mERROR[41;31m][0m [1mTS1128: Declaration or statement expected.[0m [1m[35m[plugin angular-compiler][0m

    src/app/features/referee/referee-panel/referee-panel.ts:503:6:
[37m      503 Ôöé     } [32melse[37m {
          ÔòÁ       [32m~~~~[0m


[31mX [41;31m[[41;97mERROR[41;31m][0m [1mTS2532: Object is possibly 'undefined'.[0m [1m[35m[plugin angular-compiler][0m

    src/app/features/referee/referee-panel/referee-panel.ts:504:6:
[37m      504 Ôöé       [32mthis[37m.rotation.manualRotateBackward(team);
          ÔòÁ       [32m~~~~[0m


[31mX [41;31m[[41;97mERROR[41;31m][0m [1mTS2304: Cannot find name 'team'.[0m [1m[35m[plugin angular-compiler][0m

    src/app/features/referee/referee-panel/referee-panel.ts:504:41:
[37m      504 Ôöé       this.rotation.manualRotateBackward([32mteam[37m);
          ÔòÁ                                          [32m~~~~[0m


[31mX [41;31m[[41;97mERROR[41;31m][0m [1mTS1128: Declaration or statement expected.[0m [1m[35m[plugin angular-compiler][0m

    src/app/features/referee/referee-panel/referee-panel.ts:506:2:
[37m      506 Ôöé   [32m}[37m
          ÔòÁ   [32m^[0m


[31mX [41;31m[[41;97mERROR[41;31m][0m [1mTS2304: Cannot find name 'onUndoLast'.[0m [1m[35m[plugin angular-compiler][0m

    src/app/features/referee/referee-panel/referee-panel.ts:510:2:
[37m      510 Ôöé   [32monUndoLast[37m(): void {
          ÔòÁ   [32m~~~~~~~~~~[0m


[31mX [41;31m[[41;97mERROR[41;31m][0m [1mTS1005: ';' expected.[0m [1m[35m[plugin angular-compiler][0m

    src/app/features/referee/referee-panel/referee-panel.ts:510:14:
[37m      510 Ôöé   onUndoLast()[32m:[37m void {
          ÔòÁ               [32m^[0m


[31mX [41;31m[[41;97mERROR[41;31m][0m [1mTS1005: ':' expected.[0m [1m[35m[plugin angular-compiler][0m

    src/app/features/referee/referee-panel/referee-panel.ts:511:8:
[37m      511 Ôöé     this[32m.[37mref.undoLastEvent();
          ÔòÁ         [32m^[0m


[31mX [41;31m[[41;97mERROR[41;31m][0m [1mTS1005: ',' expected.[0m [1m[35m[plugin angular-compiler][0m

    src/app/features/referee/referee-panel/referee-panel.ts:511:28:
[37m      511 Ôöé     this.ref.undoLastEvent()[32m;[37m
          ÔòÁ                             [32m^[0m


[31mX [41;31m[[41;97mERROR[41;31m][0m [1mTS2304: Cannot find name 'onTimeout'.[0m [1m[35m[plugin angular-compiler][0m

    src/app/features/referee/referee-panel/referee-panel.ts:516:2:
[37m      516 Ôöé   [32monTimeout[37m(): void {
          ÔòÁ   [32m~~~~~~~~~[0m


[31mX [41;31m[[41;97mERROR[41;31m][0m [1mTS1005: ';' expected.[0m [1m[35m[plugin angular-compiler][0m

    src/app/features/referee/referee-panel/referee-panel.ts:516:13:
[37m      516 Ôöé   onTimeout()[32m:[37m void {
          ÔòÁ              [32m^[0m


[31mX [41;31m[[41;97mERROR[41;31m][0m [1mTS1005: ':' expected.[0m [1m[35m[plugin angular-compiler][0m

    src/app/features/referee/referee-panel/referee-panel.ts:517:8:
[37m      517 Ôöé     this[32m.[37mtimerComponent()?.pause();
          ÔòÁ         [32m^[0m


[31mX [41;31m[[41;97mERROR[41;31m][0m [1mTS1005: ',' expected.[0m [1m[35m[plugin angular-compiler][0m

    src/app/features/referee/referee-panel/referee-panel.ts:517:34:
[37m      517 Ôöé     this.timerComponent()?.pause()[32m;[37m
          ÔòÁ                                   [32m^[0m


[31mX [41;31m[[41;97mERROR[41;31m][0m [1mTS1005: ':' expected.[0m [1m[35m[plugin angular-compiler][0m

    src/app/features/referee/referee-panel/referee-panel.ts:518:8:
[37m      518 Ôöé     this[32m.[37mref.recordTimerPause(this.timerComponent()?.elapsed() ??...
          ÔòÁ         [32m^[0m


[31mX [41;31m[[41;97mERROR[41;31m][0m [1mTS2532: Object is possibly 'undefined'.[0m [1m[35m[plugin angular-compiler][0m

    src/app/features/referee/referee-panel/referee-panel.ts:518:30:
[37m      518 Ôöé     this.ref.recordTimerPause([32mthis[37m.timerComponent()?.elapsed() ??...
          ÔòÁ                               [32m~~~~[0m


[31mX [41;31m[[41;97mERROR[41;31m][0m [1mTS1005: ',' expected.[0m [1m[35m[plugin angular-compiler][0m

    src/app/features/referee/referee-panel/referee-panel.ts:518:68:
[37m      518 Ôöé ...this.ref.recordTimerPause(this.timerComponent()?.elapsed() ?? 0)[32m;[37m
          ÔòÁ                                                                    [32m^[0m


[31mX [41;31m[[41;97mERROR[41;31m][0m [1mTS1128: Declaration or statement expected.[0m [1m[35m[plugin angular-compiler][0m

    src/app/features/referee/referee-panel/referee-panel.ts:525:2:
[37m      525 Ôöé   [32mprivate[37m checkAutoSetEnd(): void {
          ÔòÁ   [32m~~~~~~~[0m


[31mX [41;31m[[41;97mERROR[41;31m][0m [1mTS2304: Cannot find name 'checkAutoSetEnd'.[0m [1m[35m[plugin angular-compiler][0m

    src/app/features/referee/referee-panel/referee-panel.ts:525:10:
[37m      525 Ôöé   private [32mcheckAutoSetEnd[37m(): void {
          ÔòÁ           [32m~~~~~~~~~~~~~~~[0m


[31mX [41;31m[[41;97mERROR[41;31m][0m [1mTS1005: ';' expected.[0m [1m[35m[plugin angular-compiler][0m

    src/app/features/referee/referee-panel/referee-panel.ts:525:27:
[37m      525 Ôöé   private checkAutoSetEnd()[32m:[37m void {
          ÔòÁ                            [32m^[0m


[31mX [41;31m[[41;97mERROR[41;31m][0m [1mTS2349: This expression is not callable.
  Type '{ setTimeout(): any; }' has no call signatures.[0m [1m[35m[plugin angular-compiler][0m

    src/app/features/referee/referee-panel/referee-panel.ts:525:34:
[37m      525 Ôöé   private checkAutoSetEnd(): void [32m{[37m
          ÔòÁ                                   [32m^[0m


[31mX [41;31m[[41;97mERROR[41;31m][0m [1mTS1138: Parameter declaration expected.[0m [1m[35m[plugin angular-compiler][0m

    src/app/features/referee/referee-panel/referee-panel.ts:527:15:
[37m      527 Ôöé     setTimeout([32m([37m) => {
          ÔòÁ                [32m^[0m


[31mX [41;31m[[41;97mERROR[41;31m][0m [1mTS1005: ';' expected.[0m [1m[35m[plugin angular-compiler][0m

    src/app/features/referee/referee-panel/referee-panel.ts:527:18:
[37m      527 Ôöé     setTimeout(() [32m=>[37m {
          ÔòÁ                   [32m~~[0m


[31mX [41;31m[[41;97mERROR[41;31m][0m [1mTS2532: Object is possibly 'undefined'.[0m [1m[35m[plugin angular-compiler][0m

    src/app/features/referee/referee-panel/referee-panel.ts:528:24:
[37m      528 Ôöé       const homeScore = [32mthis[37m.ref.currentPeriodHomeScore();
          ÔòÁ                         [32m~~~~[0m


[31mX [41;31m[[41;97mERROR[41;31m][0m [1mTS2532: Object is possibly 'undefined'.[0m [1m[35m[plugin angular-compiler][0m

    src/app/features/referee/referee-panel/referee-panel.ts:529:24:
[37m      529 Ôöé       const awayScore = [32mthis[37m.ref.currentPeriodAwayScore();
          ÔòÁ                         [32m~~~~[0m


[31mX [41;31m[[41;97mERROR[41;31m][0m [1mTS2532: Object is possibly 'undefined'.[0m [1m[35m[plugin angular-compiler][0m

    src/app/features/referee/referee-panel/referee-panel.ts:530:21:
[37m      530 Ôöé       const target = [32mthis[37m.ref.pointsPerSet();
          ÔòÁ                      [32m~~~~[0m


[31mX [41;31m[[41;97mERROR[41;31m][0m [1mTS2532: Object is possibly 'undefined'.[0m [1m[35m[plugin angular-compiler][0m

    src/app/features/referee/referee-panel/referee-panel.ts:531:21:
[37m      531 Ôöé       const margin = [32mthis[37m.ref.winMargin();
          ÔòÁ                      [32m~~~~[0m


[31mX [41;31m[[41;97mERROR[41;31m][0m [1mTS2532: Object is possibly 'undefined'.[0m [1m[35m[plugin angular-compiler][0m

    src/app/features/referee/referee-panel/referee-panel.ts:537:8:
[37m      537 Ôöé         [32mthis[37m.onEndPeriod();
          ÔòÁ         [32m~~~~[0m


[31mX [41;31m[[41;97mERROR[41;31m][0m [1mTS1128: Declaration or statement expected.[0m [1m[35m[plugin angular-compiler][0m

    src/app/features/referee/referee-panel/referee-panel.ts:539:5:
[37m      539 Ôöé     }[32m,[37m 500);
          ÔòÁ      [32m^[0m


[31mX [41;31m[[41;97mERROR[41;31m][0m [1mTS1005: ';' expected.[0m [1m[35m[plugin angular-compiler][0m

    src/app/features/referee/referee-panel/referee-panel.ts:539:10:
[37m      539 Ôöé     }, 500[32m)[37m;
          ÔòÁ           [32m^[0m


[31mX [41;31m[[41;97mERROR[41;31m][0m [1mTS1128: Declaration or statement expected.[0m [1m[35m[plugin angular-compiler][0m

    src/app/features/referee/referee-panel/referee-panel.ts:540:2:
[37m      540 Ôöé   [32m}[37m
          ÔòÁ   [32m^[0m


[31mX [41;31m[[41;97mERROR[41;31m][0m [1mTS2304: Cannot find name 'onScorerSelected'.[0m [1m[35m[plugin angular-compiler][0m

    src/app/features/referee/referee-panel/referee-panel.ts:544:2:
[37m      544 Ôöé   [32monScorerSelected[37m(selection: ScorerSelection): void {
          ÔòÁ   [32m~~~~~~~~~~~~~~~~[0m


[31mX [41;31m[[41;97mERROR[41;31m][0m [1mTS2304: Cannot find name 'selection'.[0m [1m[35m[plugin angular-compiler][0m

    src/app/features/referee/referee-panel/referee-panel.ts:544:19:
[37m      544 Ôöé   onScorerSelected([32mselection[37m: ScorerSelection): void {
          ÔòÁ                    [32m~~~~~~~~~[0m


[31mX [41;31m[[41;97mERROR[41;31m][0m [1mTS1005: ',' expected.[0m [1m[35m[plugin angular-compiler][0m

    src/app/features/referee/referee-panel/referee-panel.ts:544:28:
[37m      544 Ôöé   onScorerSelected(selection[32m:[37m ScorerSelection): void {
          ÔòÁ                             [32m^[0m


[31mX [41;31m[[41;97mERROR[41;31m][0m [1mTS2693: 'ScorerSelection' only refers to a type, but is being used as a value here.[0m 
[1m[35m[plugin angular-compiler][0m

    src/app/features/referee/referee-panel/referee-panel.ts:544:30:
[37m      544 Ôöé   onScorerSelected(selection: [32mScorerSelection[37m): void {
          ÔòÁ                               [32m~~~~~~~~~~~~~~~[0m


[31mX [41;31m[[41;97mERROR[41;31m][0m [1mTS1005: ';' expected.[0m [1m[35m[plugin angular-compiler][0m

    src/app/features/referee/referee-panel/referee-panel.ts:544:46:
[37m      544 Ôöé   onScorerSelected(selection: ScorerSelection)[32m:[37m void {
          ÔòÁ                                               [32m^[0m


[31mX [41;31m[[41;97mERROR[41;31m][0m [1mTS1005: ':' expected.[0m [1m[35m[plugin angular-compiler][0m

    src/app/features/referee/referee-panel/referee-panel.ts:545:10:
[37m      545 Ôöé     const [32mperiod[37m = this.ref.currentPeriod();
          ÔòÁ           [32m~~~~~~[0m


[31mX [41;31m[[41;97mERROR[41;31m][0m [1mTS2304: Cannot find name 'period'.[0m [1m[35m[plugin angular-compiler][0m

    src/app/features/referee/referee-panel/referee-panel.ts:545:10:
[37m      545 Ôöé     const [32mperiod[37m = this.ref.currentPeriod();
          ÔòÁ           [32m~~~~~~[0m


[31mX [41;31m[[41;97mERROR[41;31m][0m [1mTS2532: Object is possibly 'undefined'.[0m [1m[35m[plugin angular-compiler][0m

    src/app/features/referee/referee-panel/referee-panel.ts:545:19:
[37m      545 Ôöé     const period = [32mthis[37m.ref.currentPeriod();
          ÔòÁ                    [32m~~~~[0m


[31mX [41;31m[[41;97mERROR[41;31m][0m [1mTS1005: ',' expected.[0m [1m[35m[plugin angular-compiler][0m

    src/app/features/referee/referee-panel/referee-panel.ts:545:43:
[37m      545 Ôöé     const period = this.ref.currentPeriod()[32m;[37m
          ÔòÁ                                            [32m^[0m


[31mX [41;31m[[41;97mERROR[41;31m][0m [1mTS1003: Identifier expected.[0m [1m[35m[plugin angular-compiler][0m

    src/app/features/referee/referee-panel/referee-panel.ts:546:8:
[37m      546 Ôöé     if ([32m![37mperiod) return;
          ÔòÁ         [32m^[0m


[31mX [41;31m[[41;97mERROR[41;31m][0m [1mTS7006: Parameter '(Missing)' implicitly has an 'any' type.[0m [1m[35m[plugin 
angular-compiler][0m

    src/app/features/referee/referee-panel/referee-panel.ts:546:8:
[37m      546 Ôöé     if ([32m[37m!period) return;
          ÔòÁ         [32m^[0m


[31mX [41;31m[[41;97mERROR[41;31m][0m [1mTS7006: Parameter 'period' implicitly has an 'any' type.[0m [1m[35m[plugin 
angular-compiler][0m

    src/app/features/referee/referee-panel/referee-panel.ts:546:9:
[37m      546 Ôöé     if (![32mperiod[37m) return;
          ÔòÁ          [32m~~~~~~[0m


[31mX [41;31m[[41;97mERROR[41;31m][0m [1mTS1005: '{' expected.[0m [1m[35m[plugin angular-compiler][0m

    src/app/features/referee/referee-panel/referee-panel.ts:546:17:
[37m      546 Ôöé     if (!period) [32mreturn[37m;
          ÔòÁ                  [32m~~~~~~[0m


[31mX [41;31m[[41;97mERROR[41;31m][0m [1mTS1005: ':' expected.[0m [1m[35m[plugin angular-compiler][0m

    src/app/features/referee/referee-panel/referee-panel.ts:546:23:
[37m      546 Ôöé     if (!period) return[32m;[37m
          ÔòÁ                        [32m^[0m


[31mX [41;31m[[41;97mERROR[41;31m][0m [1mTS1005: ':' expected.[0m [1m[35m[plugin angular-compiler][0m

    src/app/features/referee/referee-panel/referee-panel.ts:548:10:
[37m      548 Ôöé     const [32mteamId[37m = this.scoringTeamId();
          ÔòÁ           [32m~~~~~~[0m


[31mX [41;31m[[41;97mERROR[41;31m][0m [1mTS2304: Cannot find name 'teamId'.[0m [1m[35m[plugin angular-compiler][0m

    src/app/features/referee/referee-panel/referee-panel.ts:548:10:
[37m      548 Ôöé     const [32mteamId[37m = this.scoringTeamId();
          ÔòÁ           [32m~~~~~~[0m


[31mX [41;31m[[41;97mERROR[41;31m][0m [1mTS2532: Object is possibly 'undefined'.[0m [1m[35m[plugin angular-compiler][0m

    src/app/features/referee/referee-panel/referee-panel.ts:548:19:
[37m      548 Ôöé     const teamId = [32mthis[37m.scoringTeamId();
          ÔòÁ                    [32m~~~~[0m


[31mX [41;31m[[41;97mERROR[41;31m][0m [1mTS1005: ',' expected.[0m [1m[35m[plugin angular-compiler][0m

    src/app/features/referee/referee-panel/referee-panel.ts:548:39:
[37m      548 Ôöé     const teamId = this.scoringTeamId()[32m;[37m
          ÔòÁ                                        [32m^[0m


[31mX [41;31m[[41;97mERROR[41;31m][0m [1mTS1005: ':' expected.[0m [1m[35m[plugin angular-compiler][0m

    src/app/features/referee/referee-panel/referee-panel.ts:549:10:
[37m      549 Ôöé     const [32mdto[37m = {
          ÔòÁ           [32m~~~[0m


[31mX [41;31m[[41;97mERROR[41;31m][0m [1mTS2304: Cannot find name 'dto'.[0m [1m[35m[plugin angular-compiler][0m

    src/app/features/referee/referee-panel/referee-panel.ts:549:10:
[37m      549 Ôöé     const [32mdto[37m = {
          ÔòÁ           [32m~~~[0m


[31mX [41;31m[[41;97mERROR[41;31m][0m [1mTS18004: No value exists in scope for the shorthand property 'teamId'. Either declare one 
or provide an initializer.[0m [1m[35m[plugin angular-compiler][0m

    src/app/features/referee/referee-panel/referee-panel.ts:550:6:
[37m      550 Ôöé       [32mteamId[37m,
          ÔòÁ       [32m~~~~~~[0m


[31mX [41;31m[[41;97mERROR[41;31m][0m [1mTS2304: Cannot find name 'selection'.[0m [1m[35m[plugin angular-compiler][0m

    src/app/features/referee/referee-panel/referee-panel.ts:551:16:
[37m      551 Ôöé       playerId: [32mselection[37m.playerId,
          ÔòÁ                 [32m~~~~~~~~~[0m


[31mX [41;31m[[41;97mERROR[41;31m][0m [1mTS2304: Cannot find name 'period'.[0m [1m[35m[plugin angular-compiler][0m

    src/app/features/referee/referee-panel/referee-panel.ts:552:20:
[37m      552 Ôöé       periodNumber: [32mperiod[37m.periodNumber,
          ÔòÁ                     [32m~~~~~~[0m


[31mX [41;31m[[41;97mERROR[41;31m][0m [1mTS2532: Object is possibly 'undefined'.[0m [1m[35m[plugin angular-compiler][0m

    src/app/features/referee/referee-panel/referee-panel.ts:553:19:
[37m      553 Ôöé       matchMinute: [32mthis[37m.currentMinute(),
          ÔòÁ                    [32m~~~~[0m


[31mX [41;31m[[41;97mERROR[41;31m][0m [1mTS1005: ',' expected.[0m [1m[35m[plugin angular-compiler][0m

    src/app/features/referee/referee-panel/referee-panel.ts:555:5:
[37m      555 Ôöé     }[32m;[37m
          ÔòÁ      [32m^[0m


[31mX [41;31m[[41;97mERROR[41;31m][0m [1mTS1005: ':' expected.[0m [1m[35m[plugin angular-compiler][0m

    src/app/features/referee/referee-panel/referee-panel.ts:557:8:
[37m      557 Ôöé     this[32m.[37mref.registerScorer(dto);
          ÔòÁ         [32m^[0m


[31mX [41;31m[[41;97mERROR[41;31m][0m [1mTS2304: Cannot find name 'dto'.[0m [1m[35m[plugin angular-compiler][0m

    src/app/features/referee/referee-panel/referee-panel.ts:557:28:
[37m      557 Ôöé     this.ref.registerScorer([32mdto[37m);
          ÔòÁ                             [32m~~~[0m


[31mX [41;31m[[41;97mERROR[41;31m][0m [1mTS1005: ',' expected.[0m [1m[35m[plugin angular-compiler][0m

    src/app/features/referee/referee-panel/referee-panel.ts:557:32:
[37m      557 Ôöé     this.ref.registerScorer(dto)[32m;[37m
          ÔòÁ                                 [32m^[0m


[31mX [41;31m[[41;97mERROR[41;31m][0m [1mTS1005: ':' expected.[0m [1m[35m[plugin angular-compiler][0m

    src/app/features/referee/referee-panel/referee-panel.ts:560:8:
[37m      560 Ôöé     this[32m.[37mref.registerEvent({
          ÔòÁ         [32m^[0m


[31mX [41;31m[[41;97mERROR[41;31m][0m [1mTS18004: No value exists in scope for the shorthand property 'teamId'. Either declare one 
or provide an initializer.[0m [1m[35m[plugin angular-compiler][0m

    src/app/features/referee/referee-panel/referee-panel.ts:562:6:
[37m      562 Ôöé       [32mteamId[37m,
          ÔòÁ       [32m~~~~~~[0m


[31mX [41;31m[[41;97mERROR[41;31m][0m [1mTS2304: Cannot find name 'selection'.[0m [1m[35m[plugin angular-compiler][0m

    src/app/features/referee/referee-panel/referee-panel.ts:563:16:
[37m      563 Ôöé       playerId: [32mselection[37m.playerId,
          ÔòÁ                 [32m~~~~~~~~~[0m


[31mX [41;31m[[41;97mERROR[41;31m][0m [1mTS2304: Cannot find name 'period'.[0m [1m[35m[plugin angular-compiler][0m

    src/app/features/referee/referee-panel/referee-panel.ts:564:20:
[37m      564 Ôöé       periodNumber: [32mperiod[37m.periodNumber,
          ÔòÁ                     [32m~~~~~~[0m


[31mX [41;31m[[41;97mERROR[41;31m][0m [1mTS2532: Object is possibly 'undefined'.[0m [1m[35m[plugin angular-compiler][0m

    src/app/features/referee/referee-panel/referee-panel.ts:565:19:
[37m      565 Ôöé       matchMinute: [32mthis[37m.currentMinute(),
          ÔòÁ                    [32m~~~~[0m


[31mX [41;31m[[41;97mERROR[41;31m][0m [1mTS2304: Cannot find name 'selection'.[0m [1m[35m[plugin angular-compiler][0m

    src/app/features/referee/referee-panel/referee-panel.ts:566:40:
[37m      566 Ôöé ...: { points: 1, playerName: [32mselection[37m.playerName, jerseyNumber:...
          ÔòÁ                               [32m~~~~~~~~~[0m


[31mX [41;31m[[41;97mERROR[41;31m][0m [1mTS2304: Cannot find name 'selection'.[0m [1m[35m[plugin angular-compiler][0m

    src/app/features/referee/referee-panel/referee-panel.ts:566:76:
[37m      566 Ôöé ...me: selection.playerName, jerseyNumber: [32mselection[37m.jerseyNumber },
          ÔòÁ                                            [32m~~~~~~~~~[0m


[31mX [41;31m[[41;97mERROR[41;31m][0m [1mTS1005: ',' expected.[0m [1m[35m[plugin angular-compiler][0m

    src/app/features/referee/referee-panel/referee-panel.ts:567:6:
[37m      567 Ôöé     })[32m;[37m
          ÔòÁ       [32m^[0m


[31mX [41;31m[[41;97mERROR[41;31m][0m [1mTS1005: ':' expected.[0m [1m[35m[plugin angular-compiler][0m

    src/app/features/referee/referee-panel/referee-panel.ts:570:8:
[37m      570 Ôöé     this[32m.[37msocket.emitScore({
          ÔòÁ         [32m^[0m


[31mX [41;31m[[41;97mERROR[41;31m][0m [1mTS2532: Object is possibly 'undefined'.[0m [1m[35m[plugin angular-compiler][0m

    src/app/features/referee/referee-panel/referee-panel.ts:571:15:
[37m      571 Ôöé       matchId: [32mthis[37m.id(),
          ÔòÁ                [32m~~~~[0m


[31mX [41;31m[[41;97mERROR[41;31m][0m [1mTS2304: Cannot find name 'period'.[0m [1m[35m[plugin angular-compiler][0m

    src/app/features/referee/referee-panel/referee-panel.ts:572:20:
[37m      572 Ôöé       periodNumber: [32mperiod[37m.periodNumber,
          ÔòÁ                     [32m~~~~~~[0m


[31mX [41;31m[[41;97mERROR[41;31m][0m [1mTS2532: Object is possibly 'undefined'.[0m [1m[35m[plugin angular-compiler][0m

    src/app/features/referee/referee-panel/referee-panel.ts:573:17:
[37m      573 Ôöé       homeScore: [32mthis[37m.ref.currentPeriodHomeScore(),
          ÔòÁ                  [32m~~~~[0m


[31mX [41;31m[[41;97mERROR[41;31m][0m [1mTS2532: Object is possibly 'undefined'.[0m [1m[35m[plugin angular-compiler][0m

    src/app/features/referee/referee-panel/referee-panel.ts:574:17:
[37m      574 Ôöé       awayScore: [32mthis[37m.ref.currentPeriodAwayScore(),
          ÔòÁ                  [32m~~~~[0m


[31mX [41;31m[[41;97mERROR[41;31m][0m [1mTS2304: Cannot find name 'selection'.[0m [1m[35m[plugin angular-compiler][0m

    src/app/features/referee/referee-panel/referee-panel.ts:575:22:
[37m      575 Ôöé       scorerPlayerId: [32mselection[37m.playerId,
          ÔòÁ                       [32m~~~~~~~~~[0m


[31mX [41;31m[[41;97mERROR[41;31m][0m [1mTS2532: Object is possibly 'undefined'.[0m [1m[35m[plugin angular-compiler][0m

    src/app/features/referee/referee-panel/referee-panel.ts:576:20:
[37m      576 Ôöé       scorerTeamId: [32mthis[37m.scoringTeamId(),
          ÔòÁ                     [32m~~~~[0m


[31mX [41;31m[[41;97mERROR[41;31m][0m [1mTS2532: Object is possibly 'undefined'.[0m [1m[35m[plugin angular-compiler][0m

    src/app/features/referee/referee-panel/referee-panel.ts:578:19:
[37m      578 Ôöé       matchMinute: [32mthis[37m.currentMinute() ?? undefined,
          ÔòÁ                    [32m~~~~[0m


[31mX [41;31m[[41;97mERROR[41;31m][0m [1mTS1005: ',' expected.[0m [1m[35m[plugin angular-compiler][0m

    src/app/features/referee/referee-panel/referee-panel.ts:579:6:
[37m      579 Ôöé     })[32m;[37m
          ÔòÁ       [32m^[0m


[31mX [41;31m[[41;97mERROR[41;31m][0m [1mTS1005: ':' expected.[0m [1m[35m[plugin angular-compiler][0m

    src/app/features/referee/referee-panel/referee-panel.ts:581:8:
[37m      581 Ôöé     this[32m.[37mshowScorerSelect.set(false);
          ÔòÁ         [32m^[0m


[31mX [41;31m[[41;97mERROR[41;31m][0m [1mTS1005: ',' expected.[0m [1m[35m[plugin angular-compiler][0m

    src/app/features/referee/referee-panel/referee-panel.ts:581:36:
[37m      581 Ôöé     this.showScorerSelect.set(false)[32m;[37m
          ÔòÁ                                     [32m^[0m


[31mX [41;31m[[41;97mERROR[41;31m][0m [1mTS1005: ':' expected.[0m [1m[35m[plugin angular-compiler][0m

    src/app/features/referee/referee-panel/referee-panel.ts:582:8:
[37m      582 Ôöé     this[32m.[37mtimerComponent()?.start();
          ÔòÁ         [32m^[0m


[31mX [41;31m[[41;97mERROR[41;31m][0m [1mTS1005: ',' expected.[0m [1m[35m[plugin angular-compiler][0m

    src/app/features/referee/referee-panel/referee-panel.ts:582:34:
[37m      582 Ôöé     this.timerComponent()?.start()[32m;[37m
          ÔòÁ                                   [32m^[0m


[31mX [41;31m[[41;97mERROR[41;31m][0m [1mTS2304: Cannot find name 'onScorerSkipped'.[0m [1m[35m[plugin angular-compiler][0m

    src/app/features/referee/referee-panel/referee-panel.ts:585:2:
[37m      585 Ôöé   [32monScorerSkipped[37m(): void {
          ÔòÁ   [32m~~~~~~~~~~~~~~~[0m


[31mX [41;31m[[41;97mERROR[41;31m][0m [1mTS1005: ';' expected.[0m [1m[35m[plugin angular-compiler][0m

    src/app/features/referee/referee-panel/referee-panel.ts:585:19:
[37m      585 Ôöé   onScorerSkipped()[32m:[37m void {
          ÔòÁ                    [32m^[0m


[31mX [41;31m[[41;97mERROR[41;31m][0m [1mTS1005: ':' expected.[0m [1m[35m[plugin angular-compiler][0m

    src/app/features/referee/referee-panel/referee-panel.ts:587:10:
[37m      587 Ôöé     const [32mperiod[37m = this.ref.currentPeriod();
          ÔòÁ           [32m~~~~~~[0m


[31mX [41;31m[[41;97mERROR[41;31m][0m [1mTS2304: Cannot find name 'period'.[0m [1m[35m[plugin angular-compiler][0m

    src/app/features/referee/referee-panel/referee-panel.ts:587:10:
[37m      587 Ôöé     const [32mperiod[37m = this.ref.currentPeriod();
          ÔòÁ           [32m~~~~~~[0m


[31mX [41;31m[[41;97mERROR[41;31m][0m [1mTS2532: Object is possibly 'undefined'.[0m [1m[35m[plugin angular-compiler][0m

    src/app/features/referee/referee-panel/referee-panel.ts:587:19:
[37m      587 Ôöé     const period = [32mthis[37m.ref.currentPeriod();
          ÔòÁ                    [32m~~~~[0m


[31mX [41;31m[[41;97mERROR[41;31m][0m [1mTS1005: ',' expected.[0m [1m[35m[plugin angular-compiler][0m

    src/app/features/referee/referee-panel/referee-panel.ts:587:43:
[37m      587 Ôöé     const period = this.ref.currentPeriod()[32m;[37m
          ÔòÁ                                            [32m^[0m


[31mX [41;31m[[41;97mERROR[41;31m][0m [1mTS7006: Parameter 'period' implicitly has an 'any' type.[0m [1m[35m[plugin 
angular-compiler][0m

    src/app/features/referee/referee-panel/referee-panel.ts:588:8:
[37m      588 Ôöé     if ([32mperiod[37m) {
          ÔòÁ         [32m~~~~~~[0m


[31mX [41;31m[[41;97mERROR[41;31m][0m [1mTS2339: Property 'socket' does not exist on type '{ const: any; if(period: any): void; 
this: any; }'.[0m [1m[35m[plugin angular-compiler][0m

    src/app/features/referee/referee-panel/referee-panel.ts:589:11:
[37m      589 Ôöé       this.[32msocket[37m.emitScore({
          ÔòÁ            [32m~~~~~~[0m


[31mX [41;31m[[41;97mERROR[41;31m][0m [1mTS2339: Property 'id' does not exist on type '{ const: any; if(period: any): void; this: 
any; }'.[0m [1m[35m[plugin angular-compiler][0m

    src/app/features/referee/referee-panel/referee-panel.ts:590:22:
[37m      590 Ôöé         matchId: this.[32mid[37m(),
          ÔòÁ                       [32m~~[0m


[31mX [41;31m[[41;97mERROR[41;31m][0m [1mTS2339: Property 'ref' does not exist on type '{ const: any; if(period: any): void; this: 
any; }'.[0m [1m[35m[plugin angular-compiler][0m

    src/app/features/referee/referee-panel/referee-panel.ts:592:24:
[37m      592 Ôöé         homeScore: this.[32mref[37m.currentPeriodHomeScore(),
          ÔòÁ                         [32m~~~[0m


[31mX [41;31m[[41;97mERROR[41;31m][0m [1mTS2339: Property 'ref' does not exist on type '{ const: any; if(period: any): void; this: 
any; }'.[0m [1m[35m[plugin angular-compiler][0m

    src/app/features/referee/referee-panel/referee-panel.ts:593:24:
[37m      593 Ôöé         awayScore: this.[32mref[37m.currentPeriodAwayScore(),
          ÔòÁ                         [32m~~~[0m


[31mX [41;31m[[41;97mERROR[41;31m][0m [1mTS1005: ',' expected.[0m [1m[35m[plugin angular-compiler][0m

    src/app/features/referee/referee-panel/referee-panel.ts:596:4:
[37m      596 Ôöé     [32mthis[37m.showScorerSelect.set(false);
          ÔòÁ     [32m~~~~[0m


[31mX [41;31m[[41;97mERROR[41;31m][0m [1mTS1005: ':' expected.[0m [1m[35m[plugin angular-compiler][0m

    src/app/features/referee/referee-panel/referee-panel.ts:596:8:
[37m      596 Ôöé     this[32m.[37mshowScorerSelect.set(false);
          ÔòÁ         [32m^[0m


[31mX [41;31m[[41;97mERROR[41;31m][0m [1mTS1005: ',' expected.[0m [1m[35m[plugin angular-compiler][0m

    src/app/features/referee/referee-panel/referee-panel.ts:596:36:
[37m      596 Ôöé     this.showScorerSelect.set(false)[32m;[37m
          ÔòÁ                                     [32m^[0m


[31mX [41;31m[[41;97mERROR[41;31m][0m [1mTS1005: ':' expected.[0m [1m[35m[plugin angular-compiler][0m

    src/app/features/referee/referee-panel/referee-panel.ts:597:8:
[37m      597 Ôöé     this[32m.[37mtimerComponent()?.start();
          ÔòÁ         [32m^[0m


[31mX [41;31m[[41;97mERROR[41;31m][0m [1mTS1005: ',' expected.[0m [1m[35m[plugin angular-compiler][0m

    src/app/features/referee/referee-panel/referee-panel.ts:597:34:
[37m      597 Ôöé     this.timerComponent()?.start()[32m;[37m
          ÔòÁ                                   [32m^[0m


[31mX [41;31m[[41;97mERROR[41;31m][0m [1mTS2304: Cannot find name 'openSubstitution'.[0m [1m[35m[plugin angular-compiler][0m

    src/app/features/referee/referee-panel/referee-panel.ts:602:2:
[37m      602 Ôöé   [32mopenSubstitution[37m(side: 'home' | 'away'): void {
          ÔòÁ   [32m~~~~~~~~~~~~~~~~[0m


[31mX [41;31m[[41;97mERROR[41;31m][0m [1mTS2304: Cannot find name 'side'.[0m [1m[35m[plugin angular-compiler][0m

    src/app/features/referee/referee-panel/referee-panel.ts:602:19:
[37m      602 Ôöé   openSubstitution([32mside[37m: 'home' | 'away'): void {
          ÔòÁ                    [32m~~~~[0m


[31mX [41;31m[[41;97mERROR[41;31m][0m [1mTS1005: ',' expected.[0m [1m[35m[plugin angular-compiler][0m

    src/app/features/referee/referee-panel/referee-panel.ts:602:23:
[37m      602 Ôöé   openSubstitution(side[32m:[37m 'home' | 'away'): void {
          ÔòÁ                        [32m^[0m


[31mX [41;31m[[41;97mERROR[41;31m][0m [1mTS2362: The left-hand side of an arithmetic operation must be of type 'any', 'number', 
'bigint' or an enum type.[0m [1m[35m[plugin angular-compiler][0m

    src/app/features/referee/referee-panel/referee-panel.ts:602:25:
[37m      602 Ôöé   openSubstitution(side: [32m'home'[37m | 'away'): void {
          ÔòÁ                          [32m~~~~~~[0m


[31mX [41;31m[[41;97mERROR[41;31m][0m [1mTS2363: The right-hand side of an arithmetic operation must be of type 'any', 'number', 
'bigint' or an enum type.[0m [1m[35m[plugin angular-compiler][0m

    src/app/features/referee/referee-panel/referee-panel.ts:602:34:
[37m      602 Ôöé   openSubstitution(side: 'home' | [32m'away'[37m): void {
          ÔòÁ                                   [32m~~~~~~[0m


[31mX [41;31m[[41;97mERROR[41;31m][0m [1mTS1005: ';' expected.[0m [1m[35m[plugin angular-compiler][0m

    src/app/features/referee/referee-panel/referee-panel.ts:602:41:
[37m      602 Ôöé   openSubstitution(side: 'home' | 'away')[32m:[37m void {
          ÔòÁ                                          [32m^[0m


[31mX [41;31m[[41;97mERROR[41;31m][0m [1mTS1005: ':' expected.[0m [1m[35m[plugin angular-compiler][0m

    src/app/features/referee/referee-panel/referee-panel.ts:603:8:
[37m      603 Ôöé     this[32m.[37mactiveTeamSide.set(side);
          ÔòÁ         [32m^[0m


[31mX [41;31m[[41;97mERROR[41;31m][0m [1mTS2304: Cannot find name 'side'.[0m [1m[35m[plugin angular-compiler][0m

    src/app/features/referee/referee-panel/referee-panel.ts:603:28:
[37m      603 Ôöé     this.activeTeamSide.set([32mside[37m);
          ÔòÁ                             [32m~~~~[0m


[31mX [41;31m[[41;97mERROR[41;31m][0m [1mTS1005: ',' expected.[0m [1m[35m[plugin angular-compiler][0m

    src/app/features/referee/referee-panel/referee-panel.ts:603:33:
[37m      603 Ôöé     this.activeTeamSide.set(side)[32m;[37m
          ÔòÁ                                  [32m^[0m


[31mX [41;31m[[41;97mERROR[41;31m][0m [1mTS1005: ':' expected.[0m [1m[35m[plugin angular-compiler][0m

    src/app/features/referee/referee-panel/referee-panel.ts:604:8:
[37m      604 Ôöé     this[32m.[37mshowSubstitution.set(true);
          ÔòÁ         [32m^[0m


[31mX [41;31m[[41;97mERROR[41;31m][0m [1mTS1005: ',' expected.[0m [1m[35m[plugin angular-compiler][0m

    src/app/features/referee/referee-panel/referee-panel.ts:604:35:
[37m      604 Ôöé     this.showSubstitution.set(true)[32m;[37m
          ÔòÁ                                    [32m^[0m


[31mX [41;31m[[41;97mERROR[41;31m][0m [1mTS1005: ':' expected.[0m [1m[35m[plugin angular-compiler][0m

    src/app/features/referee/referee-panel/referee-panel.ts:605:8:
[37m      605 Ôöé     this[32m.[37mtimerComponent()?.autoPause();
          ÔòÁ         [32m^[0m


[31mX [41;31m[[41;97mERROR[41;31m][0m [1mTS1005: ',' expected.[0m [1m[35m[plugin angular-compiler][0m

    src/app/features/referee/referee-panel/referee-panel.ts:605:38:
[37m      605 Ôöé     this.timerComponent()?.autoPause()[32m;[37m
          ÔòÁ                                       [32m^[0m


[31mX [41;31m[[41;97mERROR[41;31m][0m [1mTS2304: Cannot find name 'onSubstitutionConfirmed'.[0m [1m[35m[plugin 
angular-compiler][0m

    src/app/features/referee/referee-panel/referee-panel.ts:608:2:
[37m      608 Ôöé   [32monSubstitutionConfirmed[37m(selection: SubstitutionSelection): void {
          ÔòÁ   [32m~~~~~~~~~~~~~~~~~~~~~~~[0m


[31mX [41;31m[[41;97mERROR[41;31m][0m [1mTS2304: Cannot find name 'selection'.[0m [1m[35m[plugin angular-compiler][0m

    src/app/features/referee/referee-panel/referee-panel.ts:608:26:
[37m      608 Ôöé   onSubstitutionConfirmed([32mselection[37m: SubstitutionSelection): void {
          ÔòÁ                           [32m~~~~~~~~~[0m


[31mX [41;31m[[41;97mERROR[41;31m][0m [1mTS1005: ',' expected.[0m [1m[35m[plugin angular-compiler][0m

    src/app/features/referee/referee-panel/referee-panel.ts:608:35:
[37m      608 Ôöé   onSubstitutionConfirmed(selection[32m:[37m SubstitutionSelection): void {
          ÔòÁ                                    [32m^[0m


[31mX [41;31m[[41;97mERROR[41;31m][0m [1mTS2693: 'SubstitutionSelection' only refers to a type, but is being used as a value 
here.[0m [1m[35m[plugin angular-compiler][0m

    src/app/features/referee/referee-panel/referee-panel.ts:608:37:
[37m      608 Ôöé   onSubstitutionConfirmed(selection: [32mSubstitutionSelection[37m): void {
          ÔòÁ                                      [32m~~~~~~~~~~~~~~~~~~~~~[0m


[31mX [41;31m[[41;97mERROR[41;31m][0m [1mTS1005: ';' expected.[0m [1m[35m[plugin angular-compiler][0m

    src/app/features/referee/referee-panel/referee-panel.ts:608:59:
[37m      608 Ôöé   onSubstitutionConfirmed(selection: SubstitutionSelection)[32m:[37m void {
          ÔòÁ                                                            [32m^[0m


[31mX [41;31m[[41;97mERROR[41;31m][0m [1mTS1005: ':' expected.[0m [1m[35m[plugin angular-compiler][0m

    src/app/features/referee/referee-panel/referee-panel.ts:609:10:
[37m      609 Ôöé     const [32mperiod[37m = this.ref.currentPeriod();
          ÔòÁ           [32m~~~~~~[0m


[31mX [41;31m[[41;97mERROR[41;31m][0m [1mTS2304: Cannot find name 'period'.[0m [1m[35m[plugin angular-compiler][0m

    src/app/features/referee/referee-panel/referee-panel.ts:609:10:
[37m      609 Ôöé     const [32mperiod[37m = this.ref.currentPeriod();
          ÔòÁ           [32m~~~~~~[0m


[31mX [41;31m[[41;97mERROR[41;31m][0m [1mTS2532: Object is possibly 'undefined'.[0m [1m[35m[plugin angular-compiler][0m

    src/app/features/referee/referee-panel/referee-panel.ts:609:19:
[37m      609 Ôöé     const period = [32mthis[37m.ref.currentPeriod();
          ÔòÁ                    [32m~~~~[0m


[31mX [41;31m[[41;97mERROR[41;31m][0m [1mTS1005: ',' expected.[0m [1m[35m[plugin angular-compiler][0m

    src/app/features/referee/referee-panel/referee-panel.ts:609:43:
[37m      609 Ôöé     const period = this.ref.currentPeriod()[32m;[37m
          ÔòÁ                                            [32m^[0m


[31mX [41;31m[[41;97mERROR[41;31m][0m [1mTS1003: Identifier expected.[0m [1m[35m[plugin angular-compiler][0m

    src/app/features/referee/referee-panel/referee-panel.ts:610:8:
[37m      610 Ôöé     if ([32m![37mperiod) return;
          ÔòÁ         [32m^[0m


[31mX [41;31m[[41;97mERROR[41;31m][0m [1mTS7006: Parameter '(Missing)' implicitly has an 'any' type.[0m [1m[35m[plugin 
angular-compiler][0m

    src/app/features/referee/referee-panel/referee-panel.ts:610:8:
[37m      610 Ôöé     if ([32m[37m!period) return;
          ÔòÁ         [32m^[0m


[31mX [41;31m[[41;97mERROR[41;31m][0m [1mTS7006: Parameter 'period' implicitly has an 'any' type.[0m [1m[35m[plugin 
angular-compiler][0m

    src/app/features/referee/referee-panel/referee-panel.ts:610:9:
[37m      610 Ôöé     if (![32mperiod[37m) return;
          ÔòÁ          [32m~~~~~~[0m


[31mX [41;31m[[41;97mERROR[41;31m][0m [1mTS1005: '{' expected.[0m [1m[35m[plugin angular-compiler][0m

    src/app/features/referee/referee-panel/referee-panel.ts:610:17:
[37m      610 Ôöé     if (!period) [32mreturn[37m;
          ÔòÁ                  [32m~~~~~~[0m


[31mX [41;31m[[41;97mERROR[41;31m][0m [1mTS1005: ':' expected.[0m [1m[35m[plugin angular-compiler][0m

    src/app/features/referee/referee-panel/referee-panel.ts:610:23:
[37m      610 Ôöé     if (!period) return[32m;[37m
          ÔòÁ                        [32m^[0m


[31mX [41;31m[[41;97mERROR[41;31m][0m [1mTS1005: ':' expected.[0m [1m[35m[plugin angular-compiler][0m

    src/app/features/referee/referee-panel/referee-panel.ts:612:10:
[37m      612 Ôöé     const [32mminute[37m = this.currentMinute();
          ÔòÁ           [32m~~~~~~[0m


[31mX [41;31m[[41;97mERROR[41;31m][0m [1mTS2304: Cannot find name 'minute'.[0m [1m[35m[plugin angular-compiler][0m

    src/app/features/referee/referee-panel/referee-panel.ts:612:10:
[37m      612 Ôöé     const [32mminute[37m = this.currentMinute();
          ÔòÁ           [32m~~~~~~[0m


[31mX [41;31m[[41;97mERROR[41;31m][0m [1mTS2532: Object is possibly 'undefined'.[0m [1m[35m[plugin angular-compiler][0m

    src/app/features/referee/referee-panel/referee-panel.ts:612:19:
[37m      612 Ôöé     const minute = [32mthis[37m.currentMinute();
          ÔòÁ                    [32m~~~~[0m


[31mX [41;31m[[41;97mERROR[41;31m][0m [1mTS1005: ',' expected.[0m [1m[35m[plugin angular-compiler][0m

    src/app/features/referee/referee-panel/referee-panel.ts:612:39:
[37m      612 Ôöé     const minute = this.currentMinute()[32m;[37m
          ÔòÁ                                        [32m^[0m


[31mX [41;31m[[41;97mERROR[41;31m][0m [1mTS1005: ':' expected.[0m [1m[35m[plugin angular-compiler][0m

    src/app/features/referee/referee-panel/referee-panel.ts:613:10:
[37m      613 Ôöé     const [32mside[37m = this.activeTeamSide();
          ÔòÁ           [32m~~~~[0m


[31mX [41;31m[[41;97mERROR[41;31m][0m [1mTS2304: Cannot find name 'side'.[0m [1m[35m[plugin angular-compiler][0m

    src/app/features/referee/referee-panel/referee-panel.ts:613:10:
[37m      613 Ôöé     const [32mside[37m = this.activeTeamSide();
          ÔòÁ           [32m~~~~[0m


[31mX [41;31m[[41;97mERROR[41;31m][0m [1mTS2532: Object is possibly 'undefined'.[0m [1m[35m[plugin angular-compiler][0m

    src/app/features/referee/referee-panel/referee-panel.ts:613:17:
[37m      613 Ôöé     const side = [32mthis[37m.activeTeamSide();
          ÔòÁ                  [32m~~~~[0m


[31mX [41;31m[[41;97mERROR[41;31m][0m [1mTS1005: ',' expected.[0m [1m[35m[plugin angular-compiler][0m

    src/app/features/referee/referee-panel/referee-panel.ts:613:38:
[37m      613 Ôöé     const side = this.activeTeamSide()[32m;[37m
          ÔòÁ                                       [32m^[0m


[31mX [41;31m[[41;97mERROR[41;31m][0m [1mTS1005: ',' expected.[0m [1m[35m[plugin angular-compiler][0m

    src/app/features/referee/referee-panel/referee-panel.ts:616:12:
[37m      616 Ôöé     if (this[32m.[37mref.sportSlug() === 'volleyball') {
          ÔòÁ             [32m^[0m


[31mX [41;31m[[41;97mERROR[41;31m][0m [1mTS1005: ',' expected.[0m [1m[35m[plugin angular-compiler][0m

    src/app/features/referee/referee-panel/referee-panel.ts:616:45:
[37m      616 Ôöé     if (this.ref.sportSlug() === 'volleyball'[32m)[37m {
          ÔòÁ                                              [32m^[0m


[31mX [41;31m[[41;97mERROR[41;31m][0m [1mTS1136: Property assignment expected.[0m [1m[35m[plugin angular-compiler][0m

    src/app/features/referee/referee-panel/referee-panel.ts:616:47:
[37m      616 Ôöé     if (this.ref.sportSlug() === 'volleyball') [32m{[37m
          ÔòÁ                                                [32m^[0m


[31mX [41;31m[[41;97mERROR[41;31m][0m [1mTS2304: Cannot find name 'side'.[0m [1m[35m[plugin angular-compiler][0m

    src/app/features/referee/referee-panel/referee-panel.ts:617:25:
[37m      617 Ôöé       const allPlayers = [32mside[37m === 'home' ? this.ref.homePlayers()...
          ÔòÁ                          [32m~~~~[0m


[31mX [41;31m[[41;97mERROR[41;31m][0m [1mTS2532: Object is possibly 'undefined'.[0m [1m[35m[plugin angular-compiler][0m

    src/app/features/referee/referee-panel/referee-panel.ts:617:43:
[37m      617 Ôöé ...lPlayers = side === 'home' ? [32mthis[37m.ref.homePlayers() : this.ref...
          ÔòÁ                                 [32m~~~~[0m


[31mX [41;31m[[41;97mERROR[41;31m][0m [1mTS2532: Object is possibly 'undefined'.[0m [1m[35m[plugin angular-compiler][0m

    src/app/features/referee/referee-panel/referee-panel.ts:617:68:
[37m      617 Ôöé ...ide === 'home' ? this.ref.homePlayers() : [32mthis[37m.ref.awayPlayers();
          ÔòÁ                                              [32m~~~~[0m


[31mX [41;31m[[41;97mERROR[41;31m][0m [1mTS7006: Parameter 'p' implicitly has an 'any' type.[0m [1m[35m[plugin 
angular-compiler][0m

    src/app/features/referee/referee-panel/referee-panel.ts:618:40:
[37m      618 Ôöé ...st inPlayer = allPlayers.find(([32mp[37m) => p.id === selection.player...
          ÔòÁ                                   [32m^[0m


[31mX [41;31m[[41;97mERROR[41;31m][0m [1mTS2304: Cannot find name 'selection'.[0m [1m[35m[plugin angular-compiler][0m

    src/app/features/referee/referee-panel/referee-panel.ts:618:55:
[37m      618 Ôöé ...inPlayer = allPlayers.find((p) => p.id === [32mselection[37m.playerInId);
          ÔòÁ                                               [32m~~~~~~~~~[0m


[31mX [41;31m[[41;97mERROR[41;31m][0m [1mTS2532: Object is possibly 'undefined'.[0m [1m[35m[plugin angular-compiler][0m

    src/app/features/referee/referee-panel/referee-panel.ts:620:8:
[37m      620 Ôöé         [32mthis[37m.rotation.substitute(side, selection.playerOutId, {
          ÔòÁ         [32m~~~~[0m


[31mX [41;31m[[41;97mERROR[41;31m][0m [1mTS2304: Cannot find name 'side'.[0m [1m[35m[plugin angular-compiler][0m

    src/app/features/referee/referee-panel/referee-panel.ts:620:33:
[37m      620 Ôöé         this.rotation.substitute([32mside[37m, selection.playerOutId, {
          ÔòÁ                                  [32m~~~~[0m


[31mX [41;31m[[41;97mERROR[41;31m][0m [1mTS2304: Cannot find name 'selection'.[0m [1m[35m[plugin angular-compiler][0m

    src/app/features/referee/referee-panel/referee-panel.ts:620:39:
[37m      620 Ôöé         this.rotation.substitute(side, [32mselection[37m.playerOutId, {
          ÔòÁ                                        [32m~~~~~~~~~[0m


[31mX [41;31m[[41;97mERROR[41;31m][0m [1mTS2532: Object is possibly 'undefined'.[0m [1m[35m[plugin angular-compiler][0m

    src/app/features/referee/referee-panel/referee-panel.ts:629:4:
[37m      629 Ôöé     [32mthis[37m.ref.registerSubstitution({
          ÔòÁ     [32m~~~~[0m


[31mX [41;31m[[41;97mERROR[41;31m][0m [1mTS2304: Cannot find name 'selection'.[0m [1m[35m[plugin angular-compiler][0m

    src/app/features/referee/referee-panel/referee-panel.ts:630:14:
[37m      630 Ôöé       teamId: [32mselection[37m.teamId,
          ÔòÁ               [32m~~~~~~~~~[0m


[31mX [41;31m[[41;97mERROR[41;31m][0m [1mTS2304: Cannot find name 'period'.[0m [1m[35m[plugin angular-compiler][0m

    src/app/features/referee/referee-panel/referee-panel.ts:631:20:
[37m      631 Ôöé       periodNumber: [32mperiod[37m.periodNumber,
          ÔòÁ                     [32m~~~~~~[0m


[31mX [41;31m[[41;97mERROR[41;31m][0m [1mTS2304: Cannot find name 'selection'.[0m [1m[35m[plugin angular-compiler][0m

    src/app/features/referee/referee-panel/referee-panel.ts:632:19:
[37m      632 Ôöé       playerOutId: [32mselection[37m.playerOutId,
          ÔòÁ                    [32m~~~~~~~~~[0m


[31mX [41;31m[[41;97mERROR[41;31m][0m [1mTS2304: Cannot find name 'selection'.[0m [1m[35m[plugin angular-compiler][0m

    src/app/features/referee/referee-panel/referee-panel.ts:633:18:
[37m      633 Ôöé       playerInId: [32mselection[37m.playerInId,
          ÔòÁ                   [32m~~~~~~~~~[0m


[31mX [41;31m[[41;97mERROR[41;31m][0m [1mTS18004: No value exists in scope for the shorthand property 'minute'. Either declare one 
or provide an initializer.[0m [1m[35m[plugin angular-compiler][0m

    src/app/features/referee/referee-panel/referee-panel.ts:634:6:
[37m      634 Ôöé       [32mminute[37m,
          ÔòÁ       [32m~~~~~~[0m


[31mX [41;31m[[41;97mERROR[41;31m][0m [1mTS2532: Object is possibly 'undefined'.[0m [1m[35m[plugin angular-compiler][0m

    src/app/features/referee/referee-panel/referee-panel.ts:638:4:
[37m      638 Ôöé     [32mthis[37m.socket.emitSubstitution({
          ÔòÁ     [32m~~~~[0m


[31mX [41;31m[[41;97mERROR[41;31m][0m [1mTS2532: Object is possibly 'undefined'.[0m [1m[35m[plugin angular-compiler][0m

    src/app/features/referee/referee-panel/referee-panel.ts:639:15:
[37m      639 Ôöé       matchId: [32mthis[37m.id(),
          ÔòÁ                [32m~~~~[0m


[31mX [41;31m[[41;97mERROR[41;31m][0m [1mTS2304: Cannot find name 'selection'.[0m [1m[35m[plugin angular-compiler][0m

    src/app/features/referee/referee-panel/referee-panel.ts:640:14:
[37m      640 Ôöé       teamId: [32mselection[37m.teamId,
          ÔòÁ               [32m~~~~~~~~~[0m


[31mX [41;31m[[41;97mERROR[41;31m][0m [1mTS2304: Cannot find name 'period'.[0m [1m[35m[plugin angular-compiler][0m

    src/app/features/referee/referee-panel/referee-panel.ts:641:20:
[37m      641 Ôöé       periodNumber: [32mperiod[37m.periodNumber,
          ÔòÁ                     [32m~~~~~~[0m


[31mX [41;31m[[41;97mERROR[41;31m][0m [1mTS2304: Cannot find name 'selection'.[0m [1m[35m[plugin angular-compiler][0m

    src/app/features/referee/referee-panel/referee-panel.ts:642:19:
[37m      642 Ôöé       playerOutId: [32mselection[37m.playerOutId,
          ÔòÁ                    [32m~~~~~~~~~[0m


[31mX [41;31m[[41;97mERROR[41;31m][0m [1mTS2304: Cannot find name 'selection'.[0m [1m[35m[plugin angular-compiler][0m

    src/app/features/referee/referee-panel/referee-panel.ts:643:18:
[37m      643 Ôöé       playerInId: [32mselection[37m.playerInId,
          ÔòÁ                   [32m~~~~~~~~~[0m


[31mX [41;31m[[41;97mERROR[41;31m][0m [1mTS18004: No value exists in scope for the shorthand property 'minute'. Either declare one 
or provide an initializer.[0m [1m[35m[plugin angular-compiler][0m

    src/app/features/referee/referee-panel/referee-panel.ts:644:6:
[37m      644 Ôöé       [32mminute[37m,
          ÔòÁ       [32m~~~~~~[0m


[31mX [41;31m[[41;97mERROR[41;31m][0m [1mTS2532: Object is possibly 'undefined'.[0m [1m[35m[plugin angular-compiler][0m

    src/app/features/referee/referee-panel/referee-panel.ts:647:4:
[37m      647 Ôöé     [32mthis[37m.showSubstitution.set(false);
          ÔòÁ     [32m~~~~[0m


[31mX [41;31m[[41;97mERROR[41;31m][0m [1mTS2532: Object is possibly 'undefined'.[0m [1m[35m[plugin angular-compiler][0m

    src/app/features/referee/referee-panel/referee-panel.ts:648:4:
[37m      648 Ôöé     [32mthis[37m.timerComponent()?.start();
          ÔòÁ     [32m~~~~[0m


[31mX [41;31m[[41;97mERROR[41;31m][0m [1mTS1128: Declaration or statement expected.[0m [1m[35m[plugin angular-compiler][0m

    src/app/features/referee/referee-panel/referee-panel.ts:649:2:
[37m      649 Ôöé   [32m}[37m
          ÔòÁ   [32m^[0m


[31mX [41;31m[[41;97mERROR[41;31m][0m [1mTS2304: Cannot find name 'onSubstitutionClosed'.[0m [1m[35m[plugin 
angular-compiler][0m

    src/app/features/referee/referee-panel/referee-panel.ts:651:2:
[37m      651 Ôöé   [32monSubstitutionClosed[37m(): void {
          ÔòÁ   [32m~~~~~~~~~~~~~~~~~~~~[0m


[31mX [41;31m[[41;97mERROR[41;31m][0m [1mTS1005: ';' expected.[0m [1m[35m[plugin angular-compiler][0m

    src/app/features/referee/referee-panel/referee-panel.ts:651:24:
[37m      651 Ôöé   onSubstitutionClosed()[32m:[37m void {
          ÔòÁ                         [32m^[0m


[31mX [41;31m[[41;97mERROR[41;31m][0m [1mTS1005: ':' expected.[0m [1m[35m[plugin angular-compiler][0m

    src/app/features/referee/referee-panel/referee-panel.ts:652:8:
[37m      652 Ôöé     this[32m.[37mshowSubstitution.set(false);
          ÔòÁ         [32m^[0m


[31mX [41;31m[[41;97mERROR[41;31m][0m [1mTS1005: ',' expected.[0m [1m[35m[plugin angular-compiler][0m

    src/app/features/referee/referee-panel/referee-panel.ts:652:36:
[37m      652 Ôöé     this.showSubstitution.set(false)[32m;[37m
          ÔòÁ                                     [32m^[0m


[31mX [41;31m[[41;97mERROR[41;31m][0m [1mTS1005: ':' expected.[0m [1m[35m[plugin angular-compiler][0m

    src/app/features/referee/referee-panel/referee-panel.ts:653:8:
[37m      653 Ôöé     this[32m.[37mtimerComponent()?.start();
          ÔòÁ         [32m^[0m


[31mX [41;31m[[41;97mERROR[41;31m][0m [1mTS1005: ',' expected.[0m [1m[35m[plugin angular-compiler][0m

    src/app/features/referee/referee-panel/referee-panel.ts:653:34:
[37m      653 Ôöé     this.timerComponent()?.start()[32m;[37m
          ÔòÁ                                   [32m^[0m


[31mX [41;31m[[41;97mERROR[41;31m][0m [1mTS2304: Cannot find name 'openSanction'.[0m [1m[35m[plugin angular-compiler][0m

    src/app/features/referee/referee-panel/referee-panel.ts:658:2:
[37m      658 Ôöé   [32mopenSanction[37m(side: 'home' | 'away'): void {
          ÔòÁ   [32m~~~~~~~~~~~~[0m


[31mX [41;31m[[41;97mERROR[41;31m][0m [1mTS2304: Cannot find name 'side'.[0m [1m[35m[plugin angular-compiler][0m

    src/app/features/referee/referee-panel/referee-panel.ts:658:15:
[37m      658 Ôöé   openSanction([32mside[37m: 'home' | 'away'): void {
          ÔòÁ                [32m~~~~[0m


[31mX [41;31m[[41;97mERROR[41;31m][0m [1mTS1005: ',' expected.[0m [1m[35m[plugin angular-compiler][0m

    src/app/features/referee/referee-panel/referee-panel.ts:658:19:
[37m      658 Ôöé   openSanction(side[32m:[37m 'home' | 'away'): void {
          ÔòÁ                    [32m^[0m


[31mX [41;31m[[41;97mERROR[41;31m][0m [1mTS2362: The left-hand side of an arithmetic operation must be of type 'any', 'number', 
'bigint' or an enum type.[0m [1m[35m[plugin angular-compiler][0m

    src/app/features/referee/referee-panel/referee-panel.ts:658:21:
[37m      658 Ôöé   openSanction(side: [32m'home'[37m | 'away'): void {
          ÔòÁ                      [32m~~~~~~[0m


[31mX [41;31m[[41;97mERROR[41;31m][0m [1mTS2363: The right-hand side of an arithmetic operation must be of type 'any', 'number', 
'bigint' or an enum type.[0m [1m[35m[plugin angular-compiler][0m

    src/app/features/referee/referee-panel/referee-panel.ts:658:30:
[37m      658 Ôöé   openSanction(side: 'home' | [32m'away'[37m): void {
          ÔòÁ                               [32m~~~~~~[0m


[31mX [41;31m[[41;97mERROR[41;31m][0m [1mTS1005: ';' expected.[0m [1m[35m[plugin angular-compiler][0m

    src/app/features/referee/referee-panel/referee-panel.ts:658:37:
[37m      658 Ôöé   openSanction(side: 'home' | 'away')[32m:[37m void {
          ÔòÁ                                      [32m^[0m


[31mX [41;31m[[41;97mERROR[41;31m][0m [1mTS1005: ':' expected.[0m [1m[35m[plugin angular-compiler][0m

    src/app/features/referee/referee-panel/referee-panel.ts:659:8:
[37m      659 Ôöé     this[32m.[37mactiveTeamSide.set(side);
          ÔòÁ         [32m^[0m


[31mX [41;31m[[41;97mERROR[41;31m][0m [1mTS2304: Cannot find name 'side'.[0m [1m[35m[plugin angular-compiler][0m

    src/app/features/referee/referee-panel/referee-panel.ts:659:28:
[37m      659 Ôöé     this.activeTeamSide.set([32mside[37m);
          ÔòÁ                             [32m~~~~[0m


[31mX [41;31m[[41;97mERROR[41;31m][0m [1mTS1005: ',' expected.[0m [1m[35m[plugin angular-compiler][0m

    src/app/features/referee/referee-panel/referee-panel.ts:659:33:
[37m      659 Ôöé     this.activeTeamSide.set(side)[32m;[37m
          ÔòÁ                                  [32m^[0m


[31mX [41;31m[[41;97mERROR[41;31m][0m [1mTS1005: ':' expected.[0m [1m[35m[plugin angular-compiler][0m

    src/app/features/referee/referee-panel/referee-panel.ts:660:8:
[37m      660 Ôöé     this[32m.[37mshowSanction.set(true);
          ÔòÁ         [32m^[0m


[31mX [41;31m[[41;97mERROR[41;31m][0m [1mTS1005: ',' expected.[0m [1m[35m[plugin angular-compiler][0m

    src/app/features/referee/referee-panel/referee-panel.ts:660:31:
[37m      660 Ôöé     this.showSanction.set(true)[32m;[37m
          ÔòÁ                                [32m^[0m


[31mX [41;31m[[41;97mERROR[41;31m][0m [1mTS1005: ':' expected.[0m [1m[35m[plugin angular-compiler][0m

    src/app/features/referee/referee-panel/referee-panel.ts:661:8:
[37m      661 Ôöé     this[32m.[37mtimerComponent()?.autoPause();
          ÔòÁ         [32m^[0m


[31mX [41;31m[[41;97mERROR[41;31m][0m [1mTS1005: ',' expected.[0m [1m[35m[plugin angular-compiler][0m

    src/app/features/referee/referee-panel/referee-panel.ts:661:38:
[37m      661 Ôöé     this.timerComponent()?.autoPause()[32m;[37m
          ÔòÁ                                       [32m^[0m


[31mX [41;31m[[41;97mERROR[41;31m][0m [1mTS2304: Cannot find name 'onSanctionConfirmed'.[0m [1m[35m[plugin angular-compiler][0m

    src/app/features/referee/referee-panel/referee-panel.ts:664:2:
[37m      664 Ôöé   [32monSanctionConfirmed[37m(selection: SanctionSelection): void {
          ÔòÁ   [32m~~~~~~~~~~~~~~~~~~~[0m


[31mX [41;31m[[41;97mERROR[41;31m][0m [1mTS2304: Cannot find name 'selection'.[0m [1m[35m[plugin angular-compiler][0m

    src/app/features/referee/referee-panel/referee-panel.ts:664:22:
[37m      664 Ôöé   onSanctionConfirmed([32mselection[37m: SanctionSelection): void {
          ÔòÁ                       [32m~~~~~~~~~[0m


[31mX [41;31m[[41;97mERROR[41;31m][0m [1mTS1005: ',' expected.[0m [1m[35m[plugin angular-compiler][0m

    src/app/features/referee/referee-panel/referee-panel.ts:664:31:
[37m      664 Ôöé   onSanctionConfirmed(selection[32m:[37m SanctionSelection): void {
          ÔòÁ                                [32m^[0m


[31mX [41;31m[[41;97mERROR[41;31m][0m [1mTS2693: 'SanctionSelection' only refers to a type, but is being used as a value here.[0m 
[1m[35m[plugin angular-compiler][0m

    src/app/features/referee/referee-panel/referee-panel.ts:664:33:
[37m      664 Ôöé   onSanctionConfirmed(selection: [32mSanctionSelection[37m): void {
          ÔòÁ                                  [32m~~~~~~~~~~~~~~~~~[0m


[31mX [41;31m[[41;97mERROR[41;31m][0m [1mTS1005: ';' expected.[0m [1m[35m[plugin angular-compiler][0m

    src/app/features/referee/referee-panel/referee-panel.ts:664:51:
[37m      664 Ôöé   onSanctionConfirmed(selection: SanctionSelection)[32m:[37m void {
          ÔòÁ                                                    [32m^[0m


[31mX [41;31m[[41;97mERROR[41;31m][0m [1mTS1005: ':' expected.[0m [1m[35m[plugin angular-compiler][0m

    src/app/features/referee/referee-panel/referee-panel.ts:665:10:
[37m      665 Ôöé     const [32mperiod[37m = this.ref.currentPeriod();
          ÔòÁ           [32m~~~~~~[0m


[31mX [41;31m[[41;97mERROR[41;31m][0m [1mTS2304: Cannot find name 'period'.[0m [1m[35m[plugin angular-compiler][0m

    src/app/features/referee/referee-panel/referee-panel.ts:665:10:
[37m      665 Ôöé     const [32mperiod[37m = this.ref.currentPeriod();
          ÔòÁ           [32m~~~~~~[0m


[31mX [41;31m[[41;97mERROR[41;31m][0m [1mTS2532: Object is possibly 'undefined'.[0m [1m[35m[plugin angular-compiler][0m

    src/app/features/referee/referee-panel/referee-panel.ts:665:19:
[37m      665 Ôöé     const period = [32mthis[37m.ref.currentPeriod();
          ÔòÁ                    [32m~~~~[0m


[31mX [41;31m[[41;97mERROR[41;31m][0m [1mTS1005: ',' expected.[0m [1m[35m[plugin angular-compiler][0m

    src/app/features/referee/referee-panel/referee-panel.ts:665:43:
[37m      665 Ôöé     const period = this.ref.currentPeriod()[32m;[37m
          ÔòÁ                                            [32m^[0m


[31mX [41;31m[[41;97mERROR[41;31m][0m [1mTS1003: Identifier expected.[0m [1m[35m[plugin angular-compiler][0m

    src/app/features/referee/referee-panel/referee-panel.ts:666:8:
[37m      666 Ôöé     if ([32m![37mperiod) return;
          ÔòÁ         [32m^[0m


[31mX [41;31m[[41;97mERROR[41;31m][0m [1mTS7006: Parameter '(Missing)' implicitly has an 'any' type.[0m [1m[35m[plugin 
angular-compiler][0m

    src/app/features/referee/referee-panel/referee-panel.ts:666:8:
[37m      666 Ôöé     if ([32m[37m!period) return;
          ÔòÁ         [32m^[0m


[31mX [41;31m[[41;97mERROR[41;31m][0m [1mTS7006: Parameter 'period' implicitly has an 'any' type.[0m [1m[35m[plugin 
angular-compiler][0m

    src/app/features/referee/referee-panel/referee-panel.ts:666:9:
[37m      666 Ôöé     if (![32mperiod[37m) return;
          ÔòÁ          [32m~~~~~~[0m


[31mX [41;31m[[41;97mERROR[41;31m][0m [1mTS1005: '{' expected.[0m [1m[35m[plugin angular-compiler][0m

    src/app/features/referee/referee-panel/referee-panel.ts:666:17:
[37m      666 Ôöé     if (!period) [32mreturn[37m;
          ÔòÁ                  [32m~~~~~~[0m


[31mX [41;31m[[41;97mERROR[41;31m][0m [1mTS1005: ':' expected.[0m [1m[35m[plugin angular-compiler][0m

    src/app/features/referee/referee-panel/referee-panel.ts:666:23:
[37m      666 Ôöé     if (!period) return[32m;[37m
          ÔòÁ                        [32m^[0m


[31mX [41;31m[[41;97mERROR[41;31m][0m [1mTS1005: ':' expected.[0m [1m[35m[plugin angular-compiler][0m

    src/app/features/referee/referee-panel/referee-panel.ts:668:10:
[37m      668 Ôöé     const [32mminute[37m = this.currentMinute();
          ÔòÁ           [32m~~~~~~[0m


[31mX [41;31m[[41;97mERROR[41;31m][0m [1mTS2304: Cannot find name 'minute'.[0m [1m[35m[plugin angular-compiler][0m

    src/app/features/referee/referee-panel/referee-panel.ts:668:10:
[37m      668 Ôöé     const [32mminute[37m = this.currentMinute();
          ÔòÁ           [32m~~~~~~[0m


[31mX [41;31m[[41;97mERROR[41;31m][0m [1mTS2532: Object is possibly 'undefined'.[0m [1m[35m[plugin angular-compiler][0m

    src/app/features/referee/referee-panel/referee-panel.ts:668:19:
[37m      668 Ôöé     const minute = [32mthis[37m.currentMinute();
          ÔòÁ                    [32m~~~~[0m


[31mX [41;31m[[41;97mERROR[41;31m][0m [1mTS1005: ',' expected.[0m [1m[35m[plugin angular-compiler][0m

    src/app/features/referee/referee-panel/referee-panel.ts:668:39:
[37m      668 Ôöé     const minute = this.currentMinute()[32m;[37m
          ÔòÁ                                        [32m^[0m


[31mX [41;31m[[41;97mERROR[41;31m][0m [1mTS1005: ':' expected.[0m [1m[35m[plugin angular-compiler][0m

    src/app/features/referee/referee-panel/referee-panel.ts:670:8:
[37m      670 Ôöé     this[32m.[37mref.registerSanction({
          ÔòÁ         [32m^[0m


[31mX [41;31m[[41;97mERROR[41;31m][0m [1mTS2304: Cannot find name 'selection'.[0m [1m[35m[plugin angular-compiler][0m

    src/app/features/referee/referee-panel/referee-panel.ts:671:22:
[37m      671 Ôöé       sanctionTypeId: [32mselection[37m.sanctionTypeId,
          ÔòÁ                       [32m~~~~~~~~~[0m


[31mX [41;31m[[41;97mERROR[41;31m][0m [1mTS2304: Cannot find name 'selection'.[0m [1m[35m[plugin angular-compiler][0m

    src/app/features/referee/referee-panel/referee-panel.ts:672:14:
[37m      672 Ôöé       teamId: [32mselection[37m.teamId,
          ÔòÁ               [32m~~~~~~~~~[0m


[31mX [41;31m[[41;97mERROR[41;31m][0m [1mTS2304: Cannot find name 'selection'.[0m [1m[35m[plugin angular-compiler][0m

    src/app/features/referee/referee-panel/referee-panel.ts:673:16:
[37m      673 Ôöé       playerId: [32mselection[37m.playerId,
          ÔòÁ                 [32m~~~~~~~~~[0m


[31mX [41;31m[[41;97mERROR[41;31m][0m [1mTS2304: Cannot find name 'period'.[0m [1m[35m[plugin angular-compiler][0m

    src/app/features/referee/referee-panel/referee-panel.ts:674:20:
[37m      674 Ôöé       periodNumber: [32mperiod[37m.periodNumber,
          ÔòÁ                     [32m~~~~~~[0m


[31mX [41;31m[[41;97mERROR[41;31m][0m [1mTS18004: No value exists in scope for the shorthand property 'minute'. Either declare one 
or provide an initializer.[0m [1m[35m[plugin angular-compiler][0m

    src/app/features/referee/referee-panel/referee-panel.ts:675:6:
[37m      675 Ôöé       [32mminute[37m,
          ÔòÁ       [32m~~~~~~[0m


[31mX [41;31m[[41;97mERROR[41;31m][0m [1mTS1005: ',' expected.[0m [1m[35m[plugin angular-compiler][0m

    src/app/features/referee/referee-panel/referee-panel.ts:676:6:
[37m      676 Ôöé     })[32m;[37m
          ÔòÁ       [32m^[0m


[31mX [41;31m[[41;97mERROR[41;31m][0m [1mTS1005: ':' expected.[0m [1m[35m[plugin angular-compiler][0m

    src/app/features/referee/referee-panel/referee-panel.ts:679:8:
[37m      679 Ôöé     this[32m.[37mref.registerEvent({
          ÔòÁ         [32m^[0m


[31mX [41;31m[[41;97mERROR[41;31m][0m [1mTS2304: Cannot find name 'selection'.[0m [1m[35m[plugin angular-compiler][0m

    src/app/features/referee/referee-panel/referee-panel.ts:681:14:
[37m      681 Ôöé       teamId: [32mselection[37m.teamId,
          ÔòÁ               [32m~~~~~~~~~[0m


[31mX [41;31m[[41;97mERROR[41;31m][0m [1mTS2304: Cannot find name 'selection'.[0m [1m[35m[plugin angular-compiler][0m

    src/app/features/referee/referee-panel/referee-panel.ts:682:16:
[37m      682 Ôöé       playerId: [32mselection[37m.playerId,
          ÔòÁ                 [32m~~~~~~~~~[0m


[31mX [41;31m[[41;97mERROR[41;31m][0m [1mTS2304: Cannot find name 'period'.[0m [1m[35m[plugin angular-compiler][0m

    src/app/features/referee/referee-panel/referee-panel.ts:683:20:
[37m      683 Ôöé       periodNumber: [32mperiod[37m.periodNumber,
          ÔòÁ                     [32m~~~~~~[0m


[31mX [41;31m[[41;97mERROR[41;31m][0m [1mTS2304: Cannot find name 'minute'.[0m [1m[35m[plugin angular-compiler][0m

    src/app/features/referee/referee-panel/referee-panel.ts:684:19:
[37m      684 Ôöé       matchMinute: [32mminute[37m,
          ÔòÁ                    [32m~~~~~~[0m


[31mX [41;31m[[41;97mERROR[41;31m][0m [1mTS2304: Cannot find name 'selection'.[0m [1m[35m[plugin angular-compiler][0m

    src/app/features/referee/referee-panel/referee-panel.ts:686:24:
[37m      686 Ôöé         sanctionTypeId: [32mselection[37m.sanctionTypeId,
          ÔòÁ                         [32m~~~~~~~~~[0m


[31mX [41;31m[[41;97mERROR[41;31m][0m [1mTS2304: Cannot find name 'selection'.[0m [1m[35m[plugin angular-compiler][0m

    src/app/features/referee/referee-panel/referee-panel.ts:687:22:
[37m      687 Ôöé         sanctionName: [32mselection[37m.sanctionName ?? '',
          ÔòÁ                       [32m~~~~~~~~~[0m


[31mX [41;31m[[41;97mERROR[41;31m][0m [1mTS2304: Cannot find name 'selection'.[0m [1m[35m[plugin angular-compiler][0m

    src/app/features/referee/referee-panel/referee-panel.ts:688:20:
[37m      688 Ôöé         playerName: [32mselection[37m.playerName ?? '',
          ÔòÁ                     [32m~~~~~~~~~[0m


[31mX [41;31m[[41;97mERROR[41;31m][0m [1mTS1005: ',' expected.[0m [1m[35m[plugin angular-compiler][0m

    src/app/features/referee/referee-panel/referee-panel.ts:690:6:
[37m      690 Ôöé     })[32m;[37m
          ÔòÁ       [32m^[0m


[31mX [41;31m[[41;97mERROR[41;31m][0m [1mTS1005: ':' expected.[0m [1m[35m[plugin angular-compiler][0m

    src/app/features/referee/referee-panel/referee-panel.ts:693:8:
[37m      693 Ôöé     this[32m.[37msocket.emitSanction({
          ÔòÁ         [32m^[0m


[31mX [41;31m[[41;97mERROR[41;31m][0m [1mTS2532: Object is possibly 'undefined'.[0m [1m[35m[plugin angular-compiler][0m

    src/app/features/referee/referee-panel/referee-panel.ts:694:15:
[37m      694 Ôöé       matchId: [32mthis[37m.id(),
          ÔòÁ                [32m~~~~[0m


[31mX [41;31m[[41;97mERROR[41;31m][0m [1mTS2304: Cannot find name 'selection'.[0m [1m[35m[plugin angular-compiler][0m

    src/app/features/referee/referee-panel/referee-panel.ts:695:22:
[37m      695 Ôöé       sanctionTypeId: [32mselection[37m.sanctionTypeId,
          ÔòÁ                       [32m~~~~~~~~~[0m


[31mX [41;31m[[41;97mERROR[41;31m][0m [1mTS2304: Cannot find name 'selection'.[0m [1m[35m[plugin angular-compiler][0m

    src/app/features/referee/referee-panel/referee-panel.ts:696:14:
[37m      696 Ôöé       teamId: [32mselection[37m.teamId,
          ÔòÁ               [32m~~~~~~~~~[0m


[31mX [41;31m[[41;97mERROR[41;31m][0m [1mTS2304: Cannot find name 'selection'.[0m [1m[35m[plugin angular-compiler][0m

    src/app/features/referee/referee-panel/referee-panel.ts:697:16:
[37m      697 Ôöé       playerId: [32mselection[37m.playerId,
          ÔòÁ                 [32m~~~~~~~~~[0m


[31mX [41;31m[[41;97mERROR[41;31m][0m [1mTS2304: Cannot find name 'period'.[0m [1m[35m[plugin angular-compiler][0m

    src/app/features/referee/referee-panel/referee-panel.ts:698:20:
[37m      698 Ôöé       periodNumber: [32mperiod[37m.periodNumber,
          ÔòÁ                     [32m~~~~~~[0m


[31mX [41;31m[[41;97mERROR[41;31m][0m [1mTS18004: No value exists in scope for the shorthand property 'minute'. Either declare one 
or provide an initializer.[0m [1m[35m[plugin angular-compiler][0m

    src/app/features/referee/referee-panel/referee-panel.ts:699:6:
[37m      699 Ôöé       [32mminute[37m,
          ÔòÁ       [32m~~~~~~[0m


[31mX [41;31m[[41;97mERROR[41;31m][0m [1mTS1005: ',' expected.[0m [1m[35m[plugin angular-compiler][0m

    src/app/features/referee/referee-panel/referee-panel.ts:700:6:
[37m      700 Ôöé     })[32m;[37m
          ÔòÁ       [32m^[0m


[31mX [41;31m[[41;97mERROR[41;31m][0m [1mTS1005: ':' expected.[0m [1m[35m[plugin angular-compiler][0m

    src/app/features/referee/referee-panel/referee-panel.ts:702:8:
[37m      702 Ôöé     this[32m.[37mshowSanction.set(false);
          ÔòÁ         [32m^[0m


[31mX [41;31m[[41;97mERROR[41;31m][0m [1mTS1005: ',' expected.[0m [1m[35m[plugin angular-compiler][0m

    src/app/features/referee/referee-panel/referee-panel.ts:702:32:
[37m      702 Ôöé     this.showSanction.set(false)[32m;[37m
          ÔòÁ                                 [32m^[0m


[31mX [41;31m[[41;97mERROR[41;31m][0m [1mTS1005: ':' expected.[0m [1m[35m[plugin angular-compiler][0m

    src/app/features/referee/referee-panel/referee-panel.ts:703:8:
[37m      703 Ôöé     this[32m.[37mtimerComponent()?.start();
          ÔòÁ         [32m^[0m


[31mX [41;31m[[41;97mERROR[41;31m][0m [1mTS1005: ',' expected.[0m [1m[35m[plugin angular-compiler][0m

    src/app/features/referee/referee-panel/referee-panel.ts:703:34:
[37m      703 Ôöé     this.timerComponent()?.start()[32m;[37m
          ÔòÁ                                   [32m^[0m


[31mX [41;31m[[41;97mERROR[41;31m][0m [1mTS2304: Cannot find name 'onSanctionClosed'.[0m [1m[35m[plugin angular-compiler][0m

    src/app/features/referee/referee-panel/referee-panel.ts:706:2:
[37m      706 Ôöé   [32monSanctionClosed[37m(): void {
          ÔòÁ   [32m~~~~~~~~~~~~~~~~[0m


[31mX [41;31m[[41;97mERROR[41;31m][0m [1mTS1005: ';' expected.[0m [1m[35m[plugin angular-compiler][0m

    src/app/features/referee/referee-panel/referee-panel.ts:706:20:
[37m      706 Ôöé   onSanctionClosed()[32m:[37m void {
          ÔòÁ                     [32m^[0m


[31mX [41;31m[[41;97mERROR[41;31m][0m [1mTS1005: ':' expected.[0m [1m[35m[plugin angular-compiler][0m

    src/app/features/referee/referee-panel/referee-panel.ts:707:8:
[37m      707 Ôöé     this[32m.[37mshowSanction.set(false);
          ÔòÁ         [32m^[0m


[31mX [41;31m[[41;97mERROR[41;31m][0m [1mTS1005: ',' expected.[0m [1m[35m[plugin angular-compiler][0m

    src/app/features/referee/referee-panel/referee-panel.ts:707:32:
[37m      707 Ôöé     this.showSanction.set(false)[32m;[37m
          ÔòÁ                                 [32m^[0m


[31mX [41;31m[[41;97mERROR[41;31m][0m [1mTS1005: ':' expected.[0m [1m[35m[plugin angular-compiler][0m

    src/app/features/referee/referee-panel/referee-panel.ts:708:8:
[37m      708 Ôöé     this[32m.[37mtimerComponent()?.start();
          ÔòÁ         [32m^[0m


[31mX [41;31m[[41;97mERROR[41;31m][0m [1mTS1005: ',' expected.[0m [1m[35m[plugin angular-compiler][0m

    src/app/features/referee/referee-panel/referee-panel.ts:708:34:
[37m      708 Ôöé     this.timerComponent()?.start()[32m;[37m
          ÔòÁ                                   [32m^[0m


[31mX [41;31m[[41;97mERROR[41;31m][0m [1mTS2304: Cannot find name 'openSetup'.[0m [1m[35m[plugin angular-compiler][0m

    src/app/features/referee/referee-panel/referee-panel.ts:713:2:
[37m      713 Ôöé   [32mopenSetup[37m(): void {
          ÔòÁ   [32m~~~~~~~~~[0m


[31mX [41;31m[[41;97mERROR[41;31m][0m [1mTS1005: ';' expected.[0m [1m[35m[plugin angular-compiler][0m

    src/app/features/referee/referee-panel/referee-panel.ts:713:13:
[37m      713 Ôöé   openSetup()[32m:[37m void {
          ÔòÁ              [32m^[0m


[31mX [41;31m[[41;97mERROR[41;31m][0m [1mTS1005: ':' expected.[0m [1m[35m[plugin angular-compiler][0m

    src/app/features/referee/referee-panel/referee-panel.ts:714:8:
[37m      714 Ôöé     this[32m.[37mshowSetup.set(true);
          ÔòÁ         [32m^[0m


[31mX [41;31m[[41;97mERROR[41;31m][0m [1mTS1005: ',' expected.[0m [1m[35m[plugin angular-compiler][0m

    src/app/features/referee/referee-panel/referee-panel.ts:714:28:
[37m      714 Ôöé     this.showSetup.set(true)[32m;[37m
          ÔòÁ                             [32m^[0m


[31mX [41;31m[[41;97mERROR[41;31m][0m [1mTS2304: Cannot find name 'onSetupCompleted'.[0m [1m[35m[plugin angular-compiler][0m

    src/app/features/referee/referee-panel/referee-panel.ts:717:2:
[37m      717 Ôöé   [32monSetupCompleted[37m(result: MatchSetupResult): void {
          ÔòÁ   [32m~~~~~~~~~~~~~~~~[0m


[31mX [41;31m[[41;97mERROR[41;31m][0m [1mTS2304: Cannot find name 'result'.[0m [1m[35m[plugin angular-compiler][0m

    src/app/features/referee/referee-panel/referee-panel.ts:717:19:
[37m      717 Ôöé   onSetupCompleted([32mresult[37m: MatchSetupResult): void {
          ÔòÁ                    [32m~~~~~~[0m


[31mX [41;31m[[41;97mERROR[41;31m][0m [1mTS1005: ',' expected.[0m [1m[35m[plugin angular-compiler][0m

    src/app/features/referee/referee-panel/referee-panel.ts:717:25:
[37m      717 Ôöé   onSetupCompleted(result[32m:[37m MatchSetupResult): void {
          ÔòÁ                          [32m^[0m


[31mX [41;31m[[41;97mERROR[41;31m][0m [1mTS2693: 'MatchSetupResult' only refers to a type, but is being used as a value here.[0m 
[1m[35m[plugin angular-compiler][0m

    src/app/features/referee/referee-panel/referee-panel.ts:717:27:
[37m      717 Ôöé   onSetupCompleted(result: [32mMatchSetupResult[37m): void {
          ÔòÁ                            [32m~~~~~~~~~~~~~~~~[0m


[31mX [41;31m[[41;97mERROR[41;31m][0m [1mTS1005: ';' expected.[0m [1m[35m[plugin angular-compiler][0m

    src/app/features/referee/referee-panel/referee-panel.ts:717:44:
[37m      717 Ôöé   onSetupCompleted(result: MatchSetupResult)[32m:[37m void {
          ÔòÁ                                             [32m^[0m


[31mX [41;31m[[41;97mERROR[41;31m][0m [1mTS1005: ':' expected.[0m [1m[35m[plugin angular-compiler][0m

    src/app/features/referee/referee-panel/referee-panel.ts:718:8:
[37m      718 Ôöé     this[32m.[37mref.saveMatchSetup(result);
          ÔòÁ         [32m^[0m


[31mX [41;31m[[41;97mERROR[41;31m][0m [1mTS2304: Cannot find name 'result'.[0m [1m[35m[plugin angular-compiler][0m

    src/app/features/referee/referee-panel/referee-panel.ts:718:28:
[37m      718 Ôöé     this.ref.saveMatchSetup([32mresult[37m);
          ÔòÁ                             [32m~~~~~~[0m


[31mX [41;31m[[41;97mERROR[41;31m][0m [1mTS1005: ',' expected.[0m [1m[35m[plugin angular-compiler][0m

    src/app/features/referee/referee-panel/referee-panel.ts:718:35:
[37m      718 Ôöé     this.ref.saveMatchSetup(result)[32m;[37m
          ÔòÁ                                    [32m^[0m


[31mX [41;31m[[41;97mERROR[41;31m][0m [1mTS1005: ':' expected.[0m [1m[35m[plugin angular-compiler][0m

    src/app/features/referee/referee-panel/referee-panel.ts:719:8:
[37m      719 Ôöé     this[32m.[37mshowSetup.set(false);
          ÔòÁ         [32m^[0m


[31mX [41;31m[[41;97mERROR[41;31m][0m [1mTS1005: ',' expected.[0m [1m[35m[plugin angular-compiler][0m

    src/app/features/referee/referee-panel/referee-panel.ts:719:29:
[37m      719 Ôöé     this.showSetup.set(false)[32m;[37m
          ÔòÁ                              [32m^[0m


[31mX [41;31m[[41;97mERROR[41;31m][0m [1mTS1005: ',' expected.[0m [1m[35m[plugin angular-compiler][0m

    src/app/features/referee/referee-panel/referee-panel.ts:722:12:
[37m      722 Ôöé     if (this[32m.[37mref.sportSlug() === 'volleyball') {
          ÔòÁ             [32m^[0m


[31mX [41;31m[[41;97mERROR[41;31m][0m [1mTS1005: ',' expected.[0m [1m[35m[plugin angular-compiler][0m

    src/app/features/referee/referee-panel/referee-panel.ts:722:45:
[37m      722 Ôöé     if (this.ref.sportSlug() === 'volleyball'[32m)[37m {
          ÔòÁ                                              [32m^[0m


[31mX [41;31m[[41;97mERROR[41;31m][0m [1mTS1136: Property assignment expected.[0m [1m[35m[plugin angular-compiler][0m

    src/app/features/referee/referee-panel/referee-panel.ts:722:47:
[37m      722 Ôöé     if (this.ref.sportSlug() === 'volleyball') [32m{[37m
          ÔòÁ                                                [32m^[0m


[31mX [41;31m[[41;97mERROR[41;31m][0m [1mTS2304: Cannot find name 'result'.[0m [1m[35m[plugin angular-compiler][0m

    src/app/features/referee/referee-panel/referee-panel.ts:723:27:
[37m      723 Ôöé       const homeStarters = [32mresult[37m.homeLineup.filter((p) => p.isSt...
          ÔòÁ                            [32m~~~~~~[0m


[31mX [41;31m[[41;97mERROR[41;31m][0m [1mTS7006: Parameter 'p' implicitly has an 'any' type.[0m [1m[35m[plugin 
angular-compiler][0m

    src/app/features/referee/referee-panel/referee-panel.ts:723:53:
[37m      723 Ôöé ...rs = result.homeLineup.filter(([32mp[37m) => p.isStarter && p.volleyba...
          ÔòÁ                                   [32m^[0m


[31mX [41;31m[[41;97mERROR[41;31m][0m [1mTS2304: Cannot find name 'result'.[0m [1m[35m[plugin angular-compiler][0m

    src/app/features/referee/referee-panel/referee-panel.ts:724:27:
[37m      724 Ôöé       const awayStarters = [32mresult[37m.awayLineup.filter((p) => p.isSt...
          ÔòÁ                            [32m~~~~~~[0m


[31mX [41;31m[[41;97mERROR[41;31m][0m [1mTS7006: Parameter 'p' implicitly has an 'any' type.[0m [1m[35m[plugin 
angular-compiler][0m

    src/app/features/referee/referee-panel/referee-panel.ts:724:53:
[37m      724 Ôöé ...rs = result.awayLineup.filter(([32mp[37m) => p.isStarter && p.volleyba...
          ÔòÁ                                   [32m^[0m


[31mX [41;31m[[41;97mERROR[41;31m][0m [1mTS2532: Object is possibly 'undefined'.[0m [1m[35m[plugin angular-compiler][0m

    src/app/features/referee/referee-panel/referee-panel.ts:726:26:
[37m      726 Ôöé       const homePlayers = [32mthis[37m.ref.homePlayers();
          ÔòÁ                           [32m~~~~[0m


[31mX [41;31m[[41;97mERROR[41;31m][0m [1mTS2532: Object is possibly 'undefined'.[0m [1m[35m[plugin angular-compiler][0m

    src/app/features/referee/referee-panel/referee-panel.ts:727:26:
[37m      727 Ôöé       const awayPlayers = [32mthis[37m.ref.awayPlayers();
          ÔòÁ                           [32m~~~~[0m


[31mX [41;31m[[41;97mERROR[41;31m][0m [1mTS7006: Parameter 'p' implicitly has an 'any' type.[0m [1m[35m[plugin 
angular-compiler][0m

    src/app/features/referee/referee-panel/referee-panel.ts:733:20:
[37m      733 Ôöé         lineup.map(([32mp[37m) => {
          ÔòÁ                     [32m^[0m


[31mX [41;31m[[41;97mERROR[41;31m][0m [1mTS2304: Cannot find name 'result'.[0m [1m[35m[plugin angular-compiler][0m

    src/app/features/referee/referee-panel/referee-panel.ts:746:44:
[37m      746 Ôöé ...rstServe: 'home' | 'away' = [32mresult[37m.firstServeTeamId === this.r...
          ÔòÁ                                [32m~~~~~~[0m


[31mX [41;31m[[41;97mERROR[41;31m][0m [1mTS2532: Object is possibly 'undefined'.[0m [1m[35m[plugin angular-compiler][0m

    src/app/features/referee/referee-panel/referee-panel.ts:746:72:
[37m      746 Ôöé ... result.firstServeTeamId === [32mthis[37m.ref.homeTeamId() ? 'home' : ...
          ÔòÁ                                 [32m~~~~[0m


[31mX [41;31m[[41;97mERROR[41;31m][0m [1mTS2304: Cannot find name 'result'.[0m [1m[35m[plugin angular-compiler][0m

    src/app/features/referee/referee-panel/referee-panel.ts:747:40:
[37m      747 Ôöé ...t sideA: 'home' | 'away' = ([32mresult[37m.fieldSideHome === 'A' || re...
          ÔòÁ                                [32m~~~~~~[0m


[31mX [41;31m[[41;97mERROR[41;31m][0m [1mTS2304: Cannot find name 'result'.[0m [1m[35m[plugin angular-compiler][0m

    src/app/features/referee/referee-panel/referee-panel.ts:747:72:
[37m      747 Ôöé ...lt.fieldSideHome === 'A' || [32mresult[37m.fieldSideAway === 'B') ? 'h...
          ÔòÁ                                [32m~~~~~~[0m


[31mX [41;31m[[41;97mERROR[41;31m][0m [1mTS2532: Object is possibly 'undefined'.[0m [1m[35m[plugin angular-compiler][0m

    src/app/features/referee/referee-panel/referee-panel.ts:750:8:
[37m      750 Ôöé         [32mthis[37m.rotationInitialized = true;
          ÔòÁ         [32m~~~~[0m


[31mX [41;31m[[41;97mERROR[41;31m][0m [1mTS2532: Object is possibly 'undefined'.[0m [1m[35m[plugin angular-compiler][0m

    src/app/features/referee/referee-panel/referee-panel.ts:751:8:
[37m      751 Ôöé         [32mthis[37m.rotation.restoreState(this.id()); // sets matchId fo...
          ÔòÁ         [32m~~~~[0m


[31mX [41;31m[[41;97mERROR[41;31m][0m [1mTS2532: Object is possibly 'undefined'.[0m [1m[35m[plugin angular-compiler][0m

    src/app/features/referee/referee-panel/referee-panel.ts:751:35:
[37m      751 Ôöé ...  this.rotation.restoreState([32mthis[37m.id()); // sets matchId for p...
          ÔòÁ                                 [32m~~~~[0m


[31mX [41;31m[[41;97mERROR[41;31m][0m [1mTS2532: Object is possibly 'undefined'.[0m [1m[35m[plugin angular-compiler][0m

    src/app/features/referee/referee-panel/referee-panel.ts:753:8:
[37m      753 Ôöé         [32mthis[37m.rotation.initialize(
          ÔòÁ         [32m~~~~[0m


[31mX [41;31m[[41;97mERROR[41;31m][0m [1mTS2532: Object is possibly 'undefined'.[0m [1m[35m[plugin angular-compiler][0m

    src/app/features/referee/referee-panel/referee-panel.ts:763:4:
[37m      763 Ôöé     [32mthis[37m.ref.startMatch();
          ÔòÁ     [32m~~~~[0m


[31mX [41;31m[[41;97mERROR[41;31m][0m [1mTS1128: Declaration or statement expected.[0m [1m[35m[plugin angular-compiler][0m

    src/app/features/referee/referee-panel/referee-panel.ts:764:2:
[37m      764 Ôöé   [32m}[37m
          ÔòÁ   [32m^[0m


[31mX [41;31m[[41;97mERROR[41;31m][0m [1mTS2304: Cannot find name 'onSetupClosed'.[0m [1m[35m[plugin angular-compiler][0m

    src/app/features/referee/referee-panel/referee-panel.ts:766:2:
[37m      766 Ôöé   [32monSetupClosed[37m(): void {
          ÔòÁ   [32m~~~~~~~~~~~~~[0m


[31mX [41;31m[[41;97mERROR[41;31m][0m [1mTS1005: ';' expected.[0m [1m[35m[plugin angular-compiler][0m

    src/app/features/referee/referee-panel/referee-panel.ts:766:17:
[37m      766 Ôöé   onSetupClosed()[32m:[37m void {
          ÔòÁ                  [32m^[0m


[31mX [41;31m[[41;97mERROR[41;31m][0m [1mTS1005: ':' expected.[0m [1m[35m[plugin angular-compiler][0m

    src/app/features/referee/referee-panel/referee-panel.ts:767:8:
[37m      767 Ôöé     this[32m.[37mshowSetup.set(false);
          ÔòÁ         [32m^[0m


[31mX [41;31m[[41;97mERROR[41;31m][0m [1mTS1005: ',' expected.[0m [1m[35m[plugin angular-compiler][0m

    src/app/features/referee/referee-panel/referee-panel.ts:767:29:
[37m      767 Ôöé     this.showSetup.set(false)[32m;[37m
          ÔòÁ                              [32m^[0m


[31mX [41;31m[[41;97mERROR[41;31m][0m [1mTS2304: Cannot find name 'onStartMatch'.[0m [1m[35m[plugin angular-compiler][0m

    src/app/features/referee/referee-panel/referee-panel.ts:772:2:
[37m      772 Ôöé   [32monStartMatch[37m(): void {
          ÔòÁ   [32m~~~~~~~~~~~~[0m


[31mX [41;31m[[41;97mERROR[41;31m][0m [1mTS1005: ';' expected.[0m [1m[35m[plugin angular-compiler][0m

    src/app/features/referee/referee-panel/referee-panel.ts:772:16:
[37m      772 Ôöé   onStartMatch()[32m:[37m void {
          ÔòÁ                 [32m^[0m


[31mX [41;31m[[41;97mERROR[41;31m][0m [1mTS1005: ':' expected.[0m [1m[35m[plugin angular-compiler][0m

    src/app/features/referee/referee-panel/referee-panel.ts:773:8:
[37m      773 Ôöé     this[32m.[37mref.startMatch();
          ÔòÁ         [32m^[0m


[31mX [41;31m[[41;97mERROR[41;31m][0m [1mTS1005: ',' expected.[0m [1m[35m[plugin angular-compiler][0m

    src/app/features/referee/referee-panel/referee-panel.ts:773:25:
[37m      773 Ôöé     this.ref.startMatch()[32m;[37m
          ÔòÁ                          [32m^[0m


[31mX [41;31m[[41;97mERROR[41;31m][0m [1mTS2304: Cannot find name 'onEndPeriod'.[0m [1m[35m[plugin angular-compiler][0m

    src/app/features/referee/referee-panel/referee-panel.ts:776:2:
[37m      776 Ôöé   [32monEndPeriod[37m(): void {
          ÔòÁ   [32m~~~~~~~~~~~[0m


[31mX [41;31m[[41;97mERROR[41;31m][0m [1mTS1005: ';' expected.[0m [1m[35m[plugin angular-compiler][0m

    src/app/features/referee/referee-panel/referee-panel.ts:776:15:
[37m      776 Ôöé   onEndPeriod()[32m:[37m void {
          ÔòÁ                [32m^[0m


[31mX [41;31m[[41;97mERROR[41;31m][0m [1mTS1005: ':' expected.[0m [1m[35m[plugin angular-compiler][0m

    src/app/features/referee/referee-panel/referee-panel.ts:777:8:
[37m      777 Ôöé     this[32m.[37mtimerComponent()?.pause();
          ÔòÁ         [32m^[0m


[31mX [41;31m[[41;97mERROR[41;31m][0m [1mTS1005: ',' expected.[0m [1m[35m[plugin angular-compiler][0m

    src/app/features/referee/referee-panel/referee-panel.ts:777:34:
[37m      777 Ôöé     this.timerComponent()?.pause()[32m;[37m
          ÔòÁ                                   [32m^[0m


[31mX [41;31m[[41;97mERROR[41;31m][0m [1mTS1005: ',' expected.[0m [1m[35m[plugin angular-compiler][0m

    src/app/features/referee/referee-panel/referee-panel.ts:779:12:
[37m      779 Ôöé     if (this[32m.[37mref.sportSlug() === 'volleyball') {
          ÔòÁ             [32m^[0m


[31mX [41;31m[[41;97mERROR[41;31m][0m [1mTS1005: ',' expected.[0m [1m[35m[plugin angular-compiler][0m

    src/app/features/referee/referee-panel/referee-panel.ts:779:45:
[37m      779 Ôöé     if (this.ref.sportSlug() === 'volleyball'[32m)[37m {
          ÔòÁ                                              [32m^[0m


[31mX [41;31m[[41;97mERROR[41;31m][0m [1mTS1136: Property assignment expected.[0m [1m[35m[plugin angular-compiler][0m

    src/app/features/referee/referee-panel/referee-panel.ts:779:47:
[37m      779 Ôöé     if (this.ref.sportSlug() === 'volleyball') [32m{[37m
          ÔòÁ                                                [32m^[0m


[31mX [41;31m[[41;97mERROR[41;31m][0m [1mTS2532: Object is possibly 'undefined'.[0m [1m[35m[plugin angular-compiler][0m

    src/app/features/referee/referee-panel/referee-panel.ts:780:23:
[37m      780 Ôöé       const homeSets = [32mthis[37m.ref.homeSetsWon();
          ÔòÁ                        [32m~~~~[0m


[31mX [41;31m[[41;97mERROR[41;31m][0m [1mTS2532: Object is possibly 'undefined'.[0m [1m[35m[plugin angular-compiler][0m

    src/app/features/referee/referee-panel/referee-panel.ts:781:23:
[37m      781 Ôöé       const awaySets = [32mthis[37m.ref.awaySetsWon();
          ÔòÁ                        [32m~~~~[0m


[31mX [41;31m[[41;97mERROR[41;31m][0m [1mTS2532: Object is possibly 'undefined'.[0m [1m[35m[plugin angular-compiler][0m

    src/app/features/referee/referee-panel/referee-panel.ts:782:6:
[37m      782 Ôöé       [32mthis[37m.rotation.onSetEnd(homeSets, awaySets);
          ÔòÁ       [32m~~~~[0m


[31mX [41;31m[[41;97mERROR[41;31m][0m [1mTS2532: Object is possibly 'undefined'.[0m [1m[35m[plugin angular-compiler][0m

    src/app/features/referee/referee-panel/referee-panel.ts:785:4:
[37m      785 Ôöé     [32mthis[37m.ref.endCurrentPeriod();
          ÔòÁ     [32m~~~~[0m


[31mX [41;31m[[41;97mERROR[41;31m][0m [1mTS2532: Object is possibly 'undefined'.[0m [1m[35m[plugin angular-compiler][0m

    src/app/features/referee/referee-panel/referee-panel.ts:788:4:
[37m      788 Ôöé     [32mthis[37m.showSetTransition.set(true);
          ÔòÁ     [32m~~~~[0m


[31mX [41;31m[[41;97mERROR[41;31m][0m [1mTS1128: Declaration or statement expected.[0m [1m[35m[plugin angular-compiler][0m

    src/app/features/referee/referee-panel/referee-panel.ts:789:2:
[37m      789 Ôöé   [32m}[37m
          ÔòÁ   [32m^[0m


[31mX [41;31m[[41;97mERROR[41;31m][0m [1mTS2304: Cannot find name 'onSetTransitionConfirmed'.[0m [1m[35m[plugin 
angular-compiler][0m

    src/app/features/referee/referee-panel/referee-panel.ts:792:2:
[37m      792 Ôöé   [32monSetTransitionConfirmed[37m(): void {
          ÔòÁ   [32m~~~~~~~~~~~~~~~~~~~~~~~~[0m


[31mX [41;31m[[41;97mERROR[41;31m][0m [1mTS1005: ';' expected.[0m [1m[35m[plugin angular-compiler][0m

    src/app/features/referee/referee-panel/referee-panel.ts:792:28:
[37m      792 Ôöé   onSetTransitionConfirmed()[32m:[37m void {
          ÔòÁ                             [32m^[0m


[31mX [41;31m[[41;97mERROR[41;31m][0m [1mTS1005: ':' expected.[0m [1m[35m[plugin angular-compiler][0m

    src/app/features/referee/referee-panel/referee-panel.ts:793:8:
[37m      793 Ôöé     this[32m.[37mshowSetTransition.set(false);
          ÔòÁ         [32m^[0m


[31mX [41;31m[[41;97mERROR[41;31m][0m [1mTS1005: ',' expected.[0m [1m[35m[plugin angular-compiler][0m

    src/app/features/referee/referee-panel/referee-panel.ts:793:37:
[37m      793 Ôöé     this.showSetTransition.set(false)[32m;[37m
          ÔòÁ                                      [32m^[0m


[31mX [41;31m[[41;97mERROR[41;31m][0m [1mTS2304: Cannot find name 'onDecisiveToss'.[0m [1m[35m[plugin angular-compiler][0m

    src/app/features/referee/referee-panel/referee-panel.ts:798:2:
[37m      798 Ôöé   [32monDecisiveToss[37m(serve: 'home' | 'away', sideA: 'home' | 'away'):...
          ÔòÁ   [32m~~~~~~~~~~~~~~[0m


[31mX [41;31m[[41;97mERROR[41;31m][0m [1mTS2304: Cannot find name 'serve'.[0m [1m[35m[plugin angular-compiler][0m

    src/app/features/referee/referee-panel/referee-panel.ts:798:17:
[37m      798 Ôöé   onDecisiveToss([32mserve[37m: 'home' | 'away', sideA: 'home' | 'away'):...
          ÔòÁ                  [32m~~~~~[0m


[31mX [41;31m[[41;97mERROR[41;31m][0m [1mTS1005: ',' expected.[0m [1m[35m[plugin angular-compiler][0m

    src/app/features/referee/referee-panel/referee-panel.ts:798:22:
[37m      798 Ôöé   onDecisiveToss(serve[32m:[37m 'home' | 'away', sideA: 'home' | 'away'):...
          ÔòÁ                       [32m^[0m


[31mX [41;31m[[41;97mERROR[41;31m][0m [1mTS2362: The left-hand side of an arithmetic operation must be of type 'any', 'number', 
'bigint' or an enum type.[0m [1m[35m[plugin angular-compiler][0m

    src/app/features/referee/referee-panel/referee-panel.ts:798:24:
[37m      798 Ôöé   onDecisiveToss(serve: [32m'home'[37m | 'away', sideA: 'home' | 'away'):...
          ÔòÁ                         [32m~~~~~~[0m


[31mX [41;31m[[41;97mERROR[41;31m][0m [1mTS2363: The right-hand side of an arithmetic operation must be of type 'any', 'number', 
'bigint' or an enum type.[0m [1m[35m[plugin angular-compiler][0m

    src/app/features/referee/referee-panel/referee-panel.ts:798:33:
[37m      798 Ôöé ...ecisiveToss(serve: 'home' | [32m'away'[37m, sideA: 'home' | 'away'): v...
          ÔòÁ                                [32m~~~~~~[0m


[31mX [41;31m[[41;97mERROR[41;31m][0m [1mTS2304: Cannot find name 'sideA'.[0m [1m[35m[plugin angular-compiler][0m

    src/app/features/referee/referee-panel/referee-panel.ts:798:41:
[37m      798 Ôöé ...isiveToss(serve: 'home' | 'away', [32msideA[37m: 'home' | 'away'): void {
          ÔòÁ                                      [32m~~~~~[0m


[31mX [41;31m[[41;97mERROR[41;31m][0m [1mTS1005: ',' expected.[0m [1m[35m[plugin angular-compiler][0m

    src/app/features/referee/referee-panel/referee-panel.ts:798:46:
[37m      798 Ôöé ...isiveToss(serve: 'home' | 'away', sideA[32m:[37m 'home' | 'away'): void {
          ÔòÁ                                           [32m^[0m


[31mX [41;31m[[41;97mERROR[41;31m][0m [1mTS2362: The left-hand side of an arithmetic operation must be of type 'any', 'number', 
'bigint' or an enum type.[0m [1m[35m[plugin angular-compiler][0m

    src/app/features/referee/referee-panel/referee-panel.ts:798:48:
[37m      798 Ôöé ...isiveToss(serve: 'home' | 'away', sideA: [32m'home'[37m | 'away'): void {
          ÔòÁ                                             [32m~~~~~~[0m


[31mX [41;31m[[41;97mERROR[41;31m][0m [1mTS2363: The right-hand side of an arithmetic operation must be of type 'any', 'number', 
'bigint' or an enum type.[0m [1m[35m[plugin angular-compiler][0m

    src/app/features/referee/referee-panel/referee-panel.ts:798:57:
[37m      798 Ôöé ...isiveToss(serve: 'home' | 'away', sideA: 'home' | [32m'away'[37m): void {
          ÔòÁ                                                      [32m~~~~~~[0m


[31mX [41;31m[[41;97mERROR[41;31m][0m [1mTS1005: ';' expected.[0m [1m[35m[plugin angular-compiler][0m

    src/app/features/referee/referee-panel/referee-panel.ts:798:64:
[37m      798 Ôöé ...isiveToss(serve: 'home' | 'away', sideA: 'home' | 'away')[32m:[37m void {
          ÔòÁ                                                             [32m^[0m


[31mX [41;31m[[41;97mERROR[41;31m][0m [1mTS1005: ':' expected.[0m [1m[35m[plugin angular-compiler][0m

    src/app/features/referee/referee-panel/referee-panel.ts:799:8:
[37m      799 Ôöé     this[32m.[37mrotation.applyDecisiveToss(serve, sideA);
          ÔòÁ         [32m^[0m


[31mX [41;31m[[41;97mERROR[41;31m][0m [1mTS2304: Cannot find name 'serve'.[0m [1m[35m[plugin angular-compiler][0m

    src/app/features/referee/referee-panel/referee-panel.ts:799:36:
[37m      799 Ôöé     this.rotation.applyDecisiveToss([32mserve[37m, sideA);
          ÔòÁ                                     [32m~~~~~[0m


[31mX [41;31m[[41;97mERROR[41;31m][0m [1mTS2304: Cannot find name 'sideA'.[0m [1m[35m[plugin angular-compiler][0m

    src/app/features/referee/referee-panel/referee-panel.ts:799:43:
[37m      799 Ôöé     this.rotation.applyDecisiveToss(serve, [32msideA[37m);
          ÔòÁ                                            [32m~~~~~[0m


[31mX [41;31m[[41;97mERROR[41;31m][0m [1mTS1005: ',' expected.[0m [1m[35m[plugin angular-compiler][0m

    src/app/features/referee/referee-panel/referee-panel.ts:799:49:
[37m      799 Ôöé     this.rotation.applyDecisiveToss(serve, sideA)[32m;[37m
          ÔòÁ                                                  [32m^[0m


[31mX [41;31m[[41;97mERROR[41;31m][0m [1mTS1005: ':' expected.[0m [1m[35m[plugin angular-compiler][0m

    src/app/features/referee/referee-panel/referee-panel.ts:800:8:
[37m      800 Ôöé     this[32m.[37mshowSetTransition.set(false);
          ÔòÁ         [32m^[0m


[31mX [41;31m[[41;97mERROR[41;31m][0m [1mTS1005: ',' expected.[0m [1m[35m[plugin angular-compiler][0m

    src/app/features/referee/referee-panel/referee-panel.ts:800:37:
[37m      800 Ôöé     this.showSetTransition.set(false)[32m;[37m
          ÔòÁ                                      [32m^[0m


[31mX [41;31m[[41;97mERROR[41;31m][0m [1mTS2304: Cannot find name 'onFinishMatch'.[0m [1m[35m[plugin angular-compiler][0m

    src/app/features/referee/referee-panel/referee-panel.ts:803:2:
[37m      803 Ôöé   [32monFinishMatch[37m(): void {
          ÔòÁ   [32m~~~~~~~~~~~~~[0m


[31mX [41;31m[[41;97mERROR[41;31m][0m [1mTS1005: ';' expected.[0m [1m[35m[plugin angular-compiler][0m

    src/app/features/referee/referee-panel/referee-panel.ts:803:17:
[37m      803 Ôöé   onFinishMatch()[32m:[37m void {
          ÔòÁ                  [32m^[0m


[31mX [41;31m[[41;97mERROR[41;31m][0m [1mTS1005: ':' expected.[0m [1m[35m[plugin angular-compiler][0m

    src/app/features/referee/referee-panel/referee-panel.ts:804:8:
[37m      804 Ôöé     this[32m.[37mtimerComponent()?.pause();
          ÔòÁ         [32m^[0m


[31mX [41;31m[[41;97mERROR[41;31m][0m [1mTS1005: ',' expected.[0m [1m[35m[plugin angular-compiler][0m

    src/app/features/referee/referee-panel/referee-panel.ts:804:34:
[37m      804 Ôöé     this.timerComponent()?.pause()[32m;[37m
          ÔòÁ                                   [32m^[0m


[31mX [41;31m[[41;97mERROR[41;31m][0m [1mTS1005: ':' expected.[0m [1m[35m[plugin angular-compiler][0m

    src/app/features/referee/referee-panel/referee-panel.ts:805:8:
[37m      805 Ôöé     this[32m.[37mtimerComponent()?.clearState();
          ÔòÁ         [32m^[0m


[31mX [41;31m[[41;97mERROR[41;31m][0m [1mTS1005: ',' expected.[0m [1m[35m[plugin angular-compiler][0m

    src/app/features/referee/referee-panel/referee-panel.ts:805:39:
[37m      805 Ôöé     this.timerComponent()?.clearState()[32m;[37m
          ÔòÁ                                        [32m^[0m


[31mX [41;31m[[41;97mERROR[41;31m][0m [1mTS1005: ':' expected.[0m [1m[35m[plugin angular-compiler][0m

    src/app/features/referee/referee-panel/referee-panel.ts:806:8:
[37m      806 Ôöé     this[32m.[37mref.finishMatch();
          ÔòÁ         [32m^[0m


[31mX [41;31m[[41;97mERROR[41;31m][0m [1mTS1005: ',' expected.[0m [1m[35m[plugin angular-compiler][0m

    src/app/features/referee/referee-panel/referee-panel.ts:806:26:
[37m      806 Ôöé     this.ref.finishMatch()[32m;[37m
          ÔòÁ                           [32m^[0m


[31mX [41;31m[[41;97mERROR[41;31m][0m [1mTS1005: ':' expected.[0m [1m[35m[plugin angular-compiler][0m

    src/app/features/referee/referee-panel/referee-panel.ts:807:8:
[37m      807 Ôöé     this[32m.[37mrotation.clearState();
          ÔòÁ         [32m^[0m


[31mX [41;31m[[41;97mERROR[41;31m][0m [1mTS1005: ',' expected.[0m [1m[35m[plugin angular-compiler][0m

    src/app/features/referee/referee-panel/referee-panel.ts:807:30:
[37m      807 Ôöé     this.rotation.clearState()[32m;[37m
          ÔòÁ                               [32m^[0m


[31mX [41;31m[[41;97mERROR[41;31m][0m [1mTS1005: ':' expected.[0m [1m[35m[plugin angular-compiler][0m

    src/app/features/referee/referee-panel/referee-panel.ts:808:8:
[37m      808 Ôöé     this[32m.[37mshowMatchSummary.set(true);
          ÔòÁ         [32m^[0m


[31mX [41;31m[[41;97mERROR[41;31m][0m [1mTS1005: ',' expected.[0m [1m[35m[plugin angular-compiler][0m

    src/app/features/referee/referee-panel/referee-panel.ts:808:35:
[37m      808 Ôöé     this.showMatchSummary.set(true)[32m;[37m
          ÔòÁ                                    [32m^[0m


[31mX [41;31m[[41;97mERROR[41;31m][0m [1mTS1005: ':' expected.[0m [1m[35m[plugin angular-compiler][0m

    src/app/features/referee/referee-panel/referee-panel.ts:811:8:
[37m      811 Ôöé     this[32m.[37msocket.emitMatchEnd(this.id());
          ÔòÁ         [32m^[0m


[31mX [41;31m[[41;97mERROR[41;31m][0m [1mTS2532: Object is possibly 'undefined'.[0m [1m[35m[plugin angular-compiler][0m

    src/app/features/referee/referee-panel/referee-panel.ts:811:29:
[37m      811 Ôöé     this.socket.emitMatchEnd([32mthis[37m.id());
          ÔòÁ                              [32m~~~~[0m


[31mX [41;31m[[41;97mERROR[41;31m][0m [1mTS1005: ',' expected.[0m [1m[35m[plugin angular-compiler][0m

    src/app/features/referee/referee-panel/referee-panel.ts:811:39:
[37m      811 Ôöé     this.socket.emitMatchEnd(this.id())[32m;[37m
          ÔòÁ                                        [32m^[0m


[31mX [41;31m[[41;97mERROR[41;31m][0m [1mTS2304: Cannot find name 'onSelectMvp'.[0m [1m[35m[plugin angular-compiler][0m

    src/app/features/referee/referee-panel/referee-panel.ts:815:2:
[37m      815 Ôöé   [32monSelectMvp[37m(playerId: string, playerName: string): void {
          ÔòÁ   [32m~~~~~~~~~~~[0m


[31mX [41;31m[[41;97mERROR[41;31m][0m [1mTS2304: Cannot find name 'playerId'.[0m [1m[35m[plugin angular-compiler][0m

    src/app/features/referee/referee-panel/referee-panel.ts:815:14:
[37m      815 Ôöé   onSelectMvp([32mplayerId[37m: string, playerName: string): void {
          ÔòÁ               [32m~~~~~~~~[0m


[31mX [41;31m[[41;97mERROR[41;31m][0m [1mTS1005: ',' expected.[0m [1m[35m[plugin angular-compiler][0m

    src/app/features/referee/referee-panel/referee-panel.ts:815:22:
[37m      815 Ôöé   onSelectMvp(playerId[32m:[37m string, playerName: string): void {
          ÔòÁ                       [32m^[0m


[31mX [41;31m[[41;97mERROR[41;31m][0m [1mTS2693: 'string' only refers to a type, but is being used as a value here.[0m 
[1m[35m[plugin angular-compiler][0m

    src/app/features/referee/referee-panel/referee-panel.ts:815:24:
[37m      815 Ôöé   onSelectMvp(playerId: [32mstring[37m, playerName: string): void {
          ÔòÁ                         [32m~~~~~~[0m


[31mX [41;31m[[41;97mERROR[41;31m][0m [1mTS2304: Cannot find name 'playerName'.[0m [1m[35m[plugin angular-compiler][0m

    src/app/features/referee/referee-panel/referee-panel.ts:815:32:
[37m      815 Ôöé   onSelectMvp(playerId: string, [32mplayerName[37m: string): void {
          ÔòÁ                                 [32m~~~~~~~~~~[0m


[31mX [41;31m[[41;97mERROR[41;31m][0m [1mTS1005: ',' expected.[0m [1m[35m[plugin angular-compiler][0m

    src/app/features/referee/referee-panel/referee-panel.ts:815:42:
[37m      815 Ôöé   onSelectMvp(playerId: string, playerName[32m:[37m string): void {
          ÔòÁ                                           [32m^[0m


[31mX [41;31m[[41;97mERROR[41;31m][0m [1mTS2693: 'string' only refers to a type, but is being used as a value here.[0m 
[1m[35m[plugin angular-compiler][0m

    src/app/features/referee/referee-panel/referee-panel.ts:815:44:
[37m      815 Ôöé   onSelectMvp(playerId: string, playerName: [32mstring[37m): void {
          ÔòÁ                                             [32m~~~~~~[0m


[31mX [41;31m[[41;97mERROR[41;31m][0m [1mTS1005: ';' expected.[0m [1m[35m[plugin angular-compiler][0m

    src/app/features/referee/referee-panel/referee-panel.ts:815:51:
[37m      815 Ôöé   onSelectMvp(playerId: string, playerName: string)[32m:[37m void {
          ÔòÁ                                                    [32m^[0m


[31mX [41;31m[[41;97mERROR[41;31m][0m [1mTS1005: ':' expected.[0m [1m[35m[plugin angular-compiler][0m

    src/app/features/referee/referee-panel/referee-panel.ts:816:8:
[37m      816 Ôöé     this[32m.[37mselectedMvp.set({ playerId, playerName });
          ÔòÁ         [32m^[0m


[31mX [41;31m[[41;97mERROR[41;31m][0m [1mTS18004: No value exists in scope for the shorthand property 'playerId'. Either declare 
one or provide an initializer.[0m [1m[35m[plugin angular-compiler][0m

    src/app/features/referee/referee-panel/referee-panel.ts:816:27:
[37m      816 Ôöé     this.selectedMvp.set({ [32mplayerId[37m, playerName });
          ÔòÁ                            [32m~~~~~~~~[0m


[31mX [41;31m[[41;97mERROR[41;31m][0m [1mTS18004: No value exists in scope for the shorthand property 'playerName'. Either declare 
one or provide an initializer.[0m [1m[35m[plugin angular-compiler][0m

    src/app/features/referee/referee-panel/referee-panel.ts:816:37:
[37m      816 Ôöé     this.selectedMvp.set({ playerId, [32mplayerName[37m });
          ÔòÁ                                      [32m~~~~~~~~~~[0m


[31mX [41;31m[[41;97mERROR[41;31m][0m [1mTS1005: ',' expected.[0m [1m[35m[plugin angular-compiler][0m

    src/app/features/referee/referee-panel/referee-panel.ts:816:50:
[37m      816 Ôöé     this.selectedMvp.set({ playerId, playerName })[32m;[37m
          ÔòÁ                                                   [32m^[0m


[31mX [41;31m[[41;97mERROR[41;31m][0m [1mTS1005: ':' expected.[0m [1m[35m[plugin angular-compiler][0m

    src/app/features/referee/referee-panel/referee-panel.ts:819:8:
[37m      819 Ôöé     this[32m.[37mref.registerEvent({
          ÔòÁ         [32m^[0m


[31mX [41;31m[[41;97mERROR[41;31m][0m [1mTS2532: Object is possibly 'undefined'.[0m [1m[35m[plugin angular-compiler][0m

    src/app/features/referee/referee-panel/referee-panel.ts:821:20:
[37m      821 Ôöé       periodNumber: [32mthis[37m.ref.currentPeriod()?.periodNumber ?? 1,
          ÔòÁ                     [32m~~~~[0m


[31mX [41;31m[[41;97mERROR[41;31m][0m [1mTS2532: Object is possibly 'undefined'.[0m [1m[35m[plugin angular-compiler][0m

    src/app/features/referee/referee-panel/referee-panel.ts:822:19:
[37m      822 Ôöé       matchMinute: [32mthis[37m.timerComponent()?.elapsed() ?? null,
          ÔòÁ                    [32m~~~~[0m


[31mX [41;31m[[41;97mERROR[41;31m][0m [1mTS2304: Cannot find name 'playerId'.[0m [1m[35m[plugin angular-compiler][0m

    src/app/features/referee/referee-panel/referee-panel.ts:823:30:
[37m      823 Ôöé       payload: { mvpPlayerId: [32mplayerId[37m, mvpPlayerName: playerName },
          ÔòÁ                               [32m~~~~~~~~[0m


[31mX [41;31m[[41;97mERROR[41;31m][0m [1mTS2304: Cannot find name 'playerName'.[0m [1m[35m[plugin angular-compiler][0m

    src/app/features/referee/referee-panel/referee-panel.ts:823:55:
[37m      823 Ôöé       payload: { mvpPlayerId: playerId, mvpPlayerName: [32mplayerName[37m },
          ÔòÁ                                                        [32m~~~~~~~~~~[0m


[31mX [41;31m[[41;97mERROR[41;31m][0m [1mTS1005: ',' expected.[0m [1m[35m[plugin angular-compiler][0m

    src/app/features/referee/referee-panel/referee-panel.ts:824:6:
[37m      824 Ôöé     })[32m;[37m
          ÔòÁ       [32m^[0m


[31mX [41;31m[[41;97mERROR[41;31m][0m [1mTS2304: Cannot find name 'onBackToMatchList'.[0m [1m[35m[plugin angular-compiler][0m

    src/app/features/referee/referee-panel/referee-panel.ts:828:2:
[37m      828 Ôöé   [32monBackToMatchList[37m(): void {
          ÔòÁ   [32m~~~~~~~~~~~~~~~~~[0m


[31mX [41;31m[[41;97mERROR[41;31m][0m [1mTS1005: ';' expected.[0m [1m[35m[plugin angular-compiler][0m

    src/app/features/referee/referee-panel/referee-panel.ts:828:21:
[37m      828 Ôöé   onBackToMatchList()[32m:[37m void {
          ÔòÁ                      [32m^[0m


[31mX [41;31m[[41;97mERROR[41;31m][0m [1mTS1005: ':' expected.[0m [1m[35m[plugin angular-compiler][0m

    src/app/features/referee/referee-panel/referee-panel.ts:829:8:
[37m      829 Ôöé     this[32m.[37mshowMatchSummary.set(false);
          ÔòÁ         [32m^[0m


[31mX [41;31m[[41;97mERROR[41;31m][0m [1mTS1005: ',' expected.[0m [1m[35m[plugin angular-compiler][0m

    src/app/features/referee/referee-panel/referee-panel.ts:829:36:
[37m      829 Ôöé     this.showMatchSummary.set(false)[32m;[37m
          ÔòÁ                                     [32m^[0m


[31mX [41;31m[[41;97mERROR[41;31m][0m [1mTS1005: ':' expected.[0m [1m[35m[plugin angular-compiler][0m

    src/app/features/referee/referee-panel/referee-panel.ts:830:8:
[37m      830 Ôöé     this[32m.[37mrouter.navigate(['/referee']);
          ÔòÁ         [32m^[0m


[31mX [41;31m[[41;97mERROR[41;31m][0m [1mTS1005: ',' expected.[0m [1m[35m[plugin angular-compiler][0m

    src/app/features/referee/referee-panel/referee-panel.ts:830:38:
[37m      830 Ôöé     this.router.navigate(['/referee'])[32m;[37m
          ÔòÁ                                       [32m^[0m


[31mX [41;31m[[41;97mERROR[41;31m][0m [1mTS2304: Cannot find name 'onTimerPaused'.[0m [1m[35m[plugin angular-compiler][0m

    src/app/features/referee/referee-panel/referee-panel.ts:835:2:
[37m      835 Ôöé   [32monTimerPaused[37m(elapsed: number): void {
          ÔòÁ   [32m~~~~~~~~~~~~~[0m


[31mX [41;31m[[41;97mERROR[41;31m][0m [1mTS2304: Cannot find name 'elapsed'.[0m [1m[35m[plugin angular-compiler][0m

    src/app/features/referee/referee-panel/referee-panel.ts:835:16:
[37m      835 Ôöé   onTimerPaused([32melapsed[37m: number): void {
          ÔòÁ                 [32m~~~~~~~[0m


[31mX [41;31m[[41;97mERROR[41;31m][0m [1mTS1005: ',' expected.[0m [1m[35m[plugin angular-compiler][0m

    src/app/features/referee/referee-panel/referee-panel.ts:835:23:
[37m      835 Ôöé   onTimerPaused(elapsed[32m:[37m number): void {
          ÔòÁ                        [32m^[0m


[31mX [41;31m[[41;97mERROR[41;31m][0m [1mTS2693: 'number' only refers to a type, but is being used as a value here.[0m 
[1m[35m[plugin angular-compiler][0m

    src/app/features/referee/referee-panel/referee-panel.ts:835:25:
[37m      835 Ôöé   onTimerPaused(elapsed: [32mnumber[37m): void {
          ÔòÁ                          [32m~~~~~~[0m


[31mX [41;31m[[41;97mERROR[41;31m][0m [1mTS1005: ';' expected.[0m [1m[35m[plugin angular-compiler][0m

    src/app/features/referee/referee-panel/referee-panel.ts:835:32:
[37m      835 Ôöé   onTimerPaused(elapsed: number)[32m:[37m void {
          ÔòÁ                                 [32m^[0m


[31mX [41;31m[[41;97mERROR[41;31m][0m [1mTS1005: ':' expected.[0m [1m[35m[plugin angular-compiler][0m

    src/app/features/referee/referee-panel/referee-panel.ts:839:8:
[37m      839 Ôöé     this[32m.[37msocket.emitTimerSync({
          ÔòÁ         [32m^[0m


[31mX [41;31m[[41;97mERROR[41;31m][0m [1mTS2532: Object is possibly 'undefined'.[0m [1m[35m[plugin angular-compiler][0m

    src/app/features/referee/referee-panel/referee-panel.ts:840:15:
[37m      840 Ôöé       matchId: [32mthis[37m.id(),
          ÔòÁ                [32m~~~~[0m


[31mX [41;31m[[41;97mERROR[41;31m][0m [1mTS18004: No value exists in scope for the shorthand property 'elapsed'. Either declare 
one or provide an initializer.[0m [1m[35m[plugin angular-compiler][0m

    src/app/features/referee/referee-panel/referee-panel.ts:841:6:
[37m      841 Ôöé       [32melapsed[37m,
          ÔòÁ       [32m~~~~~~~[0m


[31mX [41;31m[[41;97mERROR[41;31m][0m [1mTS1005: ',' expected.[0m [1m[35m[plugin angular-compiler][0m

    src/app/features/referee/referee-panel/referee-panel.ts:843:6:
[37m      843 Ôöé     })[32m;[37m
          ÔòÁ       [32m^[0m


[31mX [41;31m[[41;97mERROR[41;31m][0m [1mTS2304: Cannot find name 'onTimerFinished'.[0m [1m[35m[plugin angular-compiler][0m

    src/app/features/referee/referee-panel/referee-panel.ts:846:2:
[37m      846 Ôöé   [32monTimerFinished[37m(): void {
          ÔòÁ   [32m~~~~~~~~~~~~~~~[0m


[31mX [41;31m[[41;97mERROR[41;31m][0m [1mTS1005: ';' expected.[0m [1m[35m[plugin angular-compiler][0m

    src/app/features/referee/referee-panel/referee-panel.ts:846:19:
[37m      846 Ôöé   onTimerFinished()[32m:[37m void {
          ÔòÁ                    [32m^[0m


[31mX [41;31m[[41;97mERROR[41;31m][0m [1mTS1005: ':' expected.[0m [1m[35m[plugin angular-compiler][0m

    src/app/features/referee/referee-panel/referee-panel.ts:847:8:
[37m      847 Ôöé     this[32m.[37mref.onTimerExpired();
          ÔòÁ         [32m^[0m


[31mX [41;31m[[41;97mERROR[41;31m][0m [1mTS1005: ',' expected.[0m [1m[35m[plugin angular-compiler][0m

    src/app/features/referee/referee-panel/referee-panel.ts:847:29:
[37m      847 Ôöé     this.ref.onTimerExpired()[32m;[37m
          ÔòÁ                              [32m^[0m


[31mX [41;31m[[41;97mERROR[41;31m][0m [1mTS2304: Cannot find name 'toggleTimerMode'.[0m [1m[35m[plugin angular-compiler][0m

    src/app/features/referee/referee-panel/referee-panel.ts:850:2:
[37m      850 Ôöé   [32mtoggleTimerMode[37m(): void {
          ÔòÁ   [32m~~~~~~~~~~~~~~~[0m


[31mX [41;31m[[41;97mERROR[41;31m][0m [1mTS1005: ';' expected.[0m [1m[35m[plugin angular-compiler][0m

    src/app/features/referee/referee-panel/referee-panel.ts:850:19:
[37m      850 Ôöé   toggleTimerMode()[32m:[37m void {
          ÔòÁ                    [32m^[0m


[31mX [41;31m[[41;97mERROR[41;31m][0m [1mTS1005: ':' expected.[0m [1m[35m[plugin angular-compiler][0m

    src/app/features/referee/referee-panel/referee-panel.ts:851:10:
[37m      851 Ôöé     const [32mcurrent[37m = this.timerMode();
          ÔòÁ           [32m~~~~~~~[0m


[31mX [41;31m[[41;97mERROR[41;31m][0m [1mTS2304: Cannot find name 'current'.[0m [1m[35m[plugin angular-compiler][0m

    src/app/features/referee/referee-panel/referee-panel.ts:851:10:
[37m      851 Ôöé     const [32mcurrent[37m = this.timerMode();
          ÔòÁ           [32m~~~~~~~[0m


[31mX [41;31m[[41;97mERROR[41;31m][0m [1mTS2532: Object is possibly 'undefined'.[0m [1m[35m[plugin angular-compiler][0m

    src/app/features/referee/referee-panel/referee-panel.ts:851:20:
[37m      851 Ôöé     const current = [32mthis[37m.timerMode();
          ÔòÁ                     [32m~~~~[0m


[31mX [41;31m[[41;97mERROR[41;31m][0m [1mTS1005: ',' expected.[0m [1m[35m[plugin angular-compiler][0m

    src/app/features/referee/referee-panel/referee-panel.ts:851:36:
[37m      851 Ôöé     const current = this.timerMode()[32m;[37m
          ÔòÁ                                     [32m^[0m


[31mX [41;31m[[41;97mERROR[41;31m][0m [1mTS1005: ':' expected.[0m [1m[35m[plugin angular-compiler][0m

    src/app/features/referee/referee-panel/referee-panel.ts:852:8:
[37m      852 Ôöé     this[32m.[37mtimerMode.set(current === 'progressive' ? 'countdown' : ...
          ÔòÁ         [32m^[0m


[31mX [41;31m[[41;97mERROR[41;31m][0m [1mTS2304: Cannot find name 'current'.[0m [1m[35m[plugin angular-compiler][0m

    src/app/features/referee/referee-panel/referee-panel.ts:852:23:
[37m      852 Ôöé     this.timerMode.set([32mcurrent[37m === 'progressive' ? 'countdown' : ...
          ÔòÁ                        [32m~~~~~~~[0m


[31mX [41;31m[[41;97mERROR[41;31m][0m [1mTS1005: ',' expected.[0m [1m[35m[plugin angular-compiler][0m

    src/app/features/referee/referee-panel/referee-panel.ts:852:79:
[37m      852 Ôöé ...ode.set(current === 'progressive' ? 'countdown' : 'progressive')[32m;[37m
          ÔòÁ                                                                    [32m^[0m


[31mX [41;31m[[41;97mERROR[41;31m][0m [1mTS2304: Cannot find name 'toggleEventsLog'.[0m [1m[35m[plugin angular-compiler][0m

    src/app/features/referee/referee-panel/referee-panel.ts:855:2:
[37m      855 Ôöé   [32mtoggleEventsLog[37m(): void {
          ÔòÁ   [32m~~~~~~~~~~~~~~~[0m


[31mX [41;31m[[41;97mERROR[41;31m][0m [1mTS1005: ';' expected.[0m [1m[35m[plugin angular-compiler][0m

    src/app/features/referee/referee-panel/referee-panel.ts:855:19:
[37m      855 Ôöé   toggleEventsLog()[32m:[37m void {
          ÔòÁ                    [32m^[0m


[31mX [41;31m[[41;97mERROR[41;31m][0m [1mTS1005: ':' expected.[0m [1m[35m[plugin angular-compiler][0m

    src/app/features/referee/referee-panel/referee-panel.ts:856:8:
[37m      856 Ôöé     this[32m.[37mshowEventsLog.update((v) => !v);
          ÔòÁ         [32m^[0m


[31mX [41;31m[[41;97mERROR[41;31m][0m [1mTS7006: Parameter 'v' implicitly has an 'any' type.[0m [1m[35m[plugin 
angular-compiler][0m

    src/app/features/referee/referee-panel/referee-panel.ts:856:31:
[37m      856 Ôöé     this.showEventsLog.update(([32mv[37m) => !v);
          ÔòÁ                                [32m^[0m


[31mX [41;31m[[41;97mERROR[41;31m][0m [1mTS1005: ',' expected.[0m [1m[35m[plugin angular-compiler][0m

    src/app/features/referee/referee-panel/referee-panel.ts:856:40:
[37m      856 Ôöé     this.showEventsLog.update((v) => !v)[32m;[37m
          ÔòÁ                                         [32m^[0m


[31mX [41;31m[[41;97mERROR[41;31m][0m [1mTS2304: Cannot find name 'goBack'.[0m [1m[35m[plugin angular-compiler][0m

    src/app/features/referee/referee-panel/referee-panel.ts:861:2:
[37m      861 Ôöé   [32mgoBack[37m(): void {
          ÔòÁ   [32m~~~~~~[0m


[31mX [41;31m[[41;97mERROR[41;31m][0m [1mTS1005: ';' expected.[0m [1m[35m[plugin angular-compiler][0m

    src/app/features/referee/referee-panel/referee-panel.ts:861:10:
[37m      861 Ôöé   goBack()[32m:[37m void {
          ÔòÁ           [32m^[0m


[31mX [41;31m[[41;97mERROR[41;31m][0m [1mTS1005: ':' expected.[0m [1m[35m[plugin angular-compiler][0m

    src/app/features/referee/referee-panel/referee-panel.ts:862:8:
[37m      862 Ôöé     this[32m.[37mrouter.navigate(['/referee']);
          ÔòÁ         [32m^[0m


[31mX [41;31m[[41;97mERROR[41;31m][0m [1mTS1005: ',' expected.[0m [1m[35m[plugin angular-compiler][0m

    src/app/features/referee/referee-panel/referee-panel.ts:862:38:
[37m      862 Ôöé     this.router.navigate(['/referee'])[32m;[37m
          ÔòÁ                                       [32m^[0m


[31mX [41;31m[[41;97mERROR[41;31m][0m [1mTS1128: Declaration or statement expected.[0m [1m[35m[plugin angular-compiler][0m

    src/app/features/referee/referee-panel/referee-panel.ts:864:0:
[37m      864 Ôöé [32m}[37m
          ÔòÁ [32m^[0m


[31mX [41;31m[[41;97mERROR[41;31m][0m [1mUnexpected "."[0m

    src/app/features/referee/referee-panel/referee-panel.ts:630:10:
[37m      630 Ôöé     this: [32m.[37mrotation.restoreState(this.id()),
          ÔòÁ           [32m^[0m

[39m[22m
